<?xml version="1.0" encoding="ISO-8859-1" ?>
<link_info>
   <banner>TI ARM Linker Unix v20.2.7.LTS</banner>
   <copyright>Copyright (c) 1996-2018 Texas Instruments Incorporated</copyright>
   <link_time>0x697d2d1b</link_time>
   <link_errors>0x0</link_errors>
   <output_file>lab-3.out</output_file>
   <entry_point>
      <name>_c_int00_noargs</name>
      <address>0x20007185</address>
   </entry_point>
   <input_file_list>
      <input_file id="fl-1">
         <path>./</path>
         <kind>object</kind>
         <file>Adafruit_GFX.obj</file>
         <name>Adafruit_GFX.obj</name>
      </input_file>
      <input_file id="fl-2">
         <path>./</path>
         <kind>object</kind>
         <file>Adafruit_OLED.obj</file>
         <name>Adafruit_OLED.obj</name>
      </input_file>
      <input_file id="fl-3">
         <path>./</path>
         <kind>object</kind>
         <file>main.obj</file>
         <name>main.obj</name>
      </input_file>
      <input_file id="fl-4">
         <path>./</path>
         <kind>object</kind>
         <file>pin_mux_config.obj</file>
         <name>pin_mux_config.obj</name>
      </input_file>
      <input_file id="fl-5">
         <path>./</path>
         <kind>object</kind>
         <file>startup_ccs.obj</file>
         <name>startup_ccs.obj</name>
      </input_file>
      <input_file id="fl-6">
         <path>./</path>
         <kind>object</kind>
         <file>uart_if.obj</file>
         <name>uart_if.obj</name>
      </input_file>
      <input_file id="fl-b">
         <kind>object</kind>
         <file>&lt;internal&gt;</file>
         <name>&lt;internal&gt;</name>
      </input_file>
      <input_file id="fl-c">
         <path>/Applications/TI/lib/cc3200sdk_1.5.0/cc3200-sdk/driverlib/ccs/Release/</path>
         <kind>archive</kind>
         <file>driverlib.a</file>
         <name>gpio.obj</name>
      </input_file>
      <input_file id="fl-d">
         <path>/Applications/TI/lib/cc3200sdk_1.5.0/cc3200-sdk/driverlib/ccs/Release/</path>
         <kind>archive</kind>
         <file>driverlib.a</file>
         <name>interrupt.obj</name>
      </input_file>
      <input_file id="fl-e">
         <path>/Applications/TI/lib/cc3200sdk_1.5.0/cc3200-sdk/driverlib/ccs/Release/</path>
         <kind>archive</kind>
         <file>driverlib.a</file>
         <name>pin.obj</name>
      </input_file>
      <input_file id="fl-f">
         <path>/Applications/TI/lib/cc3200sdk_1.5.0/cc3200-sdk/driverlib/ccs/Release/</path>
         <kind>archive</kind>
         <file>driverlib.a</file>
         <name>prcm.obj</name>
      </input_file>
      <input_file id="fl-10">
         <path>/Applications/TI/lib/cc3200sdk_1.5.0/cc3200-sdk/driverlib/ccs/Release/</path>
         <kind>archive</kind>
         <file>driverlib.a</file>
         <name>spi.obj</name>
      </input_file>
      <input_file id="fl-11">
         <path>/Applications/TI/lib/cc3200sdk_1.5.0/cc3200-sdk/driverlib/ccs/Release/</path>
         <kind>archive</kind>
         <file>driverlib.a</file>
         <name>systick.obj</name>
      </input_file>
      <input_file id="fl-12">
         <path>/Applications/TI/lib/cc3200sdk_1.5.0/cc3200-sdk/driverlib/ccs/Release/</path>
         <kind>archive</kind>
         <file>driverlib.a</file>
         <name>uart.obj</name>
      </input_file>
      <input_file id="fl-13">
         <path>/Applications/TI/lib/cc3200sdk_1.5.0/cc3200-sdk/driverlib/ccs/Release/</path>
         <kind>archive</kind>
         <file>driverlib.a</file>
         <name>utils.obj</name>
      </input_file>
      <input_file id="fl-14">
         <path>/Applications/TI/lib/cc3200sdk_1.5.0/cc3200-sdk/driverlib/ccs/Release/</path>
         <kind>archive</kind>
         <file>driverlib.a</file>
         <name>cpu.obj</name>
      </input_file>
      <input_file id="fl-15">
         <path>/Applications/TI/lib/cc3200sdk_1.5.0/cc3200-sdk/driverlib/ccs/Release/</path>
         <kind>archive</kind>
         <file>driverlib.a</file>
         <name>flash.obj</name>
      </input_file>
      <input_file id="fl-cb">
         <path>/Applications/TI/ccs/tools/compiler/ti-cgt-arm_20.2.7.LTS/lib/</path>
         <kind>archive</kind>
         <file>rtsv7M4_T_le_eabi.lib</file>
         <name>vsnprintf.c.obj</name>
      </input_file>
      <input_file id="fl-cc">
         <path>/Applications/TI/ccs/tools/compiler/ti-cgt-arm_20.2.7.LTS/lib/</path>
         <kind>archive</kind>
         <file>rtsv7M4_T_le_eabi.lib</file>
         <name>ll_mul_t2.asm.obj</name>
      </input_file>
      <input_file id="fl-cd">
         <path>/Applications/TI/ccs/tools/compiler/ti-cgt-arm_20.2.7.LTS/lib/</path>
         <kind>archive</kind>
         <file>rtsv7M4_T_le_eabi.lib</file>
         <name>memcpy_t2.asm.obj</name>
      </input_file>
      <input_file id="fl-ce">
         <path>/Applications/TI/ccs/tools/compiler/ti-cgt-arm_20.2.7.LTS/lib/</path>
         <kind>archive</kind>
         <file>rtsv7M4_T_le_eabi.lib</file>
         <name>ull_div_t2.asm.obj</name>
      </input_file>
      <input_file id="fl-cf">
         <path>/Applications/TI/ccs/tools/compiler/ti-cgt-arm_20.2.7.LTS/lib/</path>
         <kind>archive</kind>
         <file>rtsv7M4_T_le_eabi.lib</file>
         <name>copy_zero_init.c.obj</name>
      </input_file>
      <input_file id="fl-d0">
         <path>/Applications/TI/ccs/tools/compiler/ti-cgt-arm_20.2.7.LTS/lib/</path>
         <kind>archive</kind>
         <file>rtsv7M4_T_le_eabi.lib</file>
         <name>copy_decompress_none.c.obj</name>
      </input_file>
      <input_file id="fl-d1">
         <path>/Applications/TI/ccs/tools/compiler/ti-cgt-arm_20.2.7.LTS/lib/</path>
         <kind>archive</kind>
         <file>rtsv7M4_T_le_eabi.lib</file>
         <name>copy_decompress_lzss.c.obj</name>
      </input_file>
      <input_file id="fl-d2">
         <path>/Applications/TI/ccs/tools/compiler/ti-cgt-arm_20.2.7.LTS/lib/</path>
         <kind>archive</kind>
         <file>rtsv7M4_T_le_eabi.lib</file>
         <name>memmov.c.obj</name>
      </input_file>
      <input_file id="fl-d3">
         <path>/Applications/TI/ccs/tools/compiler/ti-cgt-arm_20.2.7.LTS/lib/</path>
         <kind>archive</kind>
         <file>rtsv7M4_T_le_eabi.lib</file>
         <name>memory.c.obj</name>
      </input_file>
      <input_file id="fl-d4">
         <path>/Applications/TI/ccs/tools/compiler/ti-cgt-arm_20.2.7.LTS/lib/</path>
         <kind>archive</kind>
         <file>rtsv7M4_T_le_eabi.lib</file>
         <name>strlen.c.obj</name>
      </input_file>
      <input_file id="fl-d5">
         <path>/Applications/TI/ccs/tools/compiler/ti-cgt-arm_20.2.7.LTS/lib/</path>
         <kind>archive</kind>
         <file>rtsv7M4_T_le_eabi.lib</file>
         <name>boot_cortex_m.c.obj</name>
      </input_file>
      <input_file id="fl-d6">
         <path>/Applications/TI/ccs/tools/compiler/ti-cgt-arm_20.2.7.LTS/lib/</path>
         <kind>archive</kind>
         <file>rtsv7M4_T_le_eabi.lib</file>
         <name>_printfi.c.obj</name>
      </input_file>
      <input_file id="fl-d7">
         <path>/Applications/TI/ccs/tools/compiler/ti-cgt-arm_20.2.7.LTS/lib/</path>
         <kind>archive</kind>
         <file>rtsv7M4_T_le_eabi.lib</file>
         <name>div0.asm.obj</name>
      </input_file>
      <input_file id="fl-d8">
         <path>/Applications/TI/ccs/tools/compiler/ti-cgt-arm_20.2.7.LTS/lib/</path>
         <kind>archive</kind>
         <file>rtsv7M4_T_le_eabi.lib</file>
         <name>fd_add_t2.asm.obj</name>
      </input_file>
      <input_file id="fl-d9">
         <path>/Applications/TI/ccs/tools/compiler/ti-cgt-arm_20.2.7.LTS/lib/</path>
         <kind>archive</kind>
         <file>rtsv7M4_T_le_eabi.lib</file>
         <name>fd_cmp_t2.asm.obj</name>
      </input_file>
      <input_file id="fl-da">
         <path>/Applications/TI/ccs/tools/compiler/ti-cgt-arm_20.2.7.LTS/lib/</path>
         <kind>archive</kind>
         <file>rtsv7M4_T_le_eabi.lib</file>
         <name>fd_div_t2.asm.obj</name>
      </input_file>
      <input_file id="fl-db">
         <path>/Applications/TI/ccs/tools/compiler/ti-cgt-arm_20.2.7.LTS/lib/</path>
         <kind>archive</kind>
         <file>rtsv7M4_T_le_eabi.lib</file>
         <name>fd_mul_t2.asm.obj</name>
      </input_file>
      <input_file id="fl-dc">
         <path>/Applications/TI/ccs/tools/compiler/ti-cgt-arm_20.2.7.LTS/lib/</path>
         <kind>archive</kind>
         <file>rtsv7M4_T_le_eabi.lib</file>
         <name>fd_toi_t2.asm.obj</name>
      </input_file>
      <input_file id="fl-dd">
         <path>/Applications/TI/ccs/tools/compiler/ti-cgt-arm_20.2.7.LTS/lib/</path>
         <kind>archive</kind>
         <file>rtsv7M4_T_le_eabi.lib</file>
         <name>i_tofd_t2.asm.obj</name>
      </input_file>
      <input_file id="fl-de">
         <path>/Applications/TI/ccs/tools/compiler/ti-cgt-arm_20.2.7.LTS/lib/</path>
         <kind>archive</kind>
         <file>rtsv7M4_T_le_eabi.lib</file>
         <name>memset_t2.asm.obj</name>
      </input_file>
      <input_file id="fl-df">
         <path>/Applications/TI/ccs/tools/compiler/ti-cgt-arm_20.2.7.LTS/lib/</path>
         <kind>archive</kind>
         <file>rtsv7M4_T_le_eabi.lib</file>
         <name>autoinit.c.obj</name>
      </input_file>
      <input_file id="fl-e0">
         <path>/Applications/TI/ccs/tools/compiler/ti-cgt-arm_20.2.7.LTS/lib/</path>
         <kind>archive</kind>
         <file>rtsv7M4_T_le_eabi.lib</file>
         <name>pre_init.c.obj</name>
      </input_file>
      <input_file id="fl-e1">
         <path>/Applications/TI/ccs/tools/compiler/ti-cgt-arm_20.2.7.LTS/lib/</path>
         <kind>archive</kind>
         <file>rtsv7M4_T_le_eabi.lib</file>
         <name>cpy_tbl.c.obj</name>
      </input_file>
      <input_file id="fl-e2">
         <path>/Applications/TI/ccs/tools/compiler/ti-cgt-arm_20.2.7.LTS/lib/</path>
         <kind>archive</kind>
         <file>rtsv7M4_T_le_eabi.lib</file>
         <name>exit.c.obj</name>
      </input_file>
      <input_file id="fl-e3">
         <path>/Applications/TI/ccs/tools/compiler/ti-cgt-arm_20.2.7.LTS/lib/</path>
         <kind>archive</kind>
         <file>rtsv7M4_T_le_eabi.lib</file>
         <name>_lock.c.obj</name>
      </input_file>
      <input_file id="fl-e4">
         <path>/Applications/TI/ccs/tools/compiler/ti-cgt-arm_20.2.7.LTS/lib/</path>
         <kind>archive</kind>
         <file>rtsv7M4_T_le_eabi.lib</file>
         <name>_ltoa.c.obj</name>
      </input_file>
      <input_file id="fl-e5">
         <path>/Applications/TI/ccs/tools/compiler/ti-cgt-arm_20.2.7.LTS/lib/</path>
         <kind>archive</kind>
         <file>rtsv7M4_T_le_eabi.lib</file>
         <name>args_main.c.obj</name>
      </input_file>
      <input_file id="fl-e6">
         <path>/Applications/TI/ccs/tools/compiler/ti-cgt-arm_20.2.7.LTS/lib/</path>
         <kind>archive</kind>
         <file>rtsv7M4_T_le_eabi.lib</file>
         <name>atoi.c.obj</name>
      </input_file>
      <input_file id="fl-e7">
         <path>/Applications/TI/ccs/tools/compiler/ti-cgt-arm_20.2.7.LTS/lib/</path>
         <kind>archive</kind>
         <file>rtsv7M4_T_le_eabi.lib</file>
         <name>ctype.c.obj</name>
      </input_file>
      <input_file id="fl-e8">
         <path>/Applications/TI/ccs/tools/compiler/ti-cgt-arm_20.2.7.LTS/lib/</path>
         <kind>archive</kind>
         <file>rtsv7M4_T_le_eabi.lib</file>
         <name>memccpy.c.obj</name>
      </input_file>
      <input_file id="fl-e9">
         <path>/Applications/TI/ccs/tools/compiler/ti-cgt-arm_20.2.7.LTS/lib/</path>
         <kind>archive</kind>
         <file>rtsv7M4_T_le_eabi.lib</file>
         <name>strchr.c.obj</name>
      </input_file>
      <input_file id="fl-ea">
         <path>/Applications/TI/ccs/tools/compiler/ti-cgt-arm_20.2.7.LTS/lib/</path>
         <kind>archive</kind>
         <file>rtsv7M4_T_le_eabi.lib</file>
         <name>errno.c.obj</name>
      </input_file>
      <input_file id="fl-eb">
         <path>/Applications/TI/ccs/tools/compiler/ti-cgt-arm_20.2.7.LTS/lib/</path>
         <kind>archive</kind>
         <file>rtsv7M4_T_le_eabi.lib</file>
         <name>wcslen.c.obj</name>
      </input_file>
      <input_file id="fl-ec">
         <path>/Applications/TI/ccs/tools/compiler/ti-cgt-arm_20.2.7.LTS/lib/</path>
         <kind>archive</kind>
         <file>rtsv7M4_T_le_eabi.lib</file>
         <name>s_frexp.c.obj</name>
      </input_file>
      <input_file id="fl-ed">
         <path>/Applications/TI/ccs/tools/compiler/ti-cgt-arm_20.2.7.LTS/lib/</path>
         <kind>archive</kind>
         <file>rtsv7M4_T_le_eabi.lib</file>
         <name>s_scalbn.c.obj</name>
      </input_file>
      <input_file id="fl-ee">
         <path>/Applications/TI/ccs/tools/compiler/ti-cgt-arm_20.2.7.LTS/lib/</path>
         <kind>archive</kind>
         <file>rtsv7M4_T_le_eabi.lib</file>
         <name>s_copysign.c.obj</name>
      </input_file>
   </input_file_list>
   <object_component_list>
      <object_component id="oc-12">
         <name>.intvecs</name>
         <load_address>0x20004000</load_address>
         <run_address>0x20004000</run_address>
         <size>0x400</size>
         <input_file_ref idref="fl-5"/>
      </object_component>
      <object_component id="oc-282">
         <name>.text:__TI_printfi</name>
         <load_address>0x20004400</load_address>
         <run_address>0x20004400</run_address>
         <size>0xa4e</size>
         <input_file_ref idref="fl-d6"/>
      </object_component>
      <object_component id="oc-2e4">
         <name>.text:_nop</name>
         <load_address>0x20004e4e</load_address>
         <run_address>0x20004e4e</run_address>
         <size>0x2</size>
         <input_file_ref idref="fl-e3"/>
      </object_component>
      <object_component id="oc-97">
         <name>.text</name>
         <load_address>0x20004e50</load_address>
         <run_address>0x20004e50</run_address>
         <size>0x30c</size>
         <input_file_ref idref="fl-3"/>
      </object_component>
      <object_component id="oc-123">
         <name>.text</name>
         <load_address>0x2000515c</load_address>
         <run_address>0x2000515c</run_address>
         <size>0x27c</size>
         <input_file_ref idref="fl-6"/>
      </object_component>
      <object_component id="oc-333">
         <name>.text:_pconv_a</name>
         <load_address>0x200053d8</load_address>
         <run_address>0x200053d8</run_address>
         <size>0x268</size>
         <input_file_ref idref="fl-d6"/>
      </object_component>
      <object_component id="oc-321">
         <name>.text:_pconv_g</name>
         <load_address>0x20005640</load_address>
         <run_address>0x20005640</run_address>
         <size>0x1cc</size>
         <input_file_ref idref="fl-d6"/>
      </object_component>
      <object_component id="oc-3a0">
         <name>.text</name>
         <load_address>0x2000580c</load_address>
         <run_address>0x2000580c</run_address>
         <size>0x1b6</size>
         <input_file_ref idref="fl-d8"/>
      </object_component>
      <object_component id="oc-1ad">
         <name>.text</name>
         <load_address>0x200059c2</load_address>
         <run_address>0x200059c2</run_address>
         <size>0x2</size>
         <input_file_ref idref="fl-d7"/>
      </object_component>
      <object_component id="oc-d7">
         <name>.text:PRCMCC3200MCUInit</name>
         <load_address>0x200059c4</load_address>
         <run_address>0x200059c4</run_address>
         <size>0x178</size>
         <input_file_ref idref="fl-f"/>
      </object_component>
      <object_component id="oc-32d">
         <name>.text:_pconv_e</name>
         <load_address>0x20005b3c</load_address>
         <run_address>0x20005b3c</run_address>
         <size>0x13c</size>
         <input_file_ref idref="fl-d6"/>
      </object_component>
      <object_component id="oc-386">
         <name>.text</name>
         <load_address>0x20005c78</load_address>
         <run_address>0x20005c78</run_address>
         <size>0x136</size>
         <input_file_ref idref="fl-da"/>
      </object_component>
      <object_component id="oc-3b2">
         <name>.text:fcvt</name>
         <load_address>0x20005db0</load_address>
         <run_address>0x20005db0</run_address>
         <size>0x120</size>
         <input_file_ref idref="fl-d6"/>
      </object_component>
      <object_component id="oc-129">
         <name>.text</name>
         <load_address>0x20005ed0</load_address>
         <run_address>0x20005ed0</run_address>
         <size>0x120</size>
         <input_file_ref idref="fl-4"/>
      </object_component>
      <object_component id="oc-2a6">
         <name>.text:aligned_alloc</name>
         <load_address>0x20005ff0</load_address>
         <run_address>0x20005ff0</run_address>
         <size>0x100</size>
         <input_file_ref idref="fl-d3"/>
      </object_component>
      <object_component id="oc-381">
         <name>.text</name>
         <load_address>0x200060f0</load_address>
         <run_address>0x200060f0</run_address>
         <size>0xfc</size>
         <input_file_ref idref="fl-db"/>
      </object_component>
      <object_component id="oc-205">
         <name>.text:free</name>
         <load_address>0x200061ec</load_address>
         <run_address>0x200061ec</run_address>
         <size>0xe4</size>
         <input_file_ref idref="fl-d3"/>
      </object_component>
      <object_component id="oc-1ff">
         <name>.text:realloc</name>
         <load_address>0x200062d0</load_address>
         <run_address>0x200062d0</run_address>
         <size>0xe4</size>
         <input_file_ref idref="fl-d3"/>
      </object_component>
      <object_component id="oc-3c6">
         <name>.text:scalbn</name>
         <load_address>0x200063b4</load_address>
         <run_address>0x200063b4</run_address>
         <size>0xd0</size>
         <input_file_ref idref="fl-ed"/>
      </object_component>
      <object_component id="oc-316">
         <name>.text:_ltostr</name>
         <load_address>0x20006484</load_address>
         <run_address>0x20006484</run_address>
         <size>0xb1</size>
         <input_file_ref idref="fl-d6"/>
      </object_component>
      <object_component id="oc-d1">
         <name>.text:IntEnable</name>
         <load_address>0x20006538</load_address>
         <run_address>0x20006538</run_address>
         <size>0xa8</size>
         <input_file_ref idref="fl-d"/>
      </object_component>
      <object_component id="oc-3d">
         <name>.text</name>
         <load_address>0x200065e0</load_address>
         <run_address>0x200065e0</run_address>
         <size>0x9c</size>
         <input_file_ref idref="fl-cd"/>
      </object_component>
      <object_component id="oc-ef">
         <name>.text</name>
         <load_address>0x2000667c</load_address>
         <run_address>0x2000667c</run_address>
         <size>0x96</size>
         <input_file_ref idref="fl-ce"/>
      </object_component>
      <object_component id="oc-1c9">
         <name>.text:PRCMPeripheralClockGet</name>
         <load_address>0x20006714</load_address>
         <run_address>0x20006714</run_address>
         <size>0x94</size>
         <input_file_ref idref="fl-f"/>
      </object_component>
      <object_component id="oc-2d8">
         <name>.text:PinConfigSet</name>
         <load_address>0x200067a8</load_address>
         <run_address>0x200067a8</run_address>
         <size>0x88</size>
         <input_file_ref idref="fl-e"/>
      </object_component>
      <object_component id="oc-31c">
         <name>.text:__aeabi_cdcmple</name>
         <load_address>0x20006830</load_address>
         <run_address>0x20006830</run_address>
         <size>0x86</size>
         <input_file_ref idref="fl-d9"/>
      </object_component>
      <object_component id="oc-38b">
         <name>.text:__aeabi_cdrcmple</name>
         <load_address>0x200068b6</load_address>
         <run_address>0x200068b6</run_address>
         <size>0x86</size>
         <input_file_ref idref="fl-d9"/>
      </object_component>
      <object_component id="oc-117">
         <name>.text:GPIOIntTypeSet</name>
         <load_address>0x2000693c</load_address>
         <run_address>0x2000693c</run_address>
         <size>0x82</size>
         <input_file_ref idref="fl-c"/>
      </object_component>
      <object_component id="oc-8b">
         <name>.text</name>
         <load_address>0x200069be</load_address>
         <run_address>0x200069be</run_address>
         <size>0x7a</size>
         <input_file_ref idref="fl-de"/>
      </object_component>
      <object_component id="oc-1cf">
         <name>.text:UARTConfigSetExpClk</name>
         <load_address>0x20006a38</load_address>
         <run_address>0x20006a38</run_address>
         <size>0x76</size>
         <input_file_ref idref="fl-12"/>
      </object_component>
      <object_component id="oc-2b3">
         <name>.text:split</name>
         <load_address>0x20006ab0</load_address>
         <run_address>0x20006ab0</run_address>
         <size>0x70</size>
         <input_file_ref idref="fl-d3"/>
      </object_component>
      <object_component id="oc-3ab">
         <name>.text:_mcpy</name>
         <load_address>0x20006b20</load_address>
         <run_address>0x20006b20</run_address>
         <size>0x6e</size>
         <input_file_ref idref="fl-d6"/>
      </object_component>
      <object_component id="oc-15">
         <name>.text:decompress:lzss:__TI_decompress_lzss</name>
         <load_address>0x20006b8e</load_address>
         <run_address>0x20006b8e</run_address>
         <size>0x68</size>
         <input_file_ref idref="fl-d1"/>
      </object_component>
      <object_component id="oc-3c0">
         <name>.text:frexp</name>
         <load_address>0x20006bf8</load_address>
         <run_address>0x20006bf8</run_address>
         <size>0x5c</size>
         <input_file_ref idref="fl-ec"/>
      </object_component>
      <object_component id="oc-19d">
         <name>.text:PRCMPeripheralReset</name>
         <load_address>0x20006c54</load_address>
         <run_address>0x20006c54</run_address>
         <size>0x58</size>
         <input_file_ref idref="fl-f"/>
      </object_component>
      <object_component id="oc-327">
         <name>.text:_pconv_f</name>
         <load_address>0x20006cac</load_address>
         <run_address>0x20006cac</run_address>
         <size>0x56</size>
         <input_file_ref idref="fl-d6"/>
      </object_component>
      <object_component id="oc-395">
         <name>.text:__TI_ltoa</name>
         <load_address>0x20006d02</load_address>
         <run_address>0x20006d02</run_address>
         <size>0x54</size>
         <input_file_ref idref="fl-e4"/>
      </object_component>
      <object_component id="oc-3a5">
         <name>.text:_ecpy</name>
         <load_address>0x20006d56</load_address>
         <run_address>0x20006d56</run_address>
         <size>0x52</size>
         <input_file_ref idref="fl-d6"/>
      </object_component>
      <object_component id="oc-310">
         <name>.text:atoi</name>
         <load_address>0x20006da8</load_address>
         <run_address>0x20006da8</run_address>
         <size>0x4c</size>
         <input_file_ref idref="fl-e6"/>
      </object_component>
      <object_component id="oc-1bf">
         <name>.text:GPIOGetIntNumber</name>
         <load_address>0x20006df4</load_address>
         <run_address>0x20006df4</run_address>
         <size>0x48</size>
         <input_file_ref idref="fl-c"/>
      </object_component>
      <object_component id="oc-390">
         <name>.text</name>
         <load_address>0x20006e3c</load_address>
         <run_address>0x20006e3c</run_address>
         <size>0x48</size>
         <input_file_ref idref="fl-dc"/>
      </object_component>
      <object_component id="oc-142">
         <name>.text:__TI_auto_init_nobinit_nopinit:__TI_auto_init_nobinit_nopinit</name>
         <load_address>0x20006e84</load_address>
         <run_address>0x20006e84</run_address>
         <size>0x44</size>
         <input_file_ref idref="fl-df"/>
      </object_component>
      <object_component id="oc-21a">
         <name>.text:PinModeSet</name>
         <load_address>0x20006ec8</load_address>
         <run_address>0x20006ec8</run_address>
         <size>0x40</size>
         <input_file_ref idref="fl-e"/>
      </object_component>
      <object_component id="oc-1db">
         <name>.text:vsnprintf</name>
         <load_address>0x20006f08</load_address>
         <run_address>0x20006f08</run_address>
         <size>0x40</size>
         <input_file_ref idref="fl-cb"/>
      </object_component>
      <object_component id="oc-3b8">
         <name>.text:_fcpy</name>
         <load_address>0x20006f48</load_address>
         <run_address>0x20006f48</run_address>
         <size>0x3e</size>
         <input_file_ref idref="fl-d6"/>
      </object_component>
      <object_component id="oc-197">
         <name>.text:PRCMPeripheralClkEnable</name>
         <load_address>0x20006f88</load_address>
         <run_address>0x20006f88</run_address>
         <size>0x3c</size>
         <input_file_ref idref="fl-f"/>
      </object_component>
      <object_component id="oc-226">
         <name>.text:GPIODirModeSet</name>
         <load_address>0x20006fc4</load_address>
         <run_address>0x20006fc4</run_address>
         <size>0x36</size>
         <input_file_ref idref="fl-c"/>
      </object_component>
      <object_component id="oc-220">
         <name>.text:PinTypeGPIO</name>
         <load_address>0x20006ffa</load_address>
         <run_address>0x20006ffa</run_address>
         <size>0x30</size>
         <input_file_ref idref="fl-e"/>
      </object_component>
      <object_component id="oc-274">
         <name>.text:UARTDisable</name>
         <load_address>0x2000702c</load_address>
         <run_address>0x2000702c</run_address>
         <size>0x30</size>
         <input_file_ref idref="fl-12"/>
      </object_component>
      <object_component id="oc-288">
         <name>.text:_outs</name>
         <load_address>0x2000705c</load_address>
         <run_address>0x2000705c</run_address>
         <size>0x30</size>
         <input_file_ref idref="fl-cb"/>
      </object_component>
      <object_component id="oc-39b">
         <name>.text</name>
         <load_address>0x2000708c</load_address>
         <run_address>0x2000708c</run_address>
         <size>0x2e</size>
         <input_file_ref idref="fl-dd"/>
      </object_component>
      <object_component id="oc-185">
         <name>.text:PRCMSysResetCauseGet</name>
         <load_address>0x200070bc</load_address>
         <run_address>0x200070bc</run_address>
         <size>0x2c</size>
         <input_file_ref idref="fl-f"/>
      </object_component>
      <object_component id="oc-1a3">
         <name>.text:PRCMPeripheralClkDisable</name>
         <load_address>0x200070e8</load_address>
         <run_address>0x200070e8</run_address>
         <size>0x28</size>
         <input_file_ref idref="fl-f"/>
      </object_component>
      <object_component id="oc-2ba">
         <name>.text:free_list_insert</name>
         <load_address>0x20007110</load_address>
         <run_address>0x20007110</run_address>
         <size>0x28</size>
         <input_file_ref idref="fl-d3"/>
      </object_component>
      <object_component id="oc-1f3">
         <name>.text:memmove</name>
         <load_address>0x20007138</load_address>
         <run_address>0x20007138</run_address>
         <size>0x28</size>
         <input_file_ref idref="fl-d2"/>
      </object_component>
      <object_component id="oc-27a">
         <name>.text:UARTEnable</name>
         <load_address>0x20007160</load_address>
         <run_address>0x20007160</run_address>
         <size>0x24</size>
         <input_file_ref idref="fl-12"/>
      </object_component>
      <object_component id="oc-5b">
         <name>.text:_c_int00_noargs:_c_int00_noargs</name>
         <load_address>0x20007184</load_address>
         <run_address>0x20007184</run_address>
         <size>0x24</size>
         <input_file_ref idref="fl-d5"/>
      </object_component>
      <object_component id="oc-dd">
         <name>.text:GPIOIntStatus</name>
         <load_address>0x200071a8</load_address>
         <run_address>0x200071a8</run_address>
         <size>0x22</size>
         <input_file_ref idref="fl-c"/>
      </object_component>
      <object_component id="oc-1b5">
         <name>.text:IntRegister</name>
         <load_address>0x200071cc</load_address>
         <run_address>0x200071cc</run_address>
         <size>0x20</size>
         <input_file_ref idref="fl-d"/>
      </object_component>
      <object_component id="oc-111">
         <name>.text:GPIOIntRegister</name>
         <load_address>0x200071ec</load_address>
         <run_address>0x200071ec</run_address>
         <size>0x1e</size>
         <input_file_ref idref="fl-c"/>
      </object_component>
      <object_component id="oc-1d5">
         <name>.text:UARTCharPut</name>
         <load_address>0x2000720a</load_address>
         <run_address>0x2000720a</run_address>
         <size>0x1e</size>
         <input_file_ref idref="fl-12"/>
      </object_component>
      <object_component id="oc-ff">
         <name>.text:SysTickIntRegister</name>
         <load_address>0x20007228</load_address>
         <run_address>0x20007228</run_address>
         <size>0x1c</size>
         <input_file_ref idref="fl-11"/>
      </object_component>
      <object_component id="oc-1e7">
         <name>.text:UARTCharGetNonBlocking</name>
         <load_address>0x20007244</load_address>
         <run_address>0x20007244</run_address>
         <size>0x1c</size>
         <input_file_ref idref="fl-12"/>
      </object_component>
      <object_component id="oc-49">
         <name>.text:decompress:ZI:__TI_zero_init_nomemset:__TI_zero_init_nomemset</name>
         <load_address>0x20007260</load_address>
         <run_address>0x20007260</run_address>
         <size>0x1c</size>
         <input_file_ref idref="fl-cf"/>
      </object_component>
      <object_component id="oc-2ad">
         <name>.text:free_list_remove</name>
         <load_address>0x2000727c</load_address>
         <run_address>0x2000727c</run_address>
         <size>0x1c</size>
         <input_file_ref idref="fl-d3"/>
      </object_component>
      <object_component id="oc-339">
         <name>.text:memccpy</name>
         <load_address>0x20007298</load_address>
         <run_address>0x20007298</run_address>
         <size>0x1c</size>
         <input_file_ref idref="fl-e8"/>
      </object_component>
      <object_component id="oc-11d">
         <name>.text:GPIOIntEnable</name>
         <load_address>0x200072b4</load_address>
         <run_address>0x200072b4</run_address>
         <size>0x1a</size>
         <input_file_ref idref="fl-c"/>
      </object_component>
      <object_component id="oc-22c">
         <name>.text:PinTypeSPI</name>
         <load_address>0x200072ce</load_address>
         <run_address>0x200072ce</run_address>
         <size>0x1a</size>
         <input_file_ref idref="fl-e"/>
      </object_component>
      <object_component id="oc-232">
         <name>.text:PinTypeUART</name>
         <load_address>0x200072e8</load_address>
         <run_address>0x200072e8</run_address>
         <size>0x1a</size>
         <input_file_ref idref="fl-e"/>
      </object_component>
      <object_component id="oc-f9">
         <name>.text:SysTickPeriodSet</name>
         <load_address>0x20007304</load_address>
         <run_address>0x20007304</run_address>
         <size>0x18</size>
         <input_file_ref idref="fl-11"/>
      </object_component>
      <object_component id="oc-1e1">
         <name>.text:UARTCharsAvail</name>
         <load_address>0x2000731c</load_address>
         <run_address>0x2000731c</run_address>
         <size>0x18</size>
         <input_file_ref idref="fl-12"/>
      </object_component>
      <object_component id="oc-28e">
         <name>.text:_outc</name>
         <load_address>0x20007334</load_address>
         <run_address>0x20007334</run_address>
         <size>0x18</size>
         <input_file_ref idref="fl-cb"/>
      </object_component>
      <object_component id="oc-f4">
         <name>.text</name>
         <load_address>0x2000734c</load_address>
         <run_address>0x2000734c</run_address>
         <size>0x18</size>
         <input_file_ref idref="fl-cc"/>
      </object_component>
      <object_component id="oc-18b">
         <name>.text:PRCMHIBRegRead</name>
         <load_address>0x20007364</load_address>
         <run_address>0x20007364</run_address>
         <size>0x16</size>
         <input_file_ref idref="fl-f"/>
      </object_component>
      <object_component id="oc-191">
         <name>.text:PRCMHIBRegWrite</name>
         <load_address>0x2000737a</load_address>
         <run_address>0x2000737a</run_address>
         <size>0x16</size>
         <input_file_ref idref="fl-f"/>
      </object_component>
      <object_component id="oc-3cc">
         <name>.text:strchr</name>
         <load_address>0x20007390</load_address>
         <run_address>0x20007390</run_address>
         <size>0x16</size>
         <input_file_ref idref="fl-e9"/>
      </object_component>
      <object_component id="oc-175">
         <name>.text:CPUcpsie</name>
         <load_address>0x200073a6</load_address>
         <run_address>0x200073a6</run_address>
         <size>0x14</size>
         <input_file_ref idref="fl-14"/>
      </object_component>
      <object_component id="oc-e3">
         <name>.text:GPIOIntClear</name>
         <load_address>0x200073ba</load_address>
         <run_address>0x200073ba</run_address>
         <size>0x14</size>
         <input_file_ref idref="fl-c"/>
      </object_component>
      <object_component id="oc-c5">
         <name>.text:IntVTableBaseSet</name>
         <load_address>0x200073d0</load_address>
         <run_address>0x200073d0</run_address>
         <size>0x14</size>
         <input_file_ref idref="fl-d"/>
      </object_component>
      <object_component id="oc-1ed">
         <name>.text:strlen</name>
         <load_address>0x200073e4</load_address>
         <run_address>0x200073e4</run_address>
         <size>0x14</size>
         <input_file_ref idref="fl-d4"/>
      </object_component>
      <object_component id="oc-33f">
         <name>.text:wcslen</name>
         <load_address>0x200073f8</load_address>
         <run_address>0x200073f8</run_address>
         <size>0x12</size>
         <input_file_ref idref="fl-eb"/>
      </object_component>
      <object_component id="oc-10b">
         <name>.text:SysTickEnable</name>
         <load_address>0x2000740c</load_address>
         <run_address>0x2000740c</run_address>
         <size>0x10</size>
         <input_file_ref idref="fl-11"/>
      </object_component>
      <object_component id="oc-105">
         <name>.text:SysTickIntEnable</name>
         <load_address>0x2000741c</load_address>
         <run_address>0x2000741c</run_address>
         <size>0x10</size>
         <input_file_ref idref="fl-11"/>
      </object_component>
      <object_component id="oc-1b">
         <name>.text:decompress:none:__TI_decompress_none</name>
         <load_address>0x2000742c</load_address>
         <run_address>0x2000742c</run_address>
         <size>0xe</size>
         <input_file_ref idref="fl-d0"/>
      </object_component>
      <object_component id="oc-29">
         <name>.text</name>
         <load_address>0x2000743a</load_address>
         <run_address>0x2000743a</run_address>
         <size>0xe</size>
         <input_file_ref idref="fl-5"/>
      </object_component>
      <object_component id="oc-e9">
         <name>.text:SysTickValueGet</name>
         <load_address>0x20007448</load_address>
         <run_address>0x20007448</run_address>
         <size>0xc</size>
         <input_file_ref idref="fl-11"/>
      </object_component>
      <object_component id="oc-40b">
         <name>.text:copysign</name>
         <load_address>0x20007454</load_address>
         <run_address>0x20007454</run_address>
         <size>0xc</size>
         <input_file_ref idref="fl-ee"/>
      </object_component>
      <object_component id="oc-cb">
         <name>.text:IntMasterEnable</name>
         <load_address>0x20007460</load_address>
         <run_address>0x20007460</run_address>
         <size>0xa</size>
         <input_file_ref idref="fl-d"/>
      </object_component>
      <object_component id="oc-345">
         <name>.text:__aeabi_errno_addr</name>
         <load_address>0x2000746c</load_address>
         <run_address>0x2000746c</run_address>
         <size>0x8</size>
         <input_file_ref idref="fl-ea"/>
      </object_component>
      <object_component id="oc-1f9">
         <name>.text:malloc</name>
         <load_address>0x20007474</load_address>
         <run_address>0x20007474</run_address>
         <size>0x8</size>
         <input_file_ref idref="fl-d3"/>
      </object_component>
      <object_component id="oc-262">
         <name>.text:UtilsDelay</name>
         <load_address>0x2000747c</load_address>
         <run_address>0x2000747c</run_address>
         <size>0x6</size>
         <input_file_ref idref="fl-13"/>
      </object_component>
      <object_component id="oc-91">
         <name>.text:_system_pre_init</name>
         <load_address>0x20007482</load_address>
         <run_address>0x20007482</run_address>
         <size>0x4</size>
         <input_file_ref idref="fl-e0"/>
      </object_component>
      <object_component id="oc-136">
         <name>.text:abort:abort</name>
         <load_address>0x20007486</load_address>
         <run_address>0x20007486</run_address>
         <size>0x4</size>
         <input_file_ref idref="fl-e2"/>
      </object_component>
      <object_component id="oc-37a">
         <name>.const:.string:_ctypes_</name>
         <load_address>0x2000748c</load_address>
         <run_address>0x2000748c</run_address>
         <size>0x101</size>
         <input_file_ref idref="fl-e7"/>
      </object_component>
      <object_component id="oc-2d4">
         <name>.const:g_ulPinToPadMap</name>
         <load_address>0x20007590</load_address>
         <run_address>0x20007590</run_address>
         <size>0x100</size>
         <input_file_ref idref="fl-e"/>
      </object_component>
      <object_component id="oc-265">
         <name>.const:PRCM_PeriphRegsList</name>
         <load_address>0x20007690</load_address>
         <run_address>0x20007690</run_address>
         <size>0xa8</size>
         <input_file_ref idref="fl-f"/>
      </object_component>
      <object_component id="oc-181">
         <name>.const:g_pulEnRegs</name>
         <load_address>0x20007738</load_address>
         <run_address>0x20007738</run_address>
         <size>0x18</size>
         <input_file_ref idref="fl-d"/>
      </object_component>
      <object_component id="oc-462">
         <name>.cinit..data.load</name>
         <load_address>0x20007750</load_address>
         <run_address>0x20007750</run_address>
         <size>0x10</size>
      </object_component>
      <object_component id="oc-460">
         <name>__TI_handler_table</name>
         <load_address>0x20007760</load_address>
         <run_address>0x20007760</run_address>
         <size>0xc</size>
      </object_component>
      <object_component id="oc-463">
         <name>.cinit..bss.load</name>
         <load_address>0x20007770</load_address>
         <run_address>0x20007770</run_address>
         <size>0x8</size>
      </object_component>
      <object_component id="oc-461">
         <name>__TI_cinit_table</name>
         <load_address>0x20007778</load_address>
         <run_address>0x20007778</run_address>
         <size>0x10</size>
      </object_component>
      <object_component id="oc-12f">
         <name>.data</name>
         <load_address>0x20017994</load_address>
         <run_address>0x20017994</run_address>
         <size>0xc</size>
         <input_file_ref idref="fl-3"/>
      </object_component>
      <object_component id="oc-35f">
         <name>.data:$O1$$</name>
         <load_address>0x200179a8</load_address>
         <run_address>0x200179a8</run_address>
         <size>0x8</size>
         <input_file_ref idref="fl-d3"/>
      </object_component>
      <object_component id="oc-241">
         <name>.data:$O1$$</name>
         <load_address>0x200179a0</load_address>
         <run_address>0x200179a0</run_address>
         <size>0x8</size>
         <input_file_ref idref="fl-e3"/>
      </object_component>
      <object_component id="oc-3dc">
         <name>.data</name>
         <load_address>0x200179b0</load_address>
         <run_address>0x200179b0</run_address>
         <size>0x4</size>
         <input_file_ref idref="fl-ea"/>
      </object_component>
      <object_component id="oc-20b">
         <name>.bss</name>
         <uninitialized>true</uninitialized>
         <run_address>0x20017990</run_address>
         <size>0x4</size>
         <input_file_ref idref="fl-6"/>
      </object_component>
      <object_component id="oc-132">
         <name>.common:g_pulseWidths</name>
         <uninitialized>true</uninitialized>
         <run_address>0x20017800</run_address>
         <size>0x190</size>
      </object_component>
      <object_component id="oc-23">
         <name>.sysmem</name>
         <uninitialized>true</uninitialized>
         <run_address>0x20017000</run_address>
         <size>0x10</size>
         <input_file_ref idref="fl-d3"/>
      </object_component>
      <object_component id="oc-466">
         <name>.sysmem</name>
         <uninitialized>true</uninitialized>
         <run_address>0x20017000</run_address>
         <size>0x0</size>
      </object_component>
      <object_component id="oc-26">
         <name>.stack</name>
         <uninitialized>true</uninitialized>
         <run_address>0x2002f800</run_address>
         <size>0x4</size>
         <input_file_ref idref="fl-d5"/>
      </object_component>
      <object_component id="oc-465">
         <name>.stack</name>
         <uninitialized>true</uninitialized>
         <run_address>0x2002f800</run_address>
         <size>0x0</size>
      </object_component>
      <object_component id="oc-38">
         <name>.debug_info</name>
         <load_address>0x0</load_address>
         <run_address>0x0</run_address>
         <size>0x84</size>
         <input_file_ref idref="fl-1"/>
      </object_component>
      <object_component id="oc-366">
         <name>.debug_info</name>
         <load_address>0x84</load_address>
         <run_address>0x84</run_address>
         <size>0x249</size>
         <input_file_ref idref="fl-2"/>
      </object_component>
      <object_component id="oc-2c5">
         <name>.debug_info</name>
         <load_address>0x2cd</load_address>
         <run_address>0x2cd</run_address>
         <size>0x26b</size>
         <input_file_ref idref="fl-2"/>
      </object_component>
      <object_component id="oc-309">
         <name>.debug_info</name>
         <load_address>0x538</load_address>
         <run_address>0x538</run_address>
         <size>0x62</size>
         <input_file_ref idref="fl-2"/>
      </object_component>
      <object_component id="oc-2cf">
         <name>.debug_info</name>
         <load_address>0x59a</load_address>
         <run_address>0x59a</run_address>
         <size>0x2a4</size>
         <input_file_ref idref="fl-2"/>
      </object_component>
      <object_component id="oc-17c">
         <name>.debug_info</name>
         <load_address>0x83e</load_address>
         <run_address>0x83e</run_address>
         <size>0x2c</size>
         <input_file_ref idref="fl-2"/>
      </object_component>
      <object_component id="oc-bc">
         <name>.debug_info</name>
         <load_address>0x86a</load_address>
         <run_address>0x86a</run_address>
         <size>0x2c</size>
         <input_file_ref idref="fl-2"/>
      </object_component>
      <object_component id="oc-210">
         <name>.debug_info</name>
         <load_address>0x896</load_address>
         <run_address>0x896</run_address>
         <size>0x2c</size>
         <input_file_ref idref="fl-2"/>
      </object_component>
      <object_component id="oc-2ca">
         <name>.debug_info</name>
         <load_address>0x8c2</load_address>
         <run_address>0x8c2</run_address>
         <size>0x35</size>
         <input_file_ref idref="fl-2"/>
      </object_component>
      <object_component id="oc-133">
         <name>.debug_info</name>
         <load_address>0x8f7</load_address>
         <run_address>0x8f7</run_address>
         <size>0x4b7</size>
         <input_file_ref idref="fl-3"/>
      </object_component>
      <object_component id="oc-130">
         <name>.debug_info</name>
         <load_address>0xdae</load_address>
         <run_address>0xdae</run_address>
         <size>0x141</size>
         <input_file_ref idref="fl-3"/>
      </object_component>
      <object_component id="oc-98">
         <name>.debug_info</name>
         <load_address>0xeef</load_address>
         <run_address>0xeef</run_address>
         <size>0x604</size>
         <input_file_ref idref="fl-3"/>
      </object_component>
      <object_component id="oc-12a">
         <name>.debug_info</name>
         <load_address>0x14f3</load_address>
         <run_address>0x14f3</run_address>
         <size>0x3b9</size>
         <input_file_ref idref="fl-4"/>
      </object_component>
      <object_component id="oc-31">
         <name>.debug_info</name>
         <load_address>0x18ac</load_address>
         <run_address>0x18ac</run_address>
         <size>0x1af</size>
         <input_file_ref idref="fl-5"/>
      </object_component>
      <object_component id="oc-13">
         <name>.debug_info</name>
         <load_address>0x1a5b</load_address>
         <run_address>0x1a5b</run_address>
         <size>0x12e</size>
         <input_file_ref idref="fl-5"/>
      </object_component>
      <object_component id="oc-2a">
         <name>.debug_info</name>
         <load_address>0x1b89</load_address>
         <run_address>0x1b89</run_address>
         <size>0x4e5</size>
         <input_file_ref idref="fl-5"/>
      </object_component>
      <object_component id="oc-20f">
         <name>.debug_info</name>
         <load_address>0x206e</load_address>
         <run_address>0x206e</run_address>
         <size>0x3be</size>
         <input_file_ref idref="fl-6"/>
      </object_component>
      <object_component id="oc-20c">
         <name>.debug_info</name>
         <load_address>0x242c</load_address>
         <run_address>0x242c</run_address>
         <size>0xe9</size>
         <input_file_ref idref="fl-6"/>
      </object_component>
      <object_component id="oc-124">
         <name>.debug_info</name>
         <load_address>0x2515</load_address>
         <run_address>0x2515</run_address>
         <size>0x64f</size>
         <input_file_ref idref="fl-6"/>
      </object_component>
      <object_component id="oc-215">
         <name>.debug_info</name>
         <load_address>0x2b64</load_address>
         <run_address>0x2b64</run_address>
         <size>0x110</size>
         <input_file_ref idref="fl-6"/>
      </object_component>
      <object_component id="oc-1c6">
         <name>.debug_info</name>
         <load_address>0x2c74</load_address>
         <run_address>0x2c74</run_address>
         <size>0x1e0</size>
         <input_file_ref idref="fl-c"/>
      </object_component>
      <object_component id="oc-1c0">
         <name>.debug_info</name>
         <load_address>0x2e54</load_address>
         <run_address>0x2e54</run_address>
         <size>0x19e</size>
         <input_file_ref idref="fl-c"/>
      </object_component>
      <object_component id="oc-227">
         <name>.debug_info</name>
         <load_address>0x2ff2</load_address>
         <run_address>0x2ff2</run_address>
         <size>0x1dd</size>
         <input_file_ref idref="fl-c"/>
      </object_component>
      <object_component id="oc-119">
         <name>.debug_info</name>
         <load_address>0x31cf</load_address>
         <run_address>0x31cf</run_address>
         <size>0x1e8</size>
         <input_file_ref idref="fl-c"/>
      </object_component>
      <object_component id="oc-11f">
         <name>.debug_info</name>
         <load_address>0x33b7</load_address>
         <run_address>0x33b7</run_address>
         <size>0x1bf</size>
         <input_file_ref idref="fl-c"/>
      </object_component>
      <object_component id="oc-df">
         <name>.debug_info</name>
         <load_address>0x3576</load_address>
         <run_address>0x3576</run_address>
         <size>0x1b7</size>
         <input_file_ref idref="fl-c"/>
      </object_component>
      <object_component id="oc-e5">
         <name>.debug_info</name>
         <load_address>0x372d</load_address>
         <run_address>0x372d</run_address>
         <size>0x1bd</size>
         <input_file_ref idref="fl-c"/>
      </object_component>
      <object_component id="oc-113">
         <name>.debug_info</name>
         <load_address>0x38ea</load_address>
         <run_address>0x38ea</run_address>
         <size>0x208</size>
         <input_file_ref idref="fl-c"/>
      </object_component>
      <object_component id="oc-260">
         <name>.debug_info</name>
         <load_address>0x3af2</load_address>
         <run_address>0x3af2</run_address>
         <size>0x201</size>
         <input_file_ref idref="fl-d"/>
      </object_component>
      <object_component id="oc-182">
         <name>.debug_info</name>
         <load_address>0x3cf3</load_address>
         <run_address>0x3cf3</run_address>
         <size>0xf4</size>
         <input_file_ref idref="fl-d"/>
      </object_component>
      <object_component id="oc-cc">
         <name>.debug_info</name>
         <load_address>0x3de7</load_address>
         <run_address>0x3de7</run_address>
         <size>0x17c</size>
         <input_file_ref idref="fl-d"/>
      </object_component>
      <object_component id="oc-c6">
         <name>.debug_info</name>
         <load_address>0x3f63</load_address>
         <run_address>0x3f63</run_address>
         <size>0x1ae</size>
         <input_file_ref idref="fl-d"/>
      </object_component>
      <object_component id="oc-1b7">
         <name>.debug_info</name>
         <load_address>0x4111</load_address>
         <run_address>0x4111</run_address>
         <size>0x1f8</size>
         <input_file_ref idref="fl-d"/>
      </object_component>
      <object_component id="oc-d3">
         <name>.debug_info</name>
         <load_address>0x4309</load_address>
         <run_address>0x4309</run_address>
         <size>0x19f</size>
         <input_file_ref idref="fl-d"/>
      </object_component>
      <object_component id="oc-369">
         <name>.debug_info</name>
         <load_address>0x44a8</load_address>
         <run_address>0x44a8</run_address>
         <size>0x14e</size>
         <input_file_ref idref="fl-e"/>
      </object_component>
      <object_component id="oc-2d5">
         <name>.debug_info</name>
         <load_address>0x45f6</load_address>
         <run_address>0x45f6</run_address>
         <size>0xf6</size>
         <input_file_ref idref="fl-e"/>
      </object_component>
      <object_component id="oc-21c">
         <name>.debug_info</name>
         <load_address>0x46ec</load_address>
         <run_address>0x46ec</run_address>
         <size>0x1bf</size>
         <input_file_ref idref="fl-e"/>
      </object_component>
      <object_component id="oc-2da">
         <name>.debug_info</name>
         <load_address>0x48ab</load_address>
         <run_address>0x48ab</run_address>
         <size>0x20d</size>
         <input_file_ref idref="fl-e"/>
      </object_component>
      <object_component id="oc-233">
         <name>.debug_info</name>
         <load_address>0x4ab8</load_address>
         <run_address>0x4ab8</run_address>
         <size>0x1d4</size>
         <input_file_ref idref="fl-e"/>
      </object_component>
      <object_component id="oc-22d">
         <name>.debug_info</name>
         <load_address>0x4c8c</load_address>
         <run_address>0x4c8c</run_address>
         <size>0x1d2</size>
         <input_file_ref idref="fl-e"/>
      </object_component>
      <object_component id="oc-221">
         <name>.debug_info</name>
         <load_address>0x4e5e</load_address>
         <run_address>0x4e5e</run_address>
         <size>0x222</size>
         <input_file_ref idref="fl-e"/>
      </object_component>
      <object_component id="oc-26a">
         <name>.debug_info</name>
         <load_address>0x5080</load_address>
         <run_address>0x5080</run_address>
         <size>0x25e</size>
         <input_file_ref idref="fl-f"/>
      </object_component>
      <object_component id="oc-266">
         <name>.debug_info</name>
         <load_address>0x52de</load_address>
         <run_address>0x52de</run_address>
         <size>0xff</size>
         <input_file_ref idref="fl-f"/>
      </object_component>
      <object_component id="oc-188">
         <name>.debug_info</name>
         <load_address>0x53dd</load_address>
         <run_address>0x53dd</run_address>
         <size>0x1a6</size>
         <input_file_ref idref="fl-f"/>
      </object_component>
      <object_component id="oc-19a">
         <name>.debug_info</name>
         <load_address>0x5583</load_address>
         <run_address>0x5583</run_address>
         <size>0x1eb</size>
         <input_file_ref idref="fl-f"/>
      </object_component>
      <object_component id="oc-1a6">
         <name>.debug_info</name>
         <load_address>0x576e</load_address>
         <run_address>0x576e</run_address>
         <size>0x1ed</size>
         <input_file_ref idref="fl-f"/>
      </object_component>
      <object_component id="oc-1cc">
         <name>.debug_info</name>
         <load_address>0x595b</load_address>
         <run_address>0x595b</run_address>
         <size>0x216</size>
         <input_file_ref idref="fl-f"/>
      </object_component>
      <object_component id="oc-1a0">
         <name>.debug_info</name>
         <load_address>0x5b71</load_address>
         <run_address>0x5b71</run_address>
         <size>0x1c0</size>
         <input_file_ref idref="fl-f"/>
      </object_component>
      <object_component id="oc-d9">
         <name>.debug_info</name>
         <load_address>0x5d31</load_address>
         <run_address>0x5d31</run_address>
         <size>0x283</size>
         <input_file_ref idref="fl-f"/>
      </object_component>
      <object_component id="oc-18d">
         <name>.debug_info</name>
         <load_address>0x5fb4</load_address>
         <run_address>0x5fb4</run_address>
         <size>0x1bf</size>
         <input_file_ref idref="fl-f"/>
      </object_component>
      <object_component id="oc-193">
         <name>.debug_info</name>
         <load_address>0x6173</load_address>
         <run_address>0x6173</run_address>
         <size>0x1d4</size>
         <input_file_ref idref="fl-f"/>
      </object_component>
      <object_component id="oc-1bc">
         <name>.debug_info</name>
         <load_address>0x6347</load_address>
         <run_address>0x6347</run_address>
         <size>0x199</size>
         <input_file_ref idref="fl-11"/>
      </object_component>
      <object_component id="oc-10e">
         <name>.debug_info</name>
         <load_address>0x64e0</load_address>
         <run_address>0x64e0</run_address>
         <size>0x15f</size>
         <input_file_ref idref="fl-11"/>
      </object_component>
      <object_component id="oc-101">
         <name>.debug_info</name>
         <load_address>0x663f</load_address>
         <run_address>0x663f</run_address>
         <size>0x1b6</size>
         <input_file_ref idref="fl-11"/>
      </object_component>
      <object_component id="oc-107">
         <name>.debug_info</name>
         <load_address>0x67f5</load_address>
         <run_address>0x67f5</run_address>
         <size>0x165</size>
         <input_file_ref idref="fl-11"/>
      </object_component>
      <object_component id="oc-fb">
         <name>.debug_info</name>
         <load_address>0x695a</load_address>
         <run_address>0x695a</run_address>
         <size>0x198</size>
         <input_file_ref idref="fl-11"/>
      </object_component>
      <object_component id="oc-ea">
         <name>.debug_info</name>
         <load_address>0x6af2</load_address>
         <run_address>0x6af2</run_address>
         <size>0x16a</size>
         <input_file_ref idref="fl-11"/>
      </object_component>
      <object_component id="oc-1d0">
         <name>.debug_info</name>
         <load_address>0x6c5c</load_address>
         <run_address>0x6c5c</run_address>
         <size>0x25c</size>
         <input_file_ref idref="fl-12"/>
      </object_component>
      <object_component id="oc-27b">
         <name>.debug_info</name>
         <load_address>0x6eb8</load_address>
         <run_address>0x6eb8</run_address>
         <size>0x17e</size>
         <input_file_ref idref="fl-12"/>
      </object_component>
      <object_component id="oc-275">
         <name>.debug_info</name>
         <load_address>0x7036</load_address>
         <run_address>0x7036</run_address>
         <size>0x180</size>
         <input_file_ref idref="fl-12"/>
      </object_component>
      <object_component id="oc-1e2">
         <name>.debug_info</name>
         <load_address>0x71b6</load_address>
         <run_address>0x71b6</run_address>
         <size>0x18a</size>
         <input_file_ref idref="fl-12"/>
      </object_component>
      <object_component id="oc-1e8">
         <name>.debug_info</name>
         <load_address>0x7340</load_address>
         <run_address>0x7340</run_address>
         <size>0x19a</size>
         <input_file_ref idref="fl-12"/>
      </object_component>
      <object_component id="oc-1d6">
         <name>.debug_info</name>
         <load_address>0x74da</load_address>
         <run_address>0x74da</run_address>
         <size>0x1ab</size>
         <input_file_ref idref="fl-12"/>
      </object_component>
      <object_component id="oc-177">
         <name>.debug_info</name>
         <load_address>0x7685</load_address>
         <run_address>0x7685</run_address>
         <size>0x14e</size>
         <input_file_ref idref="fl-14"/>
      </object_component>
      <object_component id="oc-295">
         <name>.debug_info</name>
         <load_address>0x77d3</load_address>
         <run_address>0x77d3</run_address>
         <size>0x212</size>
         <input_file_ref idref="fl-cb"/>
      </object_component>
      <object_component id="oc-1dc">
         <name>.debug_info</name>
         <load_address>0x79e5</load_address>
         <run_address>0x79e5</run_address>
         <size>0x208</size>
         <input_file_ref idref="fl-cb"/>
      </object_component>
      <object_component id="oc-289">
         <name>.debug_info</name>
         <load_address>0x7bed</load_address>
         <run_address>0x7bed</run_address>
         <size>0x1c6</size>
         <input_file_ref idref="fl-cb"/>
      </object_component>
      <object_component id="oc-28f">
         <name>.debug_info</name>
         <load_address>0x7db3</load_address>
         <run_address>0x7db3</run_address>
         <size>0x179</size>
         <input_file_ref idref="fl-cb"/>
      </object_component>
      <object_component id="oc-296">
         <name>.debug_info</name>
         <load_address>0x7f2c</load_address>
         <run_address>0x7f2c</run_address>
         <size>0x2c</size>
         <input_file_ref idref="fl-cb"/>
      </object_component>
      <object_component id="oc-29b">
         <name>.debug_info</name>
         <load_address>0x7f58</load_address>
         <run_address>0x7f58</run_address>
         <size>0x69</size>
         <input_file_ref idref="fl-cb"/>
      </object_component>
      <object_component id="oc-f7">
         <name>.debug_info</name>
         <load_address>0x7fc1</load_address>
         <run_address>0x7fc1</run_address>
         <size>0x122</size>
         <input_file_ref idref="fl-cc"/>
      </object_component>
      <object_component id="oc-3f">
         <name>.debug_info</name>
         <load_address>0x80e3</load_address>
         <run_address>0x80e3</run_address>
         <size>0x119</size>
         <input_file_ref idref="fl-cd"/>
      </object_component>
      <object_component id="oc-f2">
         <name>.debug_info</name>
         <load_address>0x81fc</load_address>
         <run_address>0x81fc</run_address>
         <size>0x134</size>
         <input_file_ref idref="fl-ce"/>
      </object_component>
      <object_component id="oc-8a">
         <name>.debug_info</name>
         <load_address>0x8330</load_address>
         <run_address>0x8330</run_address>
         <size>0x1a6</size>
         <input_file_ref idref="fl-cf"/>
      </object_component>
      <object_component id="oc-4b">
         <name>.debug_info</name>
         <load_address>0x84d6</load_address>
         <run_address>0x84d6</run_address>
         <size>0x1d2</size>
         <input_file_ref idref="fl-cf"/>
      </object_component>
      <object_component id="oc-85">
         <name>.debug_info</name>
         <load_address>0x86a8</load_address>
         <run_address>0x86a8</run_address>
         <size>0x46</size>
         <input_file_ref idref="fl-cf"/>
      </object_component>
      <object_component id="oc-48">
         <name>.debug_info</name>
         <load_address>0x86ee</load_address>
         <run_address>0x86ee</run_address>
         <size>0x17a</size>
         <input_file_ref idref="fl-d0"/>
      </object_component>
      <object_component id="oc-1c">
         <name>.debug_info</name>
         <load_address>0x8868</load_address>
         <run_address>0x8868</run_address>
         <size>0x1ea</size>
         <input_file_ref idref="fl-d0"/>
      </object_component>
      <object_component id="oc-43">
         <name>.debug_info</name>
         <load_address>0x8a52</load_address>
         <run_address>0x8a52</run_address>
         <size>0x46</size>
         <input_file_ref idref="fl-d0"/>
      </object_component>
      <object_component id="oc-7d">
         <name>.debug_info</name>
         <load_address>0x8a98</load_address>
         <run_address>0x8a98</run_address>
         <size>0x2c</size>
         <input_file_ref idref="fl-d0"/>
      </object_component>
      <object_component id="oc-7b">
         <name>.debug_info</name>
         <load_address>0x8ac4</load_address>
         <run_address>0x8ac4</run_address>
         <size>0x170</size>
         <input_file_ref idref="fl-d1"/>
      </object_component>
      <object_component id="oc-16">
         <name>.debug_info</name>
         <load_address>0x8c34</load_address>
         <run_address>0x8c34</run_address>
         <size>0x250</size>
         <input_file_ref idref="fl-d1"/>
      </object_component>
      <object_component id="oc-33">
         <name>.debug_info</name>
         <load_address>0x8e84</load_address>
         <run_address>0x8e84</run_address>
         <size>0x60</size>
         <input_file_ref idref="fl-d1"/>
      </object_component>
      <object_component id="oc-b5">
         <name>.debug_info</name>
         <load_address>0x8ee4</load_address>
         <run_address>0x8ee4</run_address>
         <size>0x46</size>
         <input_file_ref idref="fl-d1"/>
      </object_component>
      <object_component id="oc-76">
         <name>.debug_info</name>
         <load_address>0x8f2a</load_address>
         <run_address>0x8f2a</run_address>
         <size>0x39</size>
         <input_file_ref idref="fl-d1"/>
      </object_component>
      <object_component id="oc-2a5">
         <name>.debug_info</name>
         <load_address>0x8f63</load_address>
         <run_address>0x8f63</run_address>
         <size>0x172</size>
         <input_file_ref idref="fl-d2"/>
      </object_component>
      <object_component id="oc-1f4">
         <name>.debug_info</name>
         <load_address>0x90d5</load_address>
         <run_address>0x90d5</run_address>
         <size>0x1a9</size>
         <input_file_ref idref="fl-d2"/>
      </object_component>
      <object_component id="oc-6f">
         <name>.debug_info</name>
         <load_address>0x927e</load_address>
         <run_address>0x927e</run_address>
         <size>0x284</size>
         <input_file_ref idref="fl-d3"/>
      </object_component>
      <object_component id="oc-24">
         <name>.debug_info</name>
         <load_address>0x9502</load_address>
         <run_address>0x9502</run_address>
         <size>0x10c</size>
         <input_file_ref idref="fl-d3"/>
      </object_component>
      <object_component id="oc-360">
         <name>.debug_info</name>
         <load_address>0x960e</load_address>
         <run_address>0x960e</run_address>
         <size>0x13f</size>
         <input_file_ref idref="fl-d3"/>
      </object_component>
      <object_component id="oc-1fc">
         <name>.debug_info</name>
         <load_address>0x974d</load_address>
         <run_address>0x974d</run_address>
         <size>0x168</size>
         <input_file_ref idref="fl-d3"/>
      </object_component>
      <object_component id="oc-2b0">
         <name>.debug_info</name>
         <load_address>0x98b5</load_address>
         <run_address>0x98b5</run_address>
         <size>0x18e</size>
         <input_file_ref idref="fl-d3"/>
      </object_component>
      <object_component id="oc-2bd">
         <name>.debug_info</name>
         <load_address>0x9a43</load_address>
         <run_address>0x9a43</run_address>
         <size>0x19f</size>
         <input_file_ref idref="fl-d3"/>
      </object_component>
      <object_component id="oc-209">
         <name>.debug_info</name>
         <load_address>0x9be2</load_address>
         <run_address>0x9be2</run_address>
         <size>0x203</size>
         <input_file_ref idref="fl-d3"/>
      </object_component>
      <object_component id="oc-2b7">
         <name>.debug_info</name>
         <load_address>0x9de5</load_address>
         <run_address>0x9de5</run_address>
         <size>0x1db</size>
         <input_file_ref idref="fl-d3"/>
      </object_component>
      <object_component id="oc-203">
         <name>.debug_info</name>
         <load_address>0x9fc0</load_address>
         <run_address>0x9fc0</run_address>
         <size>0x26e</size>
         <input_file_ref idref="fl-d3"/>
      </object_component>
      <object_component id="oc-2aa">
         <name>.debug_info</name>
         <load_address>0xa22e</load_address>
         <run_address>0xa22e</run_address>
         <size>0x299</size>
         <input_file_ref idref="fl-d3"/>
      </object_component>
      <object_component id="oc-b0">
         <name>.debug_info</name>
         <load_address>0xa4c7</load_address>
         <run_address>0xa4c7</run_address>
         <size>0xb2</size>
         <input_file_ref idref="fl-d3"/>
      </object_component>
      <object_component id="oc-ab">
         <name>.debug_info</name>
         <load_address>0xa579</load_address>
         <run_address>0xa579</run_address>
         <size>0x2c</size>
         <input_file_ref idref="fl-d3"/>
      </object_component>
      <object_component id="oc-2a3">
         <name>.debug_info</name>
         <load_address>0xa5a5</load_address>
         <run_address>0xa5a5</run_address>
         <size>0x161</size>
         <input_file_ref idref="fl-d4"/>
      </object_component>
      <object_component id="oc-1ee">
         <name>.debug_info</name>
         <load_address>0xa706</load_address>
         <run_address>0xa706</run_address>
         <size>0x245</size>
         <input_file_ref idref="fl-d4"/>
      </object_component>
      <object_component id="oc-27">
         <name>.debug_info</name>
         <load_address>0xa94b</load_address>
         <run_address>0xa94b</run_address>
         <size>0x10b</size>
         <input_file_ref idref="fl-d5"/>
      </object_component>
      <object_component id="oc-5c">
         <name>.debug_info</name>
         <load_address>0xaa56</load_address>
         <run_address>0xaa56</run_address>
         <size>0x1a9</size>
         <input_file_ref idref="fl-d5"/>
      </object_component>
      <object_component id="oc-34c">
         <name>.debug_info</name>
         <load_address>0xabff</load_address>
         <run_address>0xabff</run_address>
         <size>0x462</size>
         <input_file_ref idref="fl-d6"/>
      </object_component>
      <object_component id="oc-317">
         <name>.debug_info</name>
         <load_address>0xb061</load_address>
         <run_address>0xb061</run_address>
         <size>0x21e</size>
         <input_file_ref idref="fl-d6"/>
      </object_component>
      <object_component id="oc-3a6">
         <name>.debug_info</name>
         <load_address>0xb27f</load_address>
         <run_address>0xb27f</run_address>
         <size>0x1b3</size>
         <input_file_ref idref="fl-d6"/>
      </object_component>
      <object_component id="oc-3ac">
         <name>.debug_info</name>
         <load_address>0xb432</load_address>
         <run_address>0xb432</run_address>
         <size>0x21b</size>
         <input_file_ref idref="fl-d6"/>
      </object_component>
      <object_component id="oc-322">
         <name>.debug_info</name>
         <load_address>0xb64d</load_address>
         <run_address>0xb64d</run_address>
         <size>0x3bf</size>
         <input_file_ref idref="fl-d6"/>
      </object_component>
      <object_component id="oc-3b3">
         <name>.debug_info</name>
         <load_address>0xba0c</load_address>
         <run_address>0xba0c</run_address>
         <size>0x30b</size>
         <input_file_ref idref="fl-d6"/>
      </object_component>
      <object_component id="oc-3b9">
         <name>.debug_info</name>
         <load_address>0xbd17</load_address>
         <run_address>0xbd17</run_address>
         <size>0x215</size>
         <input_file_ref idref="fl-d6"/>
      </object_component>
      <object_component id="oc-328">
         <name>.debug_info</name>
         <load_address>0xbf2c</load_address>
         <run_address>0xbf2c</run_address>
         <size>0x228</size>
         <input_file_ref idref="fl-d6"/>
      </object_component>
      <object_component id="oc-32e">
         <name>.debug_info</name>
         <load_address>0xc154</load_address>
         <run_address>0xc154</run_address>
         <size>0x303</size>
         <input_file_ref idref="fl-d6"/>
      </object_component>
      <object_component id="oc-334">
         <name>.debug_info</name>
         <load_address>0xc457</load_address>
         <run_address>0xc457</run_address>
         <size>0x4b4</size>
         <input_file_ref idref="fl-d6"/>
      </object_component>
      <object_component id="oc-283">
         <name>.debug_info</name>
         <load_address>0xc90b</load_address>
         <run_address>0xc90b</run_address>
         <size>0x5f4</size>
         <input_file_ref idref="fl-d6"/>
      </object_component>
      <object_component id="oc-34d">
         <name>.debug_info</name>
         <load_address>0xceff</load_address>
         <run_address>0xceff</run_address>
         <size>0x86</size>
         <input_file_ref idref="fl-d6"/>
      </object_component>
      <object_component id="oc-3e3">
         <name>.debug_info</name>
         <load_address>0xcf85</load_address>
         <run_address>0xcf85</run_address>
         <size>0x39</size>
         <input_file_ref idref="fl-d6"/>
      </object_component>
      <object_component id="oc-422">
         <name>.debug_info</name>
         <load_address>0xcfbe</load_address>
         <run_address>0xcfbe</run_address>
         <size>0xb6</size>
         <input_file_ref idref="fl-d6"/>
      </object_component>
      <object_component id="oc-3e8">
         <name>.debug_info</name>
         <load_address>0xd074</load_address>
         <run_address>0xd074</run_address>
         <size>0x46</size>
         <input_file_ref idref="fl-d6"/>
      </object_component>
      <object_component id="oc-352">
         <name>.debug_info</name>
         <load_address>0xd0ba</load_address>
         <run_address>0xd0ba</run_address>
         <size>0x46</size>
         <input_file_ref idref="fl-d6"/>
      </object_component>
      <object_component id="oc-1ae">
         <name>.debug_info</name>
         <load_address>0xd100</load_address>
         <run_address>0xd100</run_address>
         <size>0x115</size>
         <input_file_ref idref="fl-d7"/>
      </object_component>
      <object_component id="oc-3a1">
         <name>.debug_info</name>
         <load_address>0xd215</load_address>
         <run_address>0xd215</run_address>
         <size>0x14c</size>
         <input_file_ref idref="fl-d8"/>
      </object_component>
      <object_component id="oc-31d">
         <name>.debug_info</name>
         <load_address>0xd361</load_address>
         <run_address>0xd361</run_address>
         <size>0x128</size>
         <input_file_ref idref="fl-d9"/>
      </object_component>
      <object_component id="oc-38c">
         <name>.debug_info</name>
         <load_address>0xd489</load_address>
         <run_address>0xd489</run_address>
         <size>0x12a</size>
         <input_file_ref idref="fl-d9"/>
      </object_component>
      <object_component id="oc-387">
         <name>.debug_info</name>
         <load_address>0xd5b3</load_address>
         <run_address>0xd5b3</run_address>
         <size>0x13a</size>
         <input_file_ref idref="fl-da"/>
      </object_component>
      <object_component id="oc-382">
         <name>.debug_info</name>
         <load_address>0xd6ed</load_address>
         <run_address>0xd6ed</run_address>
         <size>0x13a</size>
         <input_file_ref idref="fl-db"/>
      </object_component>
      <object_component id="oc-391">
         <name>.debug_info</name>
         <load_address>0xd827</load_address>
         <run_address>0xd827</run_address>
         <size>0x12e</size>
         <input_file_ref idref="fl-dc"/>
      </object_component>
      <object_component id="oc-39e">
         <name>.debug_info</name>
         <load_address>0xd955</load_address>
         <run_address>0xd955</run_address>
         <size>0x12c</size>
         <input_file_ref idref="fl-dd"/>
      </object_component>
      <object_component id="oc-8c">
         <name>.debug_info</name>
         <load_address>0xda81</load_address>
         <run_address>0xda81</run_address>
         <size>0x147</size>
         <input_file_ref idref="fl-de"/>
      </object_component>
      <object_component id="oc-248">
         <name>.debug_info</name>
         <load_address>0xdbc8</load_address>
         <run_address>0xdbc8</run_address>
         <size>0x385</size>
         <input_file_ref idref="fl-df"/>
      </object_component>
      <object_component id="oc-143">
         <name>.debug_info</name>
         <load_address>0xdf4d</load_address>
         <run_address>0xdf4d</run_address>
         <size>0x1a6</size>
         <input_file_ref idref="fl-df"/>
      </object_component>
      <object_component id="oc-2f2">
         <name>.debug_info</name>
         <load_address>0xe0f3</load_address>
         <run_address>0xe0f3</run_address>
         <size>0x39</size>
         <input_file_ref idref="fl-df"/>
      </object_component>
      <object_component id="oc-36e">
         <name>.debug_info</name>
         <load_address>0xe12c</load_address>
         <run_address>0xe12c</run_address>
         <size>0x39</size>
         <input_file_ref idref="fl-df"/>
      </object_component>
      <object_component id="oc-2f7">
         <name>.debug_info</name>
         <load_address>0xe165</load_address>
         <run_address>0xe165</run_address>
         <size>0x39</size>
         <input_file_ref idref="fl-df"/>
      </object_component>
      <object_component id="oc-2fc">
         <name>.debug_info</name>
         <load_address>0xe19e</load_address>
         <run_address>0xe19e</run_address>
         <size>0xcd</size>
         <input_file_ref idref="fl-df"/>
      </object_component>
      <object_component id="oc-92">
         <name>.debug_info</name>
         <load_address>0xe26b</load_address>
         <run_address>0xe26b</run_address>
         <size>0x153</size>
         <input_file_ref idref="fl-e0"/>
      </object_component>
      <object_component id="oc-137">
         <name>.debug_info</name>
         <load_address>0xe3be</load_address>
         <run_address>0xe3be</run_address>
         <size>0x122</size>
         <input_file_ref idref="fl-e2"/>
      </object_component>
      <object_component id="oc-2ec">
         <name>.debug_info</name>
         <load_address>0xe4e0</load_address>
         <run_address>0xe4e0</run_address>
         <size>0x19b</size>
         <input_file_ref idref="fl-e3"/>
      </object_component>
      <object_component id="oc-242">
         <name>.debug_info</name>
         <load_address>0xe67b</load_address>
         <run_address>0xe67b</run_address>
         <size>0x11e</size>
         <input_file_ref idref="fl-e3"/>
      </object_component>
      <object_component id="oc-2e8">
         <name>.debug_info</name>
         <load_address>0xe799</load_address>
         <run_address>0xe799</run_address>
         <size>0x12e</size>
         <input_file_ref idref="fl-e3"/>
      </object_component>
      <object_component id="oc-3fd">
         <name>.debug_info</name>
         <load_address>0xe8c7</load_address>
         <run_address>0xe8c7</run_address>
         <size>0x16e</size>
         <input_file_ref idref="fl-e4"/>
      </object_component>
      <object_component id="oc-396">
         <name>.debug_info</name>
         <load_address>0xea35</load_address>
         <run_address>0xea35</run_address>
         <size>0x1da</size>
         <input_file_ref idref="fl-e4"/>
      </object_component>
      <object_component id="oc-37e">
         <name>.debug_info</name>
         <load_address>0xec0f</load_address>
         <run_address>0xec0f</run_address>
         <size>0x18b</size>
         <input_file_ref idref="fl-e6"/>
      </object_component>
      <object_component id="oc-311">
         <name>.debug_info</name>
         <load_address>0xed9a</load_address>
         <run_address>0xed9a</run_address>
         <size>0x17c</size>
         <input_file_ref idref="fl-e6"/>
      </object_component>
      <object_component id="oc-3f5">
         <name>.debug_info</name>
         <load_address>0xef16</load_address>
         <run_address>0xef16</run_address>
         <size>0xf9</size>
         <input_file_ref idref="fl-e7"/>
      </object_component>
      <object_component id="oc-37b">
         <name>.debug_info</name>
         <load_address>0xf00f</load_address>
         <run_address>0xf00f</run_address>
         <size>0x105</size>
         <input_file_ref idref="fl-e7"/>
      </object_component>
      <object_component id="oc-3d4">
         <name>.debug_info</name>
         <load_address>0xf114</load_address>
         <run_address>0xf114</run_address>
         <size>0x179</size>
         <input_file_ref idref="fl-e8"/>
      </object_component>
      <object_component id="oc-33a">
         <name>.debug_info</name>
         <load_address>0xf28d</load_address>
         <run_address>0xf28d</run_address>
         <size>0x1b8</size>
         <input_file_ref idref="fl-e8"/>
      </object_component>
      <object_component id="oc-414">
         <name>.debug_info</name>
         <load_address>0xf445</load_address>
         <run_address>0xf445</run_address>
         <size>0x16c</size>
         <input_file_ref idref="fl-e9"/>
      </object_component>
      <object_component id="oc-3ce">
         <name>.debug_info</name>
         <load_address>0xf5b1</load_address>
         <run_address>0xf5b1</run_address>
         <size>0x262</size>
         <input_file_ref idref="fl-e9"/>
      </object_component>
      <object_component id="oc-3e0">
         <name>.debug_info</name>
[...]
      </symbol>
      <symbol id="sm-3">
         <name>__TI_CINIT_Base</name>
         <value>0x20007778</value>
      </symbol>
      <symbol id="sm-4">
         <name>__TI_CINIT_Limit</name>
         <value>0x20007788</value>
      </symbol>
      <symbol id="sm-5">
         <name>__TI_Handler_Table_Base</name>
         <value>0x20007760</value>
      </symbol>
      <symbol id="sm-6">
         <name>__TI_Handler_Table_Limit</name>
         <value>0x2000776c</value>
      </symbol>
      <symbol id="sm-7">
         <name>binit</name>
         <value>0xffffffff</value>
      </symbol>
      <symbol id="sm-8">
         <name>__binit__</name>
         <value>0xffffffff</value>
      </symbol>
      <symbol id="sm-9">
         <name>__STACK_SIZE</name>
         <value>0x800</value>
      </symbol>
      <symbol id="sm-a">
         <name>__STACK_END</name>
         <value>0x20030000</value>
      </symbol>
      <symbol id="sm-b">
         <name>__SYSMEM_SIZE</name>
         <value>0x800</value>
      </symbol>
      <symbol id="sm-c">
         <name>__c_args__</name>
         <value>0xffffffff</value>
      </symbol>
      <symbol id="sm-d">
         <name>__TI_pprof_out_hndl</name>
         <value>0xffffffff</value>
      </symbol>
      <symbol id="sm-e">
         <name>__TI_prof_data_start</name>
         <value>0xffffffff</value>
      </symbol>
      <symbol id="sm-f">
         <name>__TI_prof_data_size</name>
         <value>0xffffffff</value>
      </symbol>
      <symbol id="sm-97">
         <name>g_pulseWidths</name>
         <value>0x20017800</value>
      </symbol>
      <symbol id="sm-98">
         <name>g_pulseReady</name>
         <value>0x20017998</value>
         <object_component_ref idref="oc-12f"/>
      </symbol>
      <symbol id="sm-99">
         <name>main</name>
         <value>0x2000507d</value>
         <object_component_ref idref="oc-97"/>
      </symbol>
      <symbol id="sm-9a">
         <name>g_pulseIdx</name>
         <value>0x20017994</value>
         <object_component_ref idref="oc-12f"/>
      </symbol>
      <symbol id="sm-9b">
         <name>g_systickExpired</name>
         <value>0x2001799c</value>
         <object_component_ref idref="oc-12f"/>
      </symbol>
      <symbol id="sm-a8">
         <name>PinMuxConfig</name>
         <value>0x20005ed1</value>
         <object_component_ref idref="oc-129"/>
      </symbol>
      <symbol id="sm-c7">
         <name>ResetISR</name>
         <value>0x2000743b</value>
         <object_component_ref idref="oc-29"/>
      </symbol>
      <symbol id="sm-c8">
         <name>g_pfnVectors</name>
         <value>0x20004000</value>
         <object_component_ref idref="oc-12"/>
      </symbol>
      <symbol id="sm-10a">
         <name>GetCmd</name>
         <value>0x200051df</value>
         <object_component_ref idref="oc-123"/>
      </symbol>
      <symbol id="sm-10b">
         <name>Message</name>
         <value>0x2000517b</value>
         <object_component_ref idref="oc-123"/>
      </symbol>
      <symbol id="sm-10c">
         <name>Report</name>
         <value>0x2000531d</value>
         <object_component_ref idref="oc-123"/>
      </symbol>
      <symbol id="sm-10d">
         <name>Error</name>
         <value>0x200051a7</value>
         <object_component_ref idref="oc-123"/>
      </symbol>
      <symbol id="sm-10e">
         <name>InitTerm</name>
         <value>0x2000515d</value>
         <object_component_ref idref="oc-123"/>
      </symbol>
      <symbol id="sm-10f">
         <name>ClearTerm</name>
         <value>0x2000519d</value>
         <object_component_ref idref="oc-123"/>
      </symbol>
      <symbol id="sm-110">
         <name>TrimSpace</name>
         <value>0x20005285</value>
         <object_component_ref idref="oc-123"/>
      </symbol>
      <symbol id="sm-160">
         <name>GPIOIntRegister</name>
         <value>0x200071ed</value>
         <object_component_ref idref="oc-111"/>
      </symbol>
      <symbol id="sm-161">
         <name>GPIOIntEnable</name>
         <value>0x200072b5</value>
         <object_component_ref idref="oc-11d"/>
      </symbol>
      <symbol id="sm-162">
         <name>GPIOIntTypeSet</name>
         <value>0x2000693d</value>
         <object_component_ref idref="oc-117"/>
      </symbol>
      <symbol id="sm-163">
         <name>GPIOIntClear</name>
         <value>0x200073bb</value>
         <object_component_ref idref="oc-e3"/>
      </symbol>
      <symbol id="sm-164">
         <name>GPIOIntStatus</name>
         <value>0x200071a9</value>
         <object_component_ref idref="oc-dd"/>
      </symbol>
      <symbol id="sm-165">
         <name>GPIODirModeSet</name>
         <value>0x20006fc5</value>
         <object_component_ref idref="oc-226"/>
      </symbol>
      <symbol id="sm-19e">
         <name>IntVTableBaseSet</name>
         <value>0x200073d1</value>
         <object_component_ref idref="oc-c5"/>
      </symbol>
      <symbol id="sm-19f">
         <name>IntEnable</name>
         <value>0x20006539</value>
         <object_component_ref idref="oc-d1"/>
      </symbol>
      <symbol id="sm-1a0">
         <name>IntRegister</name>
         <value>0x200071cd</value>
         <object_component_ref idref="oc-1b5"/>
      </symbol>
      <symbol id="sm-1a1">
         <name>IntMasterEnable</name>
         <value>0x20007461</value>
         <object_component_ref idref="oc-cb"/>
      </symbol>
      <symbol id="sm-1e0">
         <name>PinTypeUART</name>
         <value>0x200072e9</value>
         <object_component_ref idref="oc-232"/>
      </symbol>
      <symbol id="sm-1e1">
         <name>PinTypeGPIO</name>
         <value>0x20006ffb</value>
         <object_component_ref idref="oc-220"/>
      </symbol>
      <symbol id="sm-1e2">
         <name>PinConfigSet</name>
         <value>0x200067a9</value>
         <object_component_ref idref="oc-2d8"/>
      </symbol>
      <symbol id="sm-1e3">
         <name>PinTypeSPI</name>
         <value>0x200072cf</value>
         <object_component_ref idref="oc-22c"/>
      </symbol>
      <symbol id="sm-1e4">
         <name>PinModeSet</name>
         <value>0x20006ec9</value>
         <object_component_ref idref="oc-21a"/>
      </symbol>
      <symbol id="sm-26a">
         <name>PRCMPeripheralReset</name>
         <value>0x20006c55</value>
         <object_component_ref idref="oc-19d"/>
      </symbol>
      <symbol id="sm-26b">
         <name>PRCMPeripheralClkEnable</name>
         <value>0x20006f89</value>
         <object_component_ref idref="oc-197"/>
      </symbol>
      <symbol id="sm-26c">
         <name>PRCMPeripheralClockGet</name>
         <value>0x20006715</value>
         <object_component_ref idref="oc-1c9"/>
      </symbol>
      <symbol id="sm-26d">
         <name>PRCMCC3200MCUInit</name>
         <value>0x200059c5</value>
         <object_component_ref idref="oc-d7"/>
      </symbol>
      <symbol id="sm-26e">
         <name>PRCMHIBRegWrite</name>
         <value>0x2000737b</value>
         <object_component_ref idref="oc-191"/>
      </symbol>
      <symbol id="sm-26f">
         <name>PRCMSysResetCauseGet</name>
         <value>0x200070bd</value>
         <object_component_ref idref="oc-185"/>
      </symbol>
      <symbol id="sm-270">
         <name>PRCMPeripheralClkDisable</name>
         <value>0x200070e9</value>
         <object_component_ref idref="oc-1a3"/>
      </symbol>
      <symbol id="sm-271">
         <name>PRCMHIBRegRead</name>
         <value>0x20007365</value>
         <object_component_ref idref="oc-18b"/>
      </symbol>
      <symbol id="sm-2a9">
         <name>SysTickEnable</name>
         <value>0x2000740d</value>
         <object_component_ref idref="oc-10b"/>
      </symbol>
      <symbol id="sm-2aa">
         <name>SysTickIntRegister</name>
         <value>0x20007229</value>
         <object_component_ref idref="oc-ff"/>
      </symbol>
      <symbol id="sm-2ab">
         <name>SysTickIntEnable</name>
         <value>0x2000741d</value>
         <object_component_ref idref="oc-105"/>
      </symbol>
      <symbol id="sm-2ac">
         <name>SysTickValueGet</name>
         <value>0x20007449</value>
         <object_component_ref idref="oc-e9"/>
      </symbol>
      <symbol id="sm-2ad">
         <name>SysTickPeriodSet</name>
         <value>0x20007305</value>
         <object_component_ref idref="oc-f9"/>
      </symbol>
      <symbol id="sm-2e9">
         <name>UARTConfigSetExpClk</name>
         <value>0x20006a39</value>
         <object_component_ref idref="oc-1cf"/>
      </symbol>
      <symbol id="sm-2ea">
         <name>UARTDisable</name>
         <value>0x2000702d</value>
         <object_component_ref idref="oc-274"/>
      </symbol>
      <symbol id="sm-2eb">
         <name>UARTCharsAvail</name>
         <value>0x2000731d</value>
         <object_component_ref idref="oc-1e1"/>
      </symbol>
      <symbol id="sm-2ec">
         <name>UARTCharGetNonBlocking</name>
         <value>0x20007245</value>
         <object_component_ref idref="oc-1e7"/>
      </symbol>
      <symbol id="sm-2ed">
         <name>UARTCharPut</name>
         <value>0x2000720b</value>
         <object_component_ref idref="oc-1d5"/>
      </symbol>
      <symbol id="sm-2ee">
         <name>UARTEnable</name>
         <value>0x20007161</value>
         <object_component_ref idref="oc-27a"/>
      </symbol>
      <symbol id="sm-2f2">
         <name>UtilsDelay</name>
         <value>0x2000747d</value>
         <object_component_ref idref="oc-262"/>
      </symbol>
      <symbol id="sm-2fc">
         <name>CPUcpsie</name>
         <value>0x200073a7</value>
         <object_component_ref idref="oc-175"/>
      </symbol>
      <symbol id="sm-32c">
         <name>vsnprintf</name>
         <value>0x20006f09</value>
         <object_component_ref idref="oc-1db"/>
      </symbol>
      <symbol id="sm-335">
         <name>__aeabi_lmul</name>
         <value>0x2000734d</value>
         <object_component_ref idref="oc-f4"/>
      </symbol>
      <symbol id="sm-350">
         <name>memcpy</name>
         <value>0x200065e1</value>
         <object_component_ref idref="oc-3d"/>
      </symbol>
      <symbol id="sm-351">
         <name>__aeabi_memcpy</name>
         <value>0x200065e1</value>
         <object_component_ref idref="oc-3d"/>
      </symbol>
      <symbol id="sm-352">
         <name>__aeabi_memcpy8</name>
         <value>0x200065e1</value>
         <object_component_ref idref="oc-3d"/>
      </symbol>
      <symbol id="sm-353">
         <name>__aeabi_memcpy4</name>
         <value>0x200065e1</value>
         <object_component_ref idref="oc-3d"/>
      </symbol>
      <symbol id="sm-360">
         <name>__aeabi_uldivmod</name>
         <value>0x2000667d</value>
         <object_component_ref idref="oc-ef"/>
      </symbol>
      <symbol id="sm-374">
         <name>__TI_zero_init_nomemset</name>
         <value>0x20007261</value>
         <object_component_ref idref="oc-49"/>
      </symbol>
      <symbol id="sm-38b">
         <name>__TI_decompress_none</name>
         <value>0x2000742d</value>
         <object_component_ref idref="oc-1b"/>
      </symbol>
      <symbol id="sm-3ae">
         <name>__TI_decompress_lzss</name>
         <value>0x20006b8f</value>
         <object_component_ref idref="oc-15"/>
      </symbol>
      <symbol id="sm-3bf">
         <name>memmove</name>
         <value>0x20007139</value>
         <object_component_ref idref="oc-1f3"/>
      </symbol>
      <symbol id="sm-45d">
         <name>_sys_memory</name>
         <value>0x20017000</value>
         <object_component_ref idref="oc-23"/>
      </symbol>
      <symbol id="sm-45e">
         <name>free</name>
         <value>0x200061ed</value>
         <object_component_ref idref="oc-205"/>
      </symbol>
      <symbol id="sm-45f">
         <name>realloc</name>
         <value>0x200062d1</value>
         <object_component_ref idref="oc-1ff"/>
      </symbol>
      <symbol id="sm-460">
         <name>memalign</name>
         <value>0x20005ff1</value>
         <object_component_ref idref="oc-2a6"/>
      </symbol>
      <symbol id="sm-461">
         <name>malloc</name>
         <value>0x20007475</value>
         <object_component_ref idref="oc-1f9"/>
      </symbol>
      <symbol id="sm-462">
         <name>aligned_alloc</name>
         <value>0x20005ff1</value>
         <object_component_ref idref="oc-2a6"/>
      </symbol>
      <symbol id="sm-470">
         <name>strlen</name>
         <value>0x200073e5</value>
         <object_component_ref idref="oc-1ed"/>
      </symbol>
      <symbol id="sm-482">
         <name>__stack</name>
         <value>0x2002f800</value>
         <object_component_ref idref="oc-26"/>
      </symbol>
      <symbol id="sm-483">
         <name>_c_int00_noargs</name>
         <value>0x20007185</value>
         <object_component_ref idref="oc-5b"/>
      </symbol>
      <symbol id="sm-5e8">
         <name>__TI_printfi</name>
         <value>0x20004401</value>
         <object_component_ref idref="oc-282"/>
      </symbol>
      <symbol id="sm-5f2">
         <name>__aeabi_idiv0</name>
         <value>0x200059c3</value>
         <object_component_ref idref="oc-1ad"/>
      </symbol>
      <symbol id="sm-5f3">
         <name>__aeabi_ldiv0</name>
         <value>0x200059c3</value>
         <object_component_ref idref="oc-1ad"/>
      </symbol>
      <symbol id="sm-60a">
         <name>__aeabi_dsub</name>
         <value>0x2000580d</value>
         <object_component_ref idref="oc-3a0"/>
      </symbol>
      <symbol id="sm-60b">
         <name>__aeabi_dadd</name>
         <value>0x20005817</value>
         <object_component_ref idref="oc-3a0"/>
      </symbol>
      <symbol id="sm-62d">
         <name>__aeabi_cdcmpeq</name>
         <value>0x20006831</value>
         <object_component_ref idref="oc-31c"/>
      </symbol>
      <symbol id="sm-62e">
         <name>__aeabi_cdcmple</name>
         <value>0x20006831</value>
         <object_component_ref idref="oc-31c"/>
      </symbol>
      <symbol id="sm-62f">
         <name>__aeabi_cdrcmple</name>
         <value>0x200068b7</value>
         <object_component_ref idref="oc-38b"/>
      </symbol>
      <symbol id="sm-643">
         <name>__aeabi_ddiv</name>
         <value>0x20005c79</value>
         <object_component_ref idref="oc-386"/>
      </symbol>
      <symbol id="sm-64e">
         <name>__aeabi_dmul</name>
         <value>0x200060f1</value>
         <object_component_ref idref="oc-381"/>
      </symbol>
      <symbol id="sm-658">
         <name>__aeabi_d2iz</name>
         <value>0x20006e3d</value>
         <object_component_ref idref="oc-390"/>
      </symbol>
      <symbol id="sm-662">
         <name>__aeabi_i2d</name>
         <value>0x2000708d</value>
         <object_component_ref idref="oc-39b"/>
      </symbol>
      <symbol id="sm-671">
         <name>__aeabi_memset</name>
         <value>0x200069c1</value>
         <object_component_ref idref="oc-8b"/>
      </symbol>
      <symbol id="sm-672">
         <name>memset</name>
         <value>0x200069c7</value>
         <object_component_ref idref="oc-8b"/>
      </symbol>
      <symbol id="sm-673">
         <name>__aeabi_memset8</name>
         <value>0x200069c1</value>
         <object_component_ref idref="oc-8b"/>
      </symbol>
      <symbol id="sm-674">
         <name>__aeabi_memset4</name>
         <value>0x200069c1</value>
         <object_component_ref idref="oc-8b"/>
      </symbol>
      <symbol id="sm-675">
         <name>__aeabi_memclr8</name>
         <value>0x200069bf</value>
         <object_component_ref idref="oc-8b"/>
      </symbol>
      <symbol id="sm-676">
         <name>__aeabi_memclr4</name>
         <value>0x200069bf</value>
         <object_component_ref idref="oc-8b"/>
      </symbol>
      <symbol id="sm-677">
         <name>__aeabi_memclr</name>
         <value>0x200069bf</value>
         <object_component_ref idref="oc-8b"/>
      </symbol>
      <symbol id="sm-69f">
         <name>__TI_auto_init_nobinit_nopinit</name>
         <value>0x20006e85</value>
         <object_component_ref idref="oc-142"/>
      </symbol>
      <symbol id="sm-6a9">
         <name>_system_pre_init</name>
         <value>0x20007483</value>
         <object_component_ref idref="oc-91"/>
      </symbol>
      <symbol id="sm-6b5">
         <name>C$$EXIT</name>
         <value>0x20007487</value>
         <object_component_ref idref="oc-136"/>
      </symbol>
      <symbol id="sm-6b6">
         <name>abort</name>
         <value>0x20007487</value>
         <object_component_ref idref="oc-136"/>
      </symbol>
      <symbol id="sm-6cb">
         <name>_nop</name>
         <value>0x20004e4f</value>
         <object_component_ref idref="oc-2e4"/>
      </symbol>
      <symbol id="sm-6cc">
         <name>_lock</name>
         <value>0x200179a0</value>
         <object_component_ref idref="oc-241"/>
      </symbol>
      <symbol id="sm-6cd">
         <name>_unlock</name>
         <value>0x200179a4</value>
         <object_component_ref idref="oc-241"/>
      </symbol>
      <symbol id="sm-6dc">
         <name>__TI_ltoa</name>
         <value>0x20006d03</value>
         <object_component_ref idref="oc-395"/>
      </symbol>
      <symbol id="sm-6f3">
         <name>atoi</name>
         <value>0x20006da9</value>
         <object_component_ref idref="oc-310"/>
      </symbol>
      <symbol id="sm-6fe">
         <name>_ctypes_</name>
         <value>0x2000748c</value>
         <object_component_ref idref="oc-37a"/>
      </symbol>
      <symbol id="sm-70e">
         <name>memccpy</name>
         <value>0x20007299</value>
         <object_component_ref idref="oc-339"/>
      </symbol>
      <symbol id="sm-71e">
         <name>strchr</name>
         <value>0x20007391</value>
         <object_component_ref idref="oc-3cc"/>
      </symbol>
      <symbol id="sm-734">
         <name>__aeabi_errno_addr</name>
         <value>0x2000746d</value>
         <object_component_ref idref="oc-345"/>
      </symbol>
      <symbol id="sm-735">
         <name>errno</name>
         <value>0x200179b0</value>
         <object_component_ref idref="oc-3dc"/>
      </symbol>
      <symbol id="sm-74e">
         <name>wcslen</name>
         <value>0x200073f9</value>
         <object_component_ref idref="oc-33f"/>
      </symbol>
      <symbol id="sm-76e">
         <name>frexpl</name>
         <value>0x20006bf9</value>
         <object_component_ref idref="oc-3c0"/>
      </symbol>
      <symbol id="sm-76f">
         <name>frexp</name>
         <value>0x20006bf9</value>
         <object_component_ref idref="oc-3c0"/>
      </symbol>
      <symbol id="sm-78d">
         <name>scalbn</name>
         <value>0x200063b5</value>
         <object_component_ref idref="oc-3c6"/>
      </symbol>
      <symbol id="sm-78e">
         <name>scalbnl</name>
         <value>0x200063b5</value>
         <object_component_ref idref="oc-3c6"/>
      </symbol>
      <symbol id="sm-78f">
         <name>ldexpl</name>
         <value>0x200063b5</value>
         <object_component_ref idref="oc-3c6"/>
      </symbol>
      <symbol id="sm-790">
         <name>ldexp</name>
         <value>0x200063b5</value>
         <object_component_ref idref="oc-3c6"/>
      </symbol>
      <symbol id="sm-79a">
         <name>copysign</name>
         <value>0x20007455</value>
         <object_component_ref idref="oc-40b"/>
      </symbol>
      <symbol id="sm-79b">
         <name>copysignl</name>
         <value>0x20007455</value>
         <object_component_ref idref="oc-40b"/>
      </symbol>
      <symbol id="sm-79c">
         <name>__TI_static_base__</name>
         <value>0x20007750</value>
      </symbol>
      <symbol id="sm-79f">
         <name>__mpu_init</name>
         <value>0x0</value>
      </symbol>
      <symbol id="sm-7a0">
         <name>_system_post_cinit</name>
         <value>0x0</value>
      </symbol>
   </symbol_table>
   <title>Link successful</title>
</link_info>
