******************************************************************************
                  TI ARM Linker Unix v20.2.7                   
******************************************************************************
>> Linked Fri Jan 30 14:16:46 2026

OUTPUT FILE NAME:   <lab-3.out>
ENTRY POINT SYMBOL: "_c_int00_noargs"  address: 20007281


MEMORY CONFIGURATION

         name            origin    length      used     unused   attr    fill
----------------------  --------  ---------  --------  --------  ----  --------
  SRAM_CODE             20004000   00013000  00003882  0000f77e  RW X
  SRAM_DATA             20017000   00019000  000011b4  00017e4c  RW X


SEGMENT ALLOCATION MAP

run origin  load origin   length   init length attrs members
----------  ----------- ---------- ----------- ----- -------
20004000    20004000    00003888   00003888    r-x
  20004000    20004000    00000400   00000400    r-- .intvecs
  20004400    20004400    00003186   00003186    r-x .text
  20007588    20007588    000002c4   000002c4    r-- .const
  20007850    20007850    00000038   00000038    r-- .cinit
20017000    20017000    000009b4   00000000    rw-
  20017000    20017000    00000800   00000000    rw- .sysmem
  20017800    20017800    00000194   00000000    rw- .bss
  20017994    20017994    00000020   00000000    rw- .data
2002f800    2002f800    00000800   00000000    rw-
  2002f800    2002f800    00000800   00000000    rw- .stack


SECTION ALLOCATION MAP

 output                                  attributes/
section   page    origin      length       input sections
--------  ----  ----------  ----------   ----------------
.intvecs   0    20004000    00000400     
                  20004000    00000400     startup_ccs.obj (.intvecs)

.init_array 
*          0    20004000    00000000     UNINITIALIZED

.text      0    20004400    00003186     
                  20004400    00000a4e     rtsv7M4_T_le_eabi.lib : _printfi.c.obj (.text:__TI_printfi)
                  20004e4e    00000002                           : _lock.c.obj (.text:_nop)
                  20004e50    00000408     main.obj (.text)
                  20005258    0000027c     uart_if.obj (.text)
                  200054d4    00000268     rtsv7M4_T_le_eabi.lib : _printfi.c.obj (.text:_pconv_a)
                  2000573c    000001cc                           : _printfi.c.obj (.text:_pconv_g)
                  20005908    000001b6                           : fd_add_t2.asm.obj (.text)
                  20005abe    00000002                           : div0.asm.obj (.text)
                  20005ac0    00000178     driverlib.a : prcm.obj (.text:PRCMCC3200MCUInit)
                  20005c38    0000013c     rtsv7M4_T_le_eabi.lib : _printfi.c.obj (.text:_pconv_e)
                  20005d74    00000136                           : fd_div_t2.asm.obj (.text)
                  20005eaa    00000002     --HOLE-- [fill = 0]
                  20005eac    00000120                           : _printfi.c.obj (.text:fcvt)
                  20005fcc    00000120     pin_mux_config.obj (.text)
                  200060ec    00000100     rtsv7M4_T_le_eabi.lib : memory.c.obj (.text:aligned_alloc)
                  200061ec    000000fc                           : fd_mul_t2.asm.obj (.text)
                  200062e8    000000e4                           : memory.c.obj (.text:free)
                  200063cc    000000e4                           : memory.c.obj (.text:realloc)
                  200064b0    000000d0                           : s_scalbn.c.obj (.text:scalbn)
                  20006580    000000b1                           : _printfi.c.obj (.text:_ltostr)
                  20006631    00000003     --HOLE-- [fill = 0]
                  20006634    000000a8     driverlib.a : interrupt.obj (.text:IntEnable)
                  200066dc    0000009c     rtsv7M4_T_le_eabi.lib : memcpy_t2.asm.obj (.text)
                  20006778    00000096                           : ull_div_t2.asm.obj (.text)
                  2000680e    00000002     --HOLE-- [fill = 0]
                  20006810    00000094     driverlib.a : prcm.obj (.text:PRCMPeripheralClockGet)
                  200068a4    00000088                 : pin.obj (.text:PinConfigSet)
                  2000692c    00000086     rtsv7M4_T_le_eabi.lib : fd_cmp_t2.asm.obj (.text:__aeabi_cdcmple)
                  200069b2    00000086                           : fd_cmp_t2.asm.obj (.text:__aeabi_cdrcmple)
                  20006a38    00000082     driverlib.a : gpio.obj (.text:GPIOIntTypeSet)
                  20006aba    0000007a     rtsv7M4_T_le_eabi.lib : memset_t2.asm.obj (.text)
                  20006b34    00000076     driverlib.a : uart.obj (.text:UARTConfigSetExpClk)
                  20006baa    00000002     --HOLE-- [fill = 0]
                  20006bac    00000070     rtsv7M4_T_le_eabi.lib : memory.c.obj (.text:split)
                  20006c1c    0000006e                           : _printfi.c.obj (.text:_mcpy)
                  20006c8a    00000068                           : copy_decompress_lzss.c.obj (.text:decompress:lzss:__TI_decompress_lzss)
                  20006cf2    00000002     --HOLE-- [fill = 0]
                  20006cf4    0000005c                           : s_frexp.c.obj (.text:frexp)
                  20006d50    00000058     driverlib.a : prcm.obj (.text:PRCMPeripheralReset)
                  20006da8    00000056     rtsv7M4_T_le_eabi.lib : _printfi.c.obj (.text:_pconv_f)
                  20006dfe    00000054                           : _ltoa.c.obj (.text:__TI_ltoa)
                  20006e52    00000052                           : _printfi.c.obj (.text:_ecpy)
                  20006ea4    0000004c                           : atoi.c.obj (.text:atoi)
                  20006ef0    00000048     driverlib.a : gpio.obj (.text:GPIOGetIntNumber)
                  20006f38    00000048     rtsv7M4_T_le_eabi.lib : fd_toi_t2.asm.obj (.text)
                  20006f80    00000044                           : autoinit.c.obj (.text:__TI_auto_init_nobinit_nopinit:__TI_auto_init_nobinit_nopinit)
                  20006fc4    00000040     driverlib.a : pin.obj (.text:PinModeSet)
                  20007004    00000040     rtsv7M4_T_le_eabi.lib : vsnprintf.c.obj (.text:vsnprintf)
                  20007044    0000003e                           : _printfi.c.obj (.text:_fcpy)
                  20007082    00000002     --HOLE-- [fill = 0]
                  20007084    0000003c     driverlib.a : prcm.obj (.text:PRCMPeripheralClkEnable)
                  200070c0    00000036                 : gpio.obj (.text:GPIODirModeSet)
                  200070f6    00000030                 : pin.obj (.text:PinTypeGPIO)
                  20007126    00000002     --HOLE-- [fill = 0]
                  20007128    00000030                 : uart.obj (.text:UARTDisable)
                  20007158    00000030     rtsv7M4_T_le_eabi.lib : vsnprintf.c.obj (.text:_outs)
                  20007188    0000002e                           : i_tofd_t2.asm.obj (.text)
                  200071b6    00000002     --HOLE-- [fill = 0]
                  200071b8    0000002c     driverlib.a : prcm.obj (.text:PRCMSysResetCauseGet)
                  200071e4    00000028                 : prcm.obj (.text:PRCMPeripheralClkDisable)
                  2000720c    00000028     rtsv7M4_T_le_eabi.lib : memory.c.obj (.text:free_list_insert)
                  20007234    00000028                           : memmov.c.obj (.text:memmove)
                  2000725c    00000024     driverlib.a : uart.obj (.text:UARTEnable)
                  20007280    00000024     rtsv7M4_T_le_eabi.lib : boot_cortex_m.c.obj (.text:_c_int00_noargs:_c_int00_noargs)
                  200072a4    00000022     driverlib.a : gpio.obj (.text:GPIOIntStatus)
                  200072c6    00000002     --HOLE-- [fill = 0]
                  200072c8    00000020                 : interrupt.obj (.text:IntRegister)
                  200072e8    0000001e                 : gpio.obj (.text:GPIOIntRegister)
                  20007306    0000001e                 : uart.obj (.text:UARTCharPut)
                  20007324    0000001c                 : systick.obj (.text:SysTickIntRegister)
                  20007340    0000001c                 : uart.obj (.text:UARTCharGetNonBlocking)
                  2000735c    0000001c     rtsv7M4_T_le_eabi.lib : copy_zero_init.c.obj (.text:decompress:ZI:__TI_zero_init_nomemset:__TI_zero_init_nomemset)
                  20007378    0000001c                           : memory.c.obj (.text:free_list_remove)
                  20007394    0000001c                           : memccpy.c.obj (.text:memccpy)
                  200073b0    0000001a     driverlib.a : gpio.obj (.text:GPIOIntEnable)
                  200073ca    0000001a                 : pin.obj (.text:PinTypeSPI)
                  200073e4    0000001a                 : pin.obj (.text:PinTypeUART)
                  200073fe    00000002     --HOLE-- [fill = 0]
                  20007400    00000018                 : systick.obj (.text:SysTickPeriodSet)
                  20007418    00000018                 : uart.obj (.text:UARTCharsAvail)
                  20007430    00000018     rtsv7M4_T_le_eabi.lib : vsnprintf.c.obj (.text:_outc)
                  20007448    00000018                           : ll_mul_t2.asm.obj (.text)
                  20007460    00000016     driverlib.a : prcm.obj (.text:PRCMHIBRegRead)
                  20007476    00000016                 : prcm.obj (.text:PRCMHIBRegWrite)
                  2000748c    00000016     rtsv7M4_T_le_eabi.lib : strchr.c.obj (.text:strchr)
                  200074a2    00000014     driverlib.a : cpu.obj (.text:CPUcpsie)
                  200074b6    00000014                 : gpio.obj (.text:GPIOIntClear)
                  200074ca    00000002     --HOLE-- [fill = 0]
                  200074cc    00000014                 : interrupt.obj (.text:IntVTableBaseSet)
                  200074e0    00000014     rtsv7M4_T_le_eabi.lib : strlen.c.obj (.text:strlen)
                  200074f4    00000012                           : wcslen.c.obj (.text:wcslen)
                  20007506    00000002     --HOLE-- [fill = 0]
                  20007508    00000010     driverlib.a : systick.obj (.text:SysTickEnable)
                  20007518    00000010                 : systick.obj (.text:SysTickIntEnable)
                  20007528    0000000e     rtsv7M4_T_le_eabi.lib : copy_decompress_none.c.obj (.text:decompress:none:__TI_decompress_none)
                  20007536    0000000e     startup_ccs.obj (.text)
                  20007544    0000000c     driverlib.a : systick.obj (.text:SysTickValueGet)
                  20007550    0000000c     rtsv7M4_T_le_eabi.lib : s_copysign.c.obj (.text:copysign)
                  2000755c    0000000a     driverlib.a : interrupt.obj (.text:IntMasterEnable)
                  20007566    00000002     --HOLE-- [fill = 0]
                  20007568    00000008     rtsv7M4_T_le_eabi.lib : errno.c.obj (.text:__aeabi_errno_addr)
                  20007570    00000008                           : memory.c.obj (.text:malloc)
                  20007578    00000006     driverlib.a : utils.obj (.text:UtilsDelay)
                  2000757e    00000004     rtsv7M4_T_le_eabi.lib : pre_init.c.obj (.text:_system_pre_init)
                  20007582    00000004                           : exit.c.obj (.text:abort:abort)

.const     0    20007588    000002c4     
                  20007588    00000101     rtsv7M4_T_le_eabi.lib : ctype.c.obj (.const:.string:_ctypes_)
                  20007689    00000003     --HOLE-- [fill = 0]
                  2000768c    00000100     driverlib.a : pin.obj (.const:g_ulPinToPadMap)
                  2000778c    000000a8                 : prcm.obj (.const:PRCM_PeriphRegsList)
                  20007834    00000018                 : interrupt.obj (.const:g_pulEnRegs)

.cinit     0    20007850    00000038     
                  20007850    00000010     (.cinit..data.load) [load image, compression = lzss]
                  20007860    0000000c     (__TI_handler_table)
                  2000786c    00000004     --HOLE-- [fill = 0]
                  20007870    00000008     (.cinit..bss.load) [load image, compression = zero_init]
                  20007878    00000010     (__TI_cinit_table)

.sysmem    0    20017000    00000800     UNINITIALIZED
                  20017000    00000010     rtsv7M4_T_le_eabi.lib : memory.c.obj (.sysmem)
                  20017010    000007f0     --HOLE--

.bss       0    20017800    00000194     UNINITIALIZED
                  20017800    00000190     (.common:g_pulseWidths)
                  20017990    00000004     uart_if.obj (.bss)

.data      0    20017994    00000020     UNINITIALIZED
                  20017994    0000000c     main.obj (.data)
                  200179a0    00000008     rtsv7M4_T_le_eabi.lib : _lock.c.obj (.data:$O1$$)
                  200179a8    00000008                           : memory.c.obj (.data:$O1$$)
                  200179b0    00000004                           : errno.c.obj (.data)

.stack     0    2002f800    00000800     UNINITIALIZED
                  2002f800    00000004     rtsv7M4_T_le_eabi.lib : boot_cortex_m.c.obj (.stack)
                  2002f804    000007fc     --HOLE--

__llvm_prf_cnts 
*          0    20017000    00000000     UNINITIALIZED

MODULE SUMMARY

       Module                       code    ro data   rw data
       ------                       ----    -------   -------
    ./
       main.obj                     1032    0         412    
       startup_ccs.obj              14      1024      0      
       uart_if.obj                  636     0         4      
       pin_mux_config.obj           288     0         0      
    +--+----------------------------+-------+---------+---------+
       Total:                       1970    1024      416    
                                                             
    /Applications/TI/ccs/tools/compiler/ti-cgt-arm_20.2.7.LTS/lib/rtsv7M4_T_le_eabi.lib
       _printfi.c.obj               4835    0         0      
       memory.c.obj                 900     0         8      
       fd_add_t2.asm.obj            438     0         0      
       fd_div_t2.asm.obj            310     0         0      
       fd_cmp_t2.asm.obj            268     0         0      
       ctype.c.obj                  0       257       0      
       fd_mul_t2.asm.obj            252     0         0      
       s_scalbn.c.obj               208     0         0      
       memcpy_t2.asm.obj            156     0         0      
       ull_div_t2.asm.obj           150     0         0      
       vsnprintf.c.obj              136     0         0      
       memset_t2.asm.obj            122     0         0      
       copy_decompress_lzss.c.obj   104     0         0      
       s_frexp.c.obj                92      0         0      
       _ltoa.c.obj                  84      0         0      
       atoi.c.obj                   76      0         0      
       fd_toi_t2.asm.obj            72      0         0      
       autoinit.c.obj               68      0         0      
       i_tofd_t2.asm.obj            46      0         0      
       memmov.c.obj                 40      0         0      
       boot_cortex_m.c.obj          36      0         0      
       copy_zero_init.c.obj         28      0         0      
       memccpy.c.obj                28      0         0      
       ll_mul_t2.asm.obj            24      0         0      
       strchr.c.obj                 22      0         0      
       strlen.c.obj                 20      0         0      
       wcslen.c.obj                 18      0         0      
       copy_decompress_none.c.obj   14      0         0      
       errno.c.obj                  8       0         4      
       s_copysign.c.obj             12      0         0      
       _lock.c.obj                  2       0         8      
       exit.c.obj                   4       0         0      
       pre_init.c.obj               4       0         0      
       div0.asm.obj                 2       0         0      
    +--+----------------------------+-------+---------+---------+
       Total:                       8579    257       20     
                                                             
    /Applications/TI/lib/cc3200sdk_1.5.0/cc3200-sdk/driverlib/ccs/Release/driverlib.a
       prcm.obj                     800     168       0      
       pin.obj                      300     256       0      
       gpio.obj                     366     0         0      
       uart.obj                     284     0         0      
       interrupt.obj                230     24        0      
       systick.obj                  96      0         0      
       cpu.obj                      20      0         0      
       utils.obj                    6       0         0      
    +--+----------------------------+-------+---------+---------+
       Total:                       2102    448       0      
                                                             
       Heap:                        0       0         2048   
       Stack:                       0       0         2048   
       Linker Generated:            0       52        0      
    +--+----------------------------+-------+---------+---------+
       Grand Total:                 12651   1781      4532   


LINKER GENERATED COPY TABLES

__TI_cinit_table @ 20007878 records: 2, size/record: 8, table size: 16
	.data: load addr=20007850, load size=00000010 bytes, run addr=20017994, run size=00000020 bytes, compression=lzss
	.bss: load addr=20007870, load size=00000008 bytes, run addr=20017800, run size=00000194 bytes, compression=zero_init


LINKER GENERATED HANDLER TABLE

__TI_handler_table @ 20007860 records: 3, size/record: 4, table size: 12
	index: 0, handler: __TI_decompress_lzss
	index: 1, handler: __TI_decompress_none
	index: 2, handler: __TI_zero_init


GLOBAL SYMBOLS: SORTED ALPHABETICALLY BY Name 

address   name                          
-------   ----                          
20007583  C$$EXIT                       
200074a3  CPUcpsie                      
20005299  ClearTerm                     
200052a3  Error                         
200070c1  GPIODirModeSet                
200074b7  GPIOIntClear                  
200073b1  GPIOIntEnable                 
200072e9  GPIOIntRegister               
200072a5  GPIOIntStatus                 
20006a39  GPIOIntTypeSet                
200052db  GetCmd                        
20005259  InitTerm                      
20006635  IntEnable                     
2000755d  IntMasterEnable               
200072c9  IntRegister                   
200074cd  IntVTableBaseSet              
20005277  Message                       
20005ac1  PRCMCC3200MCUInit             
20007461  PRCMHIBRegRead                
20007477  PRCMHIBRegWrite               
200071e5  PRCMPeripheralClkDisable      
20007085  PRCMPeripheralClkEnable       
20006811  PRCMPeripheralClockGet        
20006d51  PRCMPeripheralReset           
200071b9  PRCMSysResetCauseGet          
200068a5  PinConfigSet                  
20006fc5  PinModeSet                    
20005fcd  PinMuxConfig                  
200070f7  PinTypeGPIO                   
200073cb  PinTypeSPI                    
200073e5  PinTypeUART                   
20005419  Report                        
20007537  ResetISR                      
20007509  SysTickEnable                 
20007519  SysTickIntEnable              
20007325  SysTickIntRegister            
20007401  SysTickPeriodSet              
20007545  SysTickValueGet               
20005381  TrimSpace                     
20007341  UARTCharGetNonBlocking        
20007307  UARTCharPut                   
20007419  UARTCharsAvail                
20006b35  UARTConfigSetExpClk           
20007129  UARTDisable                   
2000725d  UARTEnable                    
20007579  UtilsDelay                    
20030000  __STACK_END                   
00000800  __STACK_SIZE                  
00000800  __SYSMEM_SIZE                 
20007878  __TI_CINIT_Base               
20007888  __TI_CINIT_Limit              
20007860  __TI_Handler_Table_Base       
2000786c  __TI_Handler_Table_Limit      
20006f81  __TI_auto_init_nobinit_nopinit
20006c8b  __TI_decompress_lzss          
20007529  __TI_decompress_none          
20006dff  __TI_ltoa                     
ffffffff  __TI_pprof_out_hndl           
20004401  __TI_printfi                  
ffffffff  __TI_prof_data_size           
ffffffff  __TI_prof_data_start          
20007850  __TI_static_base__            
2000735d  __TI_zero_init_nomemset       
2000692d  __aeabi_cdcmpeq               
2000692d  __aeabi_cdcmple               
200069b3  __aeabi_cdrcmple              
20006f39  __aeabi_d2iz                  
20005913  __aeabi_dadd                  
20005d75  __aeabi_ddiv                  
200061ed  __aeabi_dmul                  
20005909  __aeabi_dsub                  
20007569  __aeabi_errno_addr            
20007189  __aeabi_i2d                   
20005abf  __aeabi_idiv0                 
20005abf  __aeabi_ldiv0                 
20007449  __aeabi_lmul                  
20006abb  __aeabi_memclr                
20006abb  __aeabi_memclr4               
20006abb  __aeabi_memclr8               
200066dd  __aeabi_memcpy                
200066dd  __aeabi_memcpy4               
200066dd  __aeabi_memcpy8               
20006abd  __aeabi_memset                
20006abd  __aeabi_memset4               
20006abd  __aeabi_memset8               
20006779  __aeabi_uldivmod              
ffffffff  __binit__                     
ffffffff  __c_args__                    
UNDEFED   __mpu_init                    
2002f800  __stack                       
20017000  __start___llvm_prf_cnts       
20017000  __stop___llvm_prf_cnts        
20007281  _c_int00_noargs               
20007588  _ctypes_                      
200179a0  _lock                         
20004e4f  _nop                          
20017000  _sys_memory                   
UNDEFED   _system_post_cinit            
2000757f  _system_pre_init              
200179a4  _unlock                       
20007583  abort                         
200060ed  aligned_alloc                 
20006ea5  atoi                          
ffffffff  binit                         
20007551  copysign                      
20007551  copysignl                     
200179b0  errno                         
200062e9  free                          
20006cf5  frexp                         
20006cf5  frexpl                        
20004000  g_pfnVectors                  
20017994  g_pulseIdx                    
20017998  g_pulseReady                  
20017800  g_pulseWidths                 
2001799c  g_systickExpired              
200064b1  ldexp                         
200064b1  ldexpl                        
20005145  main                          
20007571  malloc                        
200060ed  memalign                      
20007395  memccpy                       
200066dd  memcpy                        
20007235  memmove                       
20006ac3  memset                        
200063cd  realloc                       
200064b1  scalbn                        
200064b1  scalbnl                       
2000748d  strchr                        
200074e1  strlen                        
20007005  vsnprintf                     
200074f5  wcslen                        


GLOBAL SYMBOLS: SORTED BY Symbol Address 

address   name                          
-------   ----                          
00000800  __STACK_SIZE                  
00000800  __SYSMEM_SIZE                 
20004000  g_pfnVectors                  
20004401  __TI_printfi                  
20004e4f  _nop                          
20005145  main                          
20005259  InitTerm                      
20005277  Message                       
20005299  ClearTerm                     
200052a3  Error                         
200052db  GetCmd                        
20005381  TrimSpace                     
20005419  Report                        
20005909  __aeabi_dsub                  
20005913  __aeabi_dadd                  
20005abf  __aeabi_idiv0                 
20005abf  __aeabi_ldiv0                 
20005ac1  PRCMCC3200MCUInit             
20005d75  __aeabi_ddiv                  
20005fcd  PinMuxConfig                  
200060ed  aligned_alloc                 
200060ed  memalign                      
200061ed  __aeabi_dmul                  
200062e9  free                          
200063cd  realloc                       
200064b1  ldexp                         
200064b1  ldexpl                        
200064b1  scalbn                        
200064b1  scalbnl                       
20006635  IntEnable                     
200066dd  __aeabi_memcpy                
200066dd  __aeabi_memcpy4               
200066dd  __aeabi_memcpy8               
200066dd  memcpy                        
20006779  __aeabi_uldivmod              
20006811  PRCMPeripheralClockGet        
200068a5  PinConfigSet                  
2000692d  __aeabi_cdcmpeq               
2000692d  __aeabi_cdcmple               
200069b3  __aeabi_cdrcmple              
20006a39  GPIOIntTypeSet                
20006abb  __aeabi_memclr                
20006abb  __aeabi_memclr4               
20006abb  __aeabi_memclr8               
20006abd  __aeabi_memset                
20006abd  __aeabi_memset4               
20006abd  __aeabi_memset8               
20006ac3  memset                        
20006b35  UARTConfigSetExpClk           
20006c8b  __TI_decompress_lzss          
20006cf5  frexp                         
20006cf5  frexpl                        
20006d51  PRCMPeripheralReset           
20006dff  __TI_ltoa                     
20006ea5  atoi                          
20006f39  __aeabi_d2iz                  
20006f81  __TI_auto_init_nobinit_nopinit
20006fc5  PinModeSet                    
20007005  vsnprintf                     
20007085  PRCMPeripheralClkEnable       
200070c1  GPIODirModeSet                
200070f7  PinTypeGPIO                   
20007129  UARTDisable                   
20007189  __aeabi_i2d                   
200071b9  PRCMSysResetCauseGet          
200071e5  PRCMPeripheralClkDisable      
20007235  memmove                       
2000725d  UARTEnable                    
20007281  _c_int00_noargs               
200072a5  GPIOIntStatus                 
200072c9  IntRegister                   
200072e9  GPIOIntRegister               
20007307  UARTCharPut                   
20007325  SysTickIntRegister            
20007341  UARTCharGetNonBlocking        
2000735d  __TI_zero_init_nomemset       
20007395  memccpy                       
200073b1  GPIOIntEnable                 
200073cb  PinTypeSPI                    
200073e5  PinTypeUART                   
20007401  SysTickPeriodSet              
20007419  UARTCharsAvail                
20007449  __aeabi_lmul                  
20007461  PRCMHIBRegRead                
20007477  PRCMHIBRegWrite               
2000748d  strchr                        
200074a3  CPUcpsie                      
200074b7  GPIOIntClear                  
200074cd  IntVTableBaseSet              
200074e1  strlen                        
200074f5  wcslen                        
20007509  SysTickEnable                 
20007519  SysTickIntEnable              
20007529  __TI_decompress_none          
20007537  ResetISR                      
20007545  SysTickValueGet               
20007551  copysign                      
20007551  copysignl                     
2000755d  IntMasterEnable               
20007569  __aeabi_errno_addr            
20007571  malloc                        
20007579  UtilsDelay                    
2000757f  _system_pre_init              
20007583  C$$EXIT                       
20007583  abort                         
20007588  _ctypes_                      
20007850  __TI_static_base__            
20007860  __TI_Handler_Table_Base       
2000786c  __TI_Handler_Table_Limit      
20007878  __TI_CINIT_Base               
20007888  __TI_CINIT_Limit              
20017000  __start___llvm_prf_cnts       
20017000  __stop___llvm_prf_cnts        
20017000  _sys_memory                   
20017800  g_pulseWidths                 
20017994  g_pulseIdx                    
20017998  g_pulseReady                  
2001799c  g_systickExpired              
200179a0  _lock                         
200179a4  _unlock                       
200179b0  errno                         
2002f800  __stack                       
20030000  __STACK_END                   
ffffffff  __TI_pprof_out_hndl           
ffffffff  __TI_prof_data_size           
ffffffff  __TI_prof_data_start          
ffffffff  __binit__                     
ffffffff  __c_args__                    
ffffffff  binit                         
UNDEFED   __mpu_init                    
UNDEFED   _system_post_cinit            

[131 symbols]
