<?xml version="1.0" encoding="ISO-8859-1" ?>
<link_info>
   <banner>TI ARM Linker Unix v20.2.7.LTS</banner>
   <copyright>Copyright (c) 1996-2018 Texas Instruments Incorporated</copyright>
   <link_time>0x697ba66b</link_time>
   <link_errors>0x0</link_errors>
   <output_file>lab-3.out</output_file>
   <entry_point>
      <name>_c_int00_noargs</name>
      <address>0x200091d5</address>
   </entry_point>
   <input_file_list>
      <input_file id="fl-1">
         <path>./</path>
         <kind>object</kind>
         <file>Adafruit_GFX.obj</file>
         <name>Adafruit_GFX.obj</name>
      </input_file>
      <input_file id="fl-2">
         <path>./</path>
         <kind>object</kind>
         <file>Adafruit_OLED.obj</file>
         <name>Adafruit_OLED.obj</name>
      </input_file>
      <input_file id="fl-3">
         <path>./</path>
         <kind>object</kind>
         <file>i2c_if.obj</file>
         <name>i2c_if.obj</name>
      </input_file>
      <input_file id="fl-4">
         <path>./</path>
         <kind>object</kind>
         <file>main.obj</file>
         <name>main.obj</name>
      </input_file>
      <input_file id="fl-5">
         <path>./</path>
         <kind>object</kind>
         <file>oled_tests.obj</file>
         <name>oled_tests.obj</name>
      </input_file>
      <input_file id="fl-6">
         <path>./</path>
         <kind>object</kind>
         <file>pin_mux_config.obj</file>
         <name>pin_mux_config.obj</name>
      </input_file>
      <input_file id="fl-7">
         <path>./</path>
         <kind>object</kind>
         <file>startup_ccs.obj</file>
         <name>startup_ccs.obj</name>
      </input_file>
      <input_file id="fl-8">
         <path>./</path>
         <kind>object</kind>
         <file>uart_if.obj</file>
         <name>uart_if.obj</name>
      </input_file>
      <input_file id="fl-d">
         <kind>object</kind>
         <file>&lt;internal&gt;</file>
         <name>&lt;internal&gt;</name>
      </input_file>
      <input_file id="fl-e">
         <path>/Applications/TI/lib/cc3200sdk_1.5.0/cc3200-sdk/driverlib/ccs/Release/</path>
         <kind>archive</kind>
         <file>driverlib.a</file>
         <name>gpio.obj</name>
      </input_file>
      <input_file id="fl-f">
         <path>/Applications/TI/lib/cc3200sdk_1.5.0/cc3200-sdk/driverlib/ccs/Release/</path>
         <kind>archive</kind>
         <file>driverlib.a</file>
         <name>i2c.obj</name>
      </input_file>
      <input_file id="fl-10">
         <path>/Applications/TI/lib/cc3200sdk_1.5.0/cc3200-sdk/driverlib/ccs/Release/</path>
         <kind>archive</kind>
         <file>driverlib.a</file>
         <name>interrupt.obj</name>
      </input_file>
      <input_file id="fl-11">
         <path>/Applications/TI/lib/cc3200sdk_1.5.0/cc3200-sdk/driverlib/ccs/Release/</path>
         <kind>archive</kind>
         <file>driverlib.a</file>
         <name>pin.obj</name>
      </input_file>
      <input_file id="fl-12">
         <path>/Applications/TI/lib/cc3200sdk_1.5.0/cc3200-sdk/driverlib/ccs/Release/</path>
         <kind>archive</kind>
         <file>driverlib.a</file>
         <name>prcm.obj</name>
      </input_file>
      <input_file id="fl-13">
         <path>/Applications/TI/lib/cc3200sdk_1.5.0/cc3200-sdk/driverlib/ccs/Release/</path>
         <kind>archive</kind>
         <file>driverlib.a</file>
         <name>spi.obj</name>
      </input_file>
      <input_file id="fl-14">
         <path>/Applications/TI/lib/cc3200sdk_1.5.0/cc3200-sdk/driverlib/ccs/Release/</path>
         <kind>archive</kind>
         <file>driverlib.a</file>
         <name>systick.obj</name>
      </input_file>
      <input_file id="fl-15">
         <path>/Applications/TI/lib/cc3200sdk_1.5.0/cc3200-sdk/driverlib/ccs/Release/</path>
         <kind>archive</kind>
         <file>driverlib.a</file>
         <name>uart.obj</name>
      </input_file>
      <input_file id="fl-16">
         <path>/Applications/TI/lib/cc3200sdk_1.5.0/cc3200-sdk/driverlib/ccs/Release/</path>
         <kind>archive</kind>
         <file>driverlib.a</file>
         <name>utils.obj</name>
      </input_file>
      <input_file id="fl-17">
         <path>/Applications/TI/lib/cc3200sdk_1.5.0/cc3200-sdk/driverlib/ccs/Release/</path>
         <kind>archive</kind>
         <file>driverlib.a</file>
         <name>cpu.obj</name>
      </input_file>
      <input_file id="fl-18">
         <path>/Applications/TI/lib/cc3200sdk_1.5.0/cc3200-sdk/driverlib/ccs/Release/</path>
         <kind>archive</kind>
         <file>driverlib.a</file>
         <name>flash.obj</name>
      </input_file>
      <input_file id="fl-ce">
         <path>/Applications/TI/ccs/tools/compiler/ti-cgt-arm_20.2.7.LTS/lib/</path>
         <kind>archive</kind>
         <file>rtsv7M4_T_le_eabi.lib</file>
         <name>printf.c.obj</name>
      </input_file>
      <input_file id="fl-cf">
         <path>/Applications/TI/ccs/tools/compiler/ti-cgt-arm_20.2.7.LTS/lib/</path>
         <kind>archive</kind>
         <file>rtsv7M4_T_le_eabi.lib</file>
         <name>_printfi.c.obj</name>
      </input_file>
      <input_file id="fl-d0">
         <path>/Applications/TI/ccs/tools/compiler/ti-cgt-arm_20.2.7.LTS/lib/</path>
         <kind>archive</kind>
         <file>rtsv7M4_T_le_eabi.lib</file>
         <name>vsnprintf.c.obj</name>
      </input_file>
      <input_file id="fl-d1">
         <path>/Applications/TI/ccs/tools/compiler/ti-cgt-arm_20.2.7.LTS/lib/</path>
         <kind>archive</kind>
         <file>rtsv7M4_T_le_eabi.lib</file>
         <name>fputc.c.obj</name>
      </input_file>
      <input_file id="fl-d2">
         <path>/Applications/TI/ccs/tools/compiler/ti-cgt-arm_20.2.7.LTS/lib/</path>
         <kind>archive</kind>
         <file>rtsv7M4_T_le_eabi.lib</file>
         <name>fputs.c.obj</name>
      </input_file>
      <input_file id="fl-d3">
         <path>/Applications/TI/ccs/tools/compiler/ti-cgt-arm_20.2.7.LTS/lib/</path>
         <kind>archive</kind>
         <file>rtsv7M4_T_le_eabi.lib</file>
         <name>_io_perm.c.obj</name>
      </input_file>
      <input_file id="fl-d4">
         <path>/Applications/TI/ccs/tools/compiler/ti-cgt-arm_20.2.7.LTS/lib/</path>
         <kind>archive</kind>
         <file>rtsv7M4_T_le_eabi.lib</file>
         <name>setvbuf.c.obj</name>
      </input_file>
      <input_file id="fl-d5">
         <path>/Applications/TI/ccs/tools/compiler/ti-cgt-arm_20.2.7.LTS/lib/</path>
         <kind>archive</kind>
         <file>rtsv7M4_T_le_eabi.lib</file>
         <name>fd_add_t2.asm.obj</name>
      </input_file>
      <input_file id="fl-d6">
         <path>/Applications/TI/ccs/tools/compiler/ti-cgt-arm_20.2.7.LTS/lib/</path>
         <kind>archive</kind>
         <file>rtsv7M4_T_le_eabi.lib</file>
         <name>fd_cmp_t2.asm.obj</name>
      </input_file>
      <input_file id="fl-d7">
         <path>/Applications/TI/ccs/tools/compiler/ti-cgt-arm_20.2.7.LTS/lib/</path>
         <kind>archive</kind>
         <file>rtsv7M4_T_le_eabi.lib</file>
         <name>fd_div_t2.asm.obj</name>
      </input_file>
      <input_file id="fl-d8">
         <path>/Applications/TI/ccs/tools/compiler/ti-cgt-arm_20.2.7.LTS/lib/</path>
         <kind>archive</kind>
         <file>rtsv7M4_T_le_eabi.lib</file>
         <name>fd_mul_t2.asm.obj</name>
      </input_file>
      <input_file id="fl-d9">
         <path>/Applications/TI/ccs/tools/compiler/ti-cgt-arm_20.2.7.LTS/lib/</path>
         <kind>archive</kind>
         <file>rtsv7M4_T_le_eabi.lib</file>
         <name>fd_toi_t2.asm.obj</name>
      </input_file>
      <input_file id="fl-da">
         <path>/Applications/TI/ccs/tools/compiler/ti-cgt-arm_20.2.7.LTS/lib/</path>
         <kind>archive</kind>
         <file>rtsv7M4_T_le_eabi.lib</file>
         <name>i_tofd_t2.asm.obj</name>
      </input_file>
      <input_file id="fl-db">
         <path>/Applications/TI/ccs/tools/compiler/ti-cgt-arm_20.2.7.LTS/lib/</path>
         <kind>archive</kind>
         <file>rtsv7M4_T_le_eabi.lib</file>
         <name>ll_lsl_t2.asm.obj</name>
      </input_file>
      <input_file id="fl-dc">
         <path>/Applications/TI/ccs/tools/compiler/ti-cgt-arm_20.2.7.LTS/lib/</path>
         <kind>archive</kind>
         <file>rtsv7M4_T_le_eabi.lib</file>
         <name>memcpy_t2.asm.obj</name>
      </input_file>
      <input_file id="fl-dd">
         <path>/Applications/TI/ccs/tools/compiler/ti-cgt-arm_20.2.7.LTS/lib/</path>
         <kind>archive</kind>
         <file>rtsv7M4_T_le_eabi.lib</file>
         <name>memset_t2.asm.obj</name>
      </input_file>
      <input_file id="fl-de">
         <path>/Applications/TI/ccs/tools/compiler/ti-cgt-arm_20.2.7.LTS/lib/</path>
         <kind>archive</kind>
         <file>rtsv7M4_T_le_eabi.lib</file>
         <name>ull_div_t2.asm.obj</name>
      </input_file>
      <input_file id="fl-df">
         <path>/Applications/TI/ccs/tools/compiler/ti-cgt-arm_20.2.7.LTS/lib/</path>
         <kind>archive</kind>
         <file>rtsv7M4_T_le_eabi.lib</file>
         <name>copy_zero_init.c.obj</name>
      </input_file>
      <input_file id="fl-e0">
         <path>/Applications/TI/ccs/tools/compiler/ti-cgt-arm_20.2.7.LTS/lib/</path>
         <kind>archive</kind>
         <file>rtsv7M4_T_le_eabi.lib</file>
         <name>copy_decompress_none.c.obj</name>
      </input_file>
      <input_file id="fl-e1">
         <path>/Applications/TI/ccs/tools/compiler/ti-cgt-arm_20.2.7.LTS/lib/</path>
         <kind>archive</kind>
         <file>rtsv7M4_T_le_eabi.lib</file>
         <name>copy_decompress_lzss.c.obj</name>
      </input_file>
      <input_file id="fl-e2">
         <path>/Applications/TI/ccs/tools/compiler/ti-cgt-arm_20.2.7.LTS/lib/</path>
         <kind>archive</kind>
         <file>rtsv7M4_T_le_eabi.lib</file>
         <name>exit.c.obj</name>
      </input_file>
      <input_file id="fl-e3">
         <path>/Applications/TI/ccs/tools/compiler/ti-cgt-arm_20.2.7.LTS/lib/</path>
         <kind>archive</kind>
         <file>rtsv7M4_T_le_eabi.lib</file>
         <name>_lock.c.obj</name>
      </input_file>
      <input_file id="fl-e4">
         <path>/Applications/TI/ccs/tools/compiler/ti-cgt-arm_20.2.7.LTS/lib/</path>
         <kind>archive</kind>
         <file>rtsv7M4_T_le_eabi.lib</file>
         <name>_ltoa.c.obj</name>
      </input_file>
      <input_file id="fl-e5">
         <path>/Applications/TI/ccs/tools/compiler/ti-cgt-arm_20.2.7.LTS/lib/</path>
         <kind>archive</kind>
         <file>rtsv7M4_T_le_eabi.lib</file>
         <name>atoi.c.obj</name>
      </input_file>
      <input_file id="fl-e6">
         <path>/Applications/TI/ccs/tools/compiler/ti-cgt-arm_20.2.7.LTS/lib/</path>
         <kind>archive</kind>
         <file>rtsv7M4_T_le_eabi.lib</file>
         <name>ctype.c.obj</name>
      </input_file>
      <input_file id="fl-e7">
         <path>/Applications/TI/ccs/tools/compiler/ti-cgt-arm_20.2.7.LTS/lib/</path>
         <kind>archive</kind>
         <file>rtsv7M4_T_le_eabi.lib</file>
         <name>defs.c.obj</name>
      </input_file>
      <input_file id="fl-e8">
         <path>/Applications/TI/ccs/tools/compiler/ti-cgt-arm_20.2.7.LTS/lib/</path>
         <kind>archive</kind>
         <file>rtsv7M4_T_le_eabi.lib</file>
         <name>memccpy.c.obj</name>
      </input_file>
      <input_file id="fl-e9">
         <path>/Applications/TI/ccs/tools/compiler/ti-cgt-arm_20.2.7.LTS/lib/</path>
         <kind>archive</kind>
         <file>rtsv7M4_T_le_eabi.lib</file>
         <name>memchr.c.obj</name>
      </input_file>
      <input_file id="fl-ea">
         <path>/Applications/TI/ccs/tools/compiler/ti-cgt-arm_20.2.7.LTS/lib/</path>
         <kind>archive</kind>
         <file>rtsv7M4_T_le_eabi.lib</file>
         <name>memmov.c.obj</name>
      </input_file>
      <input_file id="fl-eb">
         <path>/Applications/TI/ccs/tools/compiler/ti-cgt-arm_20.2.7.LTS/lib/</path>
         <kind>archive</kind>
         <file>rtsv7M4_T_le_eabi.lib</file>
         <name>memory.c.obj</name>
      </input_file>
      <input_file id="fl-ec">
         <path>/Applications/TI/ccs/tools/compiler/ti-cgt-arm_20.2.7.LTS/lib/</path>
         <kind>archive</kind>
         <file>rtsv7M4_T_le_eabi.lib</file>
         <name>strchr.c.obj</name>
      </input_file>
      <input_file id="fl-ed">
         <path>/Applications/TI/ccs/tools/compiler/ti-cgt-arm_20.2.7.LTS/lib/</path>
         <kind>archive</kind>
         <file>rtsv7M4_T_le_eabi.lib</file>
         <name>strlen.c.obj</name>
      </input_file>
      <input_file id="fl-ee">
         <path>/Applications/TI/ccs/tools/compiler/ti-cgt-arm_20.2.7.LTS/lib/</path>
         <kind>archive</kind>
         <file>rtsv7M4_T_le_eabi.lib</file>
         <name>boot_cortex_m.c.obj</name>
      </input_file>
      <input_file id="fl-ef">
         <path>/Applications/TI/ccs/tools/compiler/ti-cgt-arm_20.2.7.LTS/lib/</path>
         <kind>archive</kind>
         <file>rtsv7M4_T_le_eabi.lib</file>
         <name>write.c.obj</name>
      </input_file>
      <input_file id="fl-f0">
         <path>/Applications/TI/ccs/tools/compiler/ti-cgt-arm_20.2.7.LTS/lib/</path>
         <kind>archive</kind>
         <file>rtsv7M4_T_le_eabi.lib</file>
         <name>host_device.c.obj</name>
      </input_file>
      <input_file id="fl-f1">
         <path>/Applications/TI/ccs/tools/compiler/ti-cgt-arm_20.2.7.LTS/lib/</path>
         <kind>archive</kind>
         <file>rtsv7M4_T_le_eabi.lib</file>
         <name>errno.c.obj</name>
      </input_file>
      <input_file id="fl-f2">
         <path>/Applications/TI/ccs/tools/compiler/ti-cgt-arm_20.2.7.LTS/lib/</path>
         <kind>archive</kind>
         <file>rtsv7M4_T_le_eabi.lib</file>
         <name>wcslen.c.obj</name>
      </input_file>
      <input_file id="fl-f3">
         <path>/Applications/TI/ccs/tools/compiler/ti-cgt-arm_20.2.7.LTS/lib/</path>
         <kind>archive</kind>
         <file>rtsv7M4_T_le_eabi.lib</file>
         <name>s_frexp.c.obj</name>
      </input_file>
      <input_file id="fl-f4">
         <path>/Applications/TI/ccs/tools/compiler/ti-cgt-arm_20.2.7.LTS/lib/</path>
         <kind>archive</kind>
         <file>rtsv7M4_T_le_eabi.lib</file>
         <name>s_scalbn.c.obj</name>
      </input_file>
      <input_file id="fl-f5">
         <path>/Applications/TI/ccs/tools/compiler/ti-cgt-arm_20.2.7.LTS/lib/</path>
         <kind>archive</kind>
         <file>rtsv7M4_T_le_eabi.lib</file>
         <name>fflush.c.obj</name>
      </input_file>
      <input_file id="fl-f6">
         <path>/Applications/TI/ccs/tools/compiler/ti-cgt-arm_20.2.7.LTS/lib/</path>
         <kind>archive</kind>
         <file>rtsv7M4_T_le_eabi.lib</file>
         <name>fopen.c.obj</name>
      </input_file>
      <input_file id="fl-f7">
         <path>/Applications/TI/ccs/tools/compiler/ti-cgt-arm_20.2.7.LTS/lib/</path>
         <kind>archive</kind>
         <file>rtsv7M4_T_le_eabi.lib</file>
         <name>fseek.c.obj</name>
      </input_file>
      <input_file id="fl-f8">
         <path>/Applications/TI/ccs/tools/compiler/ti-cgt-arm_20.2.7.LTS/lib/</path>
         <kind>archive</kind>
         <file>rtsv7M4_T_le_eabi.lib</file>
         <name>div0.asm.obj</name>
      </input_file>
      <input_file id="fl-f9">
         <path>/Applications/TI/ccs/tools/compiler/ti-cgt-arm_20.2.7.LTS/lib/</path>
         <kind>archive</kind>
         <file>rtsv7M4_T_le_eabi.lib</file>
         <name>autoinit.c.obj</name>
      </input_file>
      <input_file id="fl-fa">
         <path>/Applications/TI/ccs/tools/compiler/ti-cgt-arm_20.2.7.LTS/lib/</path>
         <kind>archive</kind>
         <file>rtsv7M4_T_le_eabi.lib</file>
         <name>pre_init.c.obj</name>
      </input_file>
      <input_file id="fl-fb">
         <path>/Applications/TI/ccs/tools/compiler/ti-cgt-arm_20.2.7.LTS/lib/</path>
         <kind>archive</kind>
         <file>rtsv7M4_T_le_eabi.lib</file>
         <name>cpy_tbl.c.obj</name>
      </input_file>
      <input_file id="fl-fc">
         <path>/Applications/TI/ccs/tools/compiler/ti-cgt-arm_20.2.7.LTS/lib/</path>
         <kind>archive</kind>
         <file>rtsv7M4_T_le_eabi.lib</file>
         <name>args_main.c.obj</name>
      </input_file>
      <input_file id="fl-fd">
         <path>/Applications/TI/ccs/tools/compiler/ti-cgt-arm_20.2.7.LTS/lib/</path>
         <kind>archive</kind>
         <file>rtsv7M4_T_le_eabi.lib</file>
         <name>hostclose.c.obj</name>
      </input_file>
      <input_file id="fl-fe">
         <path>/Applications/TI/ccs/tools/compiler/ti-cgt-arm_20.2.7.LTS/lib/</path>
         <kind>archive</kind>
         <file>rtsv7M4_T_le_eabi.lib</file>
         <name>hostlseek.c.obj</name>
      </input_file>
      <input_file id="fl-ff">
         <path>/Applications/TI/ccs/tools/compiler/ti-cgt-arm_20.2.7.LTS/lib/</path>
         <kind>archive</kind>
         <file>rtsv7M4_T_le_eabi.lib</file>
         <name>hostopen.c.obj</name>
      </input_file>
      <input_file id="fl-100">
         <path>/Applications/TI/ccs/tools/compiler/ti-cgt-arm_20.2.7.LTS/lib/</path>
         <kind>archive</kind>
         <file>rtsv7M4_T_le_eabi.lib</file>
         <name>hostread.c.obj</name>
      </input_file>
      <input_file id="fl-101">
         <path>/Applications/TI/ccs/tools/compiler/ti-cgt-arm_20.2.7.LTS/lib/</path>
         <kind>archive</kind>
         <file>rtsv7M4_T_le_eabi.lib</file>
         <name>hostrename.c.obj</name>
      </input_file>
      <input_file id="fl-102">
         <path>/Applications/TI/ccs/tools/compiler/ti-cgt-arm_20.2.7.LTS/lib/</path>
         <kind>archive</kind>
         <file>rtsv7M4_T_le_eabi.lib</file>
         <name>hostunlink.c.obj</name>
      </input_file>
      <input_file id="fl-103">
         <path>/Applications/TI/ccs/tools/compiler/ti-cgt-arm_20.2.7.LTS/lib/</path>
         <kind>archive</kind>
         <file>rtsv7M4_T_le_eabi.lib</file>
         <name>hostwrite.c.obj</name>
      </input_file>
      <input_file id="fl-104">
         <path>/Applications/TI/ccs/tools/compiler/ti-cgt-arm_20.2.7.LTS/lib/</path>
         <kind>archive</kind>
         <file>rtsv7M4_T_le_eabi.lib</file>
         <name>trgmsg.c.obj</name>
      </input_file>
      <input_file id="fl-105">
         <path>/Applications/TI/ccs/tools/compiler/ti-cgt-arm_20.2.7.LTS/lib/</path>
         <kind>archive</kind>
         <file>rtsv7M4_T_le_eabi.lib</file>
         <name>open.c.obj</name>
      </input_file>
      <input_file id="fl-106">
         <path>/Applications/TI/ccs/tools/compiler/ti-cgt-arm_20.2.7.LTS/lib/</path>
         <kind>archive</kind>
         <file>rtsv7M4_T_le_eabi.lib</file>
         <name>lseek.c.obj</name>
      </input_file>
      <input_file id="fl-107">
         <path>/Applications/TI/ccs/tools/compiler/ti-cgt-arm_20.2.7.LTS/lib/</path>
         <kind>archive</kind>
         <file>rtsv7M4_T_le_eabi.lib</file>
         <name>s_copysign.c.obj</name>
      </input_file>
      <input_file id="fl-108">
         <path>/Applications/TI/ccs/tools/compiler/ti-cgt-arm_20.2.7.LTS/lib/</path>
         <kind>archive</kind>
         <file>rtsv7M4_T_le_eabi.lib</file>
         <name>fclose.c.obj</name>
      </input_file>
      <input_file id="fl-109">
         <path>/Applications/TI/ccs/tools/compiler/ti-cgt-arm_20.2.7.LTS/lib/</path>
         <kind>archive</kind>
         <file>rtsv7M4_T_le_eabi.lib</file>
         <name>getdevice.c.obj</name>
      </input_file>
      <input_file id="fl-10a">
         <path>/Applications/TI/ccs/tools/compiler/ti-cgt-arm_20.2.7.LTS/lib/</path>
         <kind>archive</kind>
         <file>rtsv7M4_T_le_eabi.lib</file>
         <name>strcmp.c.obj</name>
      </input_file>
      <input_file id="fl-10b">
         <path>/Applications/TI/ccs/tools/compiler/ti-cgt-arm_20.2.7.LTS/lib/</path>
         <kind>archive</kind>
         <file>rtsv7M4_T_le_eabi.lib</file>
         <name>strcpy.c.obj</name>
      </input_file>
      <input_file id="fl-10c">
         <path>/Applications/TI/ccs/tools/compiler/ti-cgt-arm_20.2.7.LTS/lib/</path>
         <kind>archive</kind>
         <file>rtsv7M4_T_le_eabi.lib</file>
         <name>strncpy.c.obj</name>
      </input_file>
      <input_file id="fl-10d">
         <path>/Applications/TI/ccs/tools/compiler/ti-cgt-arm_20.2.7.LTS/lib/</path>
         <kind>archive</kind>
         <file>rtsv7M4_T_le_eabi.lib</file>
         <name>remove.c.obj</name>
      </input_file>
      <input_file id="fl-10e">
         <path>/Applications/TI/ccs/tools/compiler/ti-cgt-arm_20.2.7.LTS/lib/</path>
         <kind>archive</kind>
         <file>rtsv7M4_T_le_eabi.lib</file>
         <name>close.c.obj</name>
      </input_file>
      <input_file id="fl-10f">
         <path>/Applications/TI/ccs/tools/compiler/ti-cgt-arm_20.2.7.LTS/lib/</path>
         <kind>archive</kind>
         <file>rtsv7M4_T_le_eabi.lib</file>
         <name>unlink.c.obj</name>
      </input_file>
   </input_file_list>
   <object_component_list>
      <object_component id="oc-12">
         <name>.intvecs</name>
         <load_address>0x20004000</load_address>
         <run_address>0x20004000</run_address>
         <size>0x400</size>
         <input_file_ref idref="fl-7"/>
      </object_component>
      <object_component id="oc-126">
         <name>.text</name>
         <load_address>0x20004400</load_address>
         <run_address>0x20004400</run_address>
         <size>0xa80</size>
         <input_file_ref idref="fl-1"/>
      </object_component>
      <object_component id="oc-2f3">
         <name>.text:__TI_printfi</name>
         <load_address>0x20004e80</load_address>
         <run_address>0x20004e80</run_address>
         <size>0xa4e</size>
         <input_file_ref idref="fl-cf"/>
      </object_component>
      <object_component id="oc-3f0">
         <name>.text:_nop</name>
         <load_address>0x200058ce</load_address>
         <run_address>0x200058ce</run_address>
         <size>0x2</size>
         <input_file_ref idref="fl-e3"/>
      </object_component>
      <object_component id="oc-97">
         <name>.text</name>
         <load_address>0x200058d0</load_address>
         <run_address>0x200058d0</run_address>
         <size>0xa0c</size>
         <input_file_ref idref="fl-4"/>
      </object_component>
      <object_component id="oc-19d">
         <name>.text</name>
         <load_address>0x200062dc</load_address>
         <run_address>0x200062dc</run_address>
         <size>0x4aa</size>
         <input_file_ref idref="fl-2"/>
      </object_component>
      <object_component id="oc-4fc">
         <name>.text</name>
         <load_address>0x20006786</load_address>
         <run_address>0x20006786</run_address>
         <size>0x2</size>
         <input_file_ref idref="fl-f8"/>
      </object_component>
      <object_component id="oc-c5">
         <name>.text</name>
         <load_address>0x20006788</load_address>
         <run_address>0x20006788</run_address>
         <size>0x27c</size>
         <input_file_ref idref="fl-8"/>
      </object_component>
      <object_component id="oc-3cc">
         <name>.text:_pconv_a</name>
         <load_address>0x20006a04</load_address>
         <run_address>0x20006a04</run_address>
         <size>0x268</size>
         <input_file_ref idref="fl-cf"/>
      </object_component>
      <object_component id="oc-3ba">
         <name>.text:_pconv_g</name>
         <load_address>0x20006c6c</load_address>
         <run_address>0x20006c6c</run_address>
         <size>0x1cc</size>
         <input_file_ref idref="fl-cf"/>
      </object_component>
      <object_component id="oc-479">
         <name>.text</name>
         <load_address>0x20006e38</load_address>
         <run_address>0x20006e38</run_address>
         <size>0x1b6</size>
         <input_file_ref idref="fl-d5"/>
      </object_component>
      <object_component id="oc-dd">
         <name>.text:PRCMCC3200MCUInit</name>
         <load_address>0x20006ff0</load_address>
         <run_address>0x20006ff0</run_address>
         <size>0x178</size>
         <input_file_ref idref="fl-12"/>
      </object_component>
      <object_component id="oc-3c6">
         <name>.text:_pconv_e</name>
         <load_address>0x20007168</load_address>
         <run_address>0x20007168</run_address>
         <size>0x13c</size>
         <input_file_ref idref="fl-cf"/>
      </object_component>
      <object_component id="oc-45f">
         <name>.text</name>
         <load_address>0x200072a4</load_address>
         <run_address>0x200072a4</run_address>
         <size>0x136</size>
         <input_file_ref idref="fl-d7"/>
      </object_component>
      <object_component id="oc-48b">
         <name>.text:fcvt</name>
         <load_address>0x200073dc</load_address>
         <run_address>0x200073dc</run_address>
         <size>0x120</size>
         <input_file_ref idref="fl-cf"/>
      </object_component>
      <object_component id="oc-197">
         <name>.text</name>
         <load_address>0x200074fc</load_address>
         <run_address>0x200074fc</run_address>
         <size>0x120</size>
         <input_file_ref idref="fl-6"/>
      </object_component>
      <object_component id="oc-3fe">
         <name>.text:fputs</name>
         <load_address>0x2000761c</load_address>
         <run_address>0x2000761c</run_address>
         <size>0x114</size>
         <input_file_ref idref="fl-d2"/>
      </object_component>
      <object_component id="oc-34d">
         <name>.text:aligned_alloc</name>
         <load_address>0x20007730</load_address>
         <run_address>0x20007730</run_address>
         <size>0x100</size>
         <input_file_ref idref="fl-eb"/>
      </object_component>
      <object_component id="oc-45a">
         <name>.text</name>
         <load_address>0x20007830</load_address>
         <run_address>0x20007830</run_address>
         <size>0xfc</size>
         <input_file_ref idref="fl-d8"/>
      </object_component>
      <object_component id="oc-21d">
         <name>.text:free</name>
         <load_address>0x2000792c</load_address>
         <run_address>0x2000792c</run_address>
         <size>0xe4</size>
         <input_file_ref idref="fl-eb"/>
      </object_component>
      <object_component id="oc-217">
         <name>.text:realloc</name>
         <load_address>0x20007a10</load_address>
         <run_address>0x20007a10</run_address>
         <size>0xe4</size>
         <input_file_ref idref="fl-eb"/>
      </object_component>
      <object_component id="oc-537">
         <name>.text:setvbuf</name>
         <load_address>0x20007af4</load_address>
         <run_address>0x20007af4</run_address>
         <size>0xdc</size>
         <input_file_ref idref="fl-d4"/>
      </object_component>
      <object_component id="oc-49f">
         <name>.text:scalbn</name>
         <load_address>0x20007bd0</load_address>
         <run_address>0x20007bd0</run_address>
         <size>0xd0</size>
         <input_file_ref idref="fl-f4"/>
      </object_component>
      <object_component id="oc-3af">
         <name>.text:_ltostr</name>
         <load_address>0x20007ca0</load_address>
         <run_address>0x20007ca0</run_address>
         <size>0xb1</size>
         <input_file_ref idref="fl-cf"/>
      </object_component>
      <object_component id="oc-d7">
         <name>.text:IntEnable</name>
         <load_address>0x20007d54</load_address>
         <run_address>0x20007d54</run_address>
         <size>0xa8</size>
         <input_file_ref idref="fl-10"/>
      </object_component>
      <object_component id="oc-f5">
         <name>.text:SPIConfigSetExpClk</name>
         <load_address>0x20007dfc</load_address>
         <run_address>0x20007dfc</run_address>
         <size>0xa0</size>
         <input_file_ref idref="fl-13"/>
      </object_component>
      <object_component id="oc-3d">
         <name>.text</name>
         <load_address>0x20007e9c</load_address>
         <run_address>0x20007e9c</run_address>
         <size>0x9c</size>
         <input_file_ref idref="fl-dc"/>
      </object_component>
      <object_component id="oc-453">
         <name>.text</name>
         <load_address>0x20007f38</load_address>
         <run_address>0x20007f38</run_address>
         <size>0x96</size>
         <input_file_ref idref="fl-de"/>
      </object_component>
      <object_component id="oc-ef">
         <name>.text:PRCMPeripheralClockGet</name>
         <load_address>0x20007fd0</load_address>
         <run_address>0x20007fd0</run_address>
         <size>0x94</size>
         <input_file_ref idref="fl-12"/>
      </object_component>
      <object_component id="oc-405">
         <name>.text:fputc</name>
         <load_address>0x20008064</load_address>
         <run_address>0x20008064</run_address>
         <size>0x8c</size>
         <input_file_ref idref="fl-d1"/>
      </object_component>
      <object_component id="oc-397">
         <name>.text:PinConfigSet</name>
         <load_address>0x200080f0</load_address>
         <run_address>0x200080f0</run_address>
         <size>0x88</size>
         <input_file_ref idref="fl-11"/>
      </object_component>
      <object_component id="oc-3b5">
         <name>.text:__aeabi_cdcmple</name>
         <load_address>0x20008178</load_address>
         <run_address>0x20008178</run_address>
         <size>0x86</size>
         <input_file_ref idref="fl-d6"/>
      </object_component>
      <object_component id="oc-464">
         <name>.text:__aeabi_cdrcmple</name>
         <load_address>0x200081fe</load_address>
         <run_address>0x200081fe</run_address>
         <size>0x86</size>
         <input_file_ref idref="fl-d6"/>
      </object_component>
      <object_component id="oc-168">
         <name>.text:GPIOIntTypeSet</name>
         <load_address>0x20008284</load_address>
         <run_address>0x20008284</run_address>
         <size>0x82</size>
         <input_file_ref idref="fl-e"/>
      </object_component>
      <object_component id="oc-8b">
         <name>.text</name>
         <load_address>0x20008306</load_address>
         <run_address>0x20008306</run_address>
         <size>0x7a</size>
         <input_file_ref idref="fl-dd"/>
      </object_component>
      <object_component id="oc-12c">
         <name>.text:UARTConfigSetExpClk</name>
         <load_address>0x20008380</load_address>
         <run_address>0x20008380</run_address>
         <size>0x76</size>
         <input_file_ref idref="fl-15"/>
      </object_component>
      <object_component id="oc-58e">
         <name>.text:__TI_closefile</name>
         <load_address>0x200083f8</load_address>
         <run_address>0x200083f8</run_address>
         <size>0x74</size>
         <input_file_ref idref="fl-108"/>
      </object_component>
      <object_component id="oc-35a">
         <name>.text:split</name>
         <load_address>0x2000846c</load_address>
         <run_address>0x2000846c</run_address>
         <size>0x70</size>
         <input_file_ref idref="fl-eb"/>
      </object_component>
      <object_component id="oc-484">
         <name>.text:_mcpy</name>
         <load_address>0x200084dc</load_address>
         <run_address>0x200084dc</run_address>
         <size>0x6e</size>
         <input_file_ref idref="fl-cf"/>
      </object_component>
      <object_component id="oc-5be">
         <name>.text:HOSTrename</name>
         <load_address>0x2000854c</load_address>
         <run_address>0x2000854c</run_address>
         <size>0x6c</size>
         <input_file_ref idref="fl-101"/>
      </object_component>
      <object_component id="oc-5b2">
         <name>.text:HOSTlseek</name>
         <load_address>0x200085b8</load_address>
         <run_address>0x200085b8</run_address>
         <size>0x68</size>
         <input_file_ref idref="fl-fe"/>
      </object_component>
      <object_component id="oc-15">
         <name>.text:decompress:lzss:__TI_decompress_lzss</name>
         <load_address>0x20008620</load_address>
         <run_address>0x20008620</run_address>
         <size>0x68</size>
         <input_file_ref idref="fl-e1"/>
      </object_component>
      <object_component id="oc-1a9">
         <name>.text:printf</name>
         <load_address>0x20008688</load_address>
         <run_address>0x20008688</run_address>
         <size>0x68</size>
         <input_file_ref idref="fl-ce"/>
      </object_component>
      <object_component id="oc-531">
         <name>.text:fseek</name>
         <load_address>0x200086f0</load_address>
         <run_address>0x200086f0</run_address>
         <size>0x64</size>
         <input_file_ref idref="fl-f7"/>
      </object_component>
      <object_component id="oc-4cb">
         <name>.text:__TI_wrt_ok</name>
         <load_address>0x20008754</load_address>
         <run_address>0x20008754</run_address>
         <size>0x62</size>
         <input_file_ref idref="fl-d3"/>
      </object_component>
      <object_component id="oc-59a">
         <name>.text:HOSTopen</name>
         <load_address>0x200087b8</load_address>
         <run_address>0x200087b8</run_address>
         <size>0x60</size>
         <input_file_ref idref="fl-ff"/>
      </object_component>
      <object_component id="oc-5ca">
         <name>.text:close</name>
         <load_address>0x20008818</load_address>
         <run_address>0x20008818</run_address>
         <size>0x5c</size>
         <input_file_ref idref="fl-10e"/>
      </object_component>
      <object_component id="oc-499">
         <name>.text:frexp</name>
         <load_address>0x20008874</load_address>
         <run_address>0x20008874</run_address>
         <size>0x5c</size>
         <input_file_ref idref="fl-f3"/>
      </object_component>
      <object_component id="oc-5a6">
         <name>.text:HOSTread</name>
         <load_address>0x200088d0</load_address>
         <run_address>0x200088d0</run_address>
         <size>0x58</size>
         <input_file_ref idref="fl-100"/>
      </object_component>
      <object_component id="oc-5ac">
         <name>.text:HOSTwrite</name>
         <load_address>0x20008928</load_address>
         <run_address>0x20008928</run_address>
         <size>0x58</size>
         <input_file_ref idref="fl-103"/>
      </object_component>
      <object_component id="oc-25b">
         <name>.text:PRCMPeripheralReset</name>
         <load_address>0x20008980</load_address>
         <run_address>0x20008980</run_address>
         <size>0x58</size>
         <input_file_ref idref="fl-12"/>
      </object_component>
      <object_component id="oc-3c0">
         <name>.text:_pconv_f</name>
         <load_address>0x200089d8</load_address>
         <run_address>0x200089d8</run_address>
         <size>0x56</size>
         <input_file_ref idref="fl-cf"/>
      </object_component>
      <object_component id="oc-46e">
         <name>.text:__TI_ltoa</name>
         <load_address>0x20008a2e</load_address>
         <run_address>0x20008a2e</run_address>
         <size>0x54</size>
         <input_file_ref idref="fl-e4"/>
      </object_component>
      <object_component id="oc-47e">
         <name>.text:_ecpy</name>
         <load_address>0x20008a82</load_address>
         <run_address>0x20008a82</run_address>
         <size>0x52</size>
         <input_file_ref idref="fl-cf"/>
      </object_component>
      <object_component id="oc-4d7">
         <name>.text:__TI_doflush</name>
         <load_address>0x20008ad4</load_address>
         <run_address>0x20008ad4</run_address>
         <size>0x4c</size>
         <input_file_ref idref="fl-f5"/>
      </object_component>
      <object_component id="oc-3a9">
         <name>.text:atoi</name>
         <load_address>0x20008b20</load_address>
         <run_address>0x20008b20</run_address>
         <size>0x4c</size>
         <input_file_ref idref="fl-e5"/>
      </object_component>
      <object_component id="oc-297">
         <name>.text:GPIOGetIntNumber</name>
         <load_address>0x20008b6c</load_address>
         <run_address>0x20008b6c</run_address>
         <size>0x48</size>
         <input_file_ref idref="fl-e"/>
      </object_component>
      <object_component id="oc-1bb">
         <name>.text:exit</name>
         <load_address>0x20008bb4</load_address>
         <run_address>0x20008bb4</run_address>
         <size>0x48</size>
         <input_file_ref idref="fl-e2"/>
      </object_component>
      <object_component id="oc-469">
         <name>.text</name>
         <load_address>0x20008bfc</load_address>
         <run_address>0x20008bfc</run_address>
         <size>0x48</size>
         <input_file_ref idref="fl-d9"/>
      </object_component>
      <object_component id="oc-5a0">
         <name>.text:HOSTclose</name>
         <load_address>0x20008c44</load_address>
         <run_address>0x20008c44</run_address>
         <size>0x44</size>
         <input_file_ref idref="fl-fd"/>
      </object_component>
      <object_component id="oc-5b8">
         <name>.text:HOSTunlink</name>
         <load_address>0x20008c88</load_address>
         <run_address>0x20008c88</run_address>
         <size>0x44</size>
         <input_file_ref idref="fl-102"/>
      </object_component>
      <object_component id="oc-284">
         <name>.text:UARTIntNumberGet</name>
         <load_address>0x20008ccc</load_address>
         <run_address>0x20008ccc</run_address>
         <size>0x44</size>
         <input_file_ref idref="fl-15"/>
      </object_component>
      <object_component id="oc-1c1">
         <name>.text:__TI_auto_init_nobinit_nopinit:__TI_auto_init_nobinit_nopinit</name>
         <load_address>0x20008d10</load_address>
         <run_address>0x20008d10</run_address>
         <size>0x44</size>
         <input_file_ref idref="fl-f9"/>
      </object_component>
      <object_component id="oc-5ff">
         <name>.text:getdevice</name>
         <load_address>0x20008d54</load_address>
         <run_address>0x20008d54</run_address>
         <size>0x44</size>
         <input_file_ref idref="fl-109"/>
      </object_component>
      <object_component id="oc-2a8">
         <name>.text:PinModeSet</name>
         <load_address>0x20008d98</load_address>
         <run_address>0x20008d98</run_address>
         <size>0x40</size>
         <input_file_ref idref="fl-11"/>
      </object_component>
      <object_component id="oc-1f3">
         <name>.text:vsnprintf</name>
         <load_address>0x20008dd8</load_address>
         <run_address>0x20008dd8</run_address>
         <size>0x40</size>
         <input_file_ref idref="fl-d0"/>
      </object_component>
      <object_component id="oc-491">
         <name>.text:_fcpy</name>
         <load_address>0x20008e18</load_address>
         <run_address>0x20008e18</run_address>
         <size>0x3e</size>
         <input_file_ref idref="fl-cf"/>
      </object_component>
      <object_component id="oc-255">
         <name>.text:PRCMPeripheralClkEnable</name>
         <load_address>0x20008e58</load_address>
         <run_address>0x20008e58</run_address>
         <size>0x3c</size>
         <input_file_ref idref="fl-12"/>
      </object_component>
      <object_component id="oc-5db">
         <name>.text:__TI_writemsg</name>
         <load_address>0x20008e94</load_address>
         <run_address>0x20008e94</run_address>
         <size>0x38</size>
         <input_file_ref idref="fl-104"/>
      </object_component>
      <object_component id="oc-2b4">
         <name>.text:GPIODirModeSet</name>
         <load_address>0x20008ecc</load_address>
         <run_address>0x20008ecc</run_address>
         <size>0x36</size>
         <input_file_ref idref="fl-e"/>
      </object_component>
      <object_component id="oc-621">
         <name>.text:strncpy</name>
         <load_address>0x20008f02</load_address>
         <run_address>0x20008f02</run_address>
         <size>0x36</size>
         <input_file_ref idref="fl-10c"/>
      </object_component>
      <object_component id="oc-565">
         <name>.text:__TI_cleanup</name>
         <load_address>0x20008f38</load_address>
         <run_address>0x20008f38</run_address>
         <size>0x34</size>
         <input_file_ref idref="fl-f6"/>
      </object_component>
      <object_component id="oc-5e1">
         <name>.text:__TI_readmsg</name>
         <load_address>0x20008f6c</load_address>
         <run_address>0x20008f6c</run_address>
         <size>0x34</size>
         <input_file_ref idref="fl-104"/>
      </object_component>
      <object_component id="oc-2ae">
         <name>.text:PinTypeGPIO</name>
         <load_address>0x20008fa0</load_address>
         <run_address>0x20008fa0</run_address>
         <size>0x30</size>
         <input_file_ref idref="fl-11"/>
      </object_component>
      <object_component id="oc-27b">
         <name>.text:UARTDisable</name>
         <load_address>0x20008fd0</load_address>
         <run_address>0x20008fd0</run_address>
         <size>0x30</size>
         <input_file_ref idref="fl-15"/>
      </object_component>
      <object_component id="oc-32f">
         <name>.text:_outs</name>
         <load_address>0x20009000</load_address>
         <run_address>0x20009000</run_address>
         <size>0x30</size>
         <input_file_ref idref="fl-d0"/>
      </object_component>
      <object_component id="oc-627">
         <name>.text:finddevice</name>
         <load_address>0x20009030</load_address>
         <run_address>0x20009030</run_address>
         <size>0x30</size>
         <input_file_ref idref="fl-109"/>
      </object_component>
      <object_component id="oc-474">
         <name>.text</name>
         <load_address>0x20009060</load_address>
         <run_address>0x20009060</run_address>
         <size>0x2e</size>
         <input_file_ref idref="fl-da"/>
      </object_component>
      <object_component id="oc-243">
         <name>.text:PRCMSysResetCauseGet</name>
         <load_address>0x20009090</load_address>
         <run_address>0x20009090</run_address>
         <size>0x2c</size>
         <input_file_ref idref="fl-12"/>
      </object_component>
      <object_component id="oc-5d0">
         <name>.text:unlink</name>
         <load_address>0x200090bc</load_address>
         <run_address>0x200090bc</run_address>
         <size>0x2c</size>
         <input_file_ref idref="fl-10f"/>
      </object_component>
      <object_component id="oc-261">
         <name>.text:PRCMPeripheralClkDisable</name>
         <load_address>0x200090e8</load_address>
         <run_address>0x200090e8</run_address>
         <size>0x28</size>
         <input_file_ref idref="fl-12"/>
      </object_component>
      <object_component id="oc-361">
         <name>.text:free_list_insert</name>
         <load_address>0x20009110</load_address>
         <run_address>0x20009110</run_address>
         <size>0x28</size>
         <input_file_ref idref="fl-eb"/>
      </object_component>
      <object_component id="oc-55d">
         <name>.text:lseek</name>
         <load_address>0x20009138</load_address>
         <run_address>0x20009138</run_address>
         <size>0x28</size>
         <input_file_ref idref="fl-106"/>
      </object_component>
      <object_component id="oc-20b">
         <name>.text:memmove</name>
         <load_address>0x20009160</load_address>
         <run_address>0x20009160</run_address>
         <size>0x28</size>
         <input_file_ref idref="fl-ea"/>
      </object_component>
      <object_component id="oc-4dd">
         <name>.text:write</name>
         <load_address>0x20009188</load_address>
         <run_address>0x20009188</run_address>
         <size>0x28</size>
         <input_file_ref idref="fl-ef"/>
      </object_component>
      <object_component id="oc-132">
         <name>.text:UARTEnable</name>
         <load_address>0x200091b0</load_address>
         <run_address>0x200091b0</run_address>
         <size>0x24</size>
         <input_file_ref idref="fl-15"/>
      </object_component>
      <object_component id="oc-5b">
         <name>.text:_c_int00_noargs:_c_int00_noargs</name>
         <load_address>0x200091d4</load_address>
         <run_address>0x200091d4</run_address>
         <size>0x24</size>
         <input_file_ref idref="fl-ee"/>
      </object_component>
      <object_component id="oc-14a">
         <name>.text:GPIOIntStatus</name>
         <load_address>0x200091f8</load_address>
         <run_address>0x200091f8</run_address>
         <size>0x22</size>
         <input_file_ref idref="fl-e"/>
      </object_component>
      <object_component id="oc-e3">
         <name>.text:SPIReset</name>
         <load_address>0x2000921a</load_address>
         <run_address>0x2000921a</run_address>
         <size>0x22</size>
         <input_file_ref idref="fl-13"/>
      </object_component>
      <object_component id="oc-2cd">
         <name>.text:GPIOPinWrite</name>
         <load_address>0x2000923c</load_address>
         <run_address>0x2000923c</run_address>
         <size>0x20</size>
         <input_file_ref idref="fl-e"/>
      </object_component>
      <object_component id="oc-28a">
         <name>.text:IntRegister</name>
         <load_address>0x2000925c</load_address>
         <run_address>0x2000925c</run_address>
         <size>0x20</size>
         <input_file_ref idref="fl-10"/>
      </object_component>
      <object_component id="oc-2d9">
         <name>.text:SPIDataGet</name>
         <load_address>0x2000927c</load_address>
         <run_address>0x2000927c</run_address>
         <size>0x20</size>
         <input_file_ref idref="fl-13"/>
      </object_component>
      <object_component id="oc-4d1">
         <name>.text:memchr</name>
         <load_address>0x2000929c</load_address>
         <run_address>0x2000929c</run_address>
         <size>0x20</size>
         <input_file_ref idref="fl-e9"/>
      </object_component>
      <object_component id="oc-162">
         <name>.text:GPIOIntRegister</name>
         <load_address>0x200092bc</load_address>
         <run_address>0x200092bc</run_address>
         <size>0x1e</size>
         <input_file_ref idref="fl-e"/>
      </object_component>
      <object_component id="oc-2d3">
         <name>.text:SPIDataPut</name>
         <load_address>0x200092da</load_address>
         <run_address>0x200092da</run_address>
         <size>0x1e</size>
         <input_file_ref idref="fl-13"/>
      </object_component>
      <object_component id="oc-107">
         <name>.text:UARTCharPut</name>
         <load_address>0x200092f8</load_address>
         <run_address>0x200092f8</run_address>
         <size>0x1e</size>
         <input_file_ref idref="fl-15"/>
      </object_component>
      <object_component id="oc-13e">
         <name>.text:UARTIntRegister</name>
         <load_address>0x20009316</load_address>
         <run_address>0x20009316</run_address>
         <size>0x1e</size>
         <input_file_ref idref="fl-15"/>
      </object_component>
      <object_component id="oc-114">
         <name>.text:UARTIntStatus</name>
         <load_address>0x20009334</load_address>
         <run_address>0x20009334</run_address>
         <size>0x1e</size>
         <input_file_ref idref="fl-15"/>
      </object_component>
      <object_component id="oc-17a">
         <name>.text</name>
         <load_address>0x20009352</load_address>
         <run_address>0x20009352</run_address>
         <size>0x1e</size>
         <input_file_ref idref="fl-db"/>
      </object_component>
      <object_component id="oc-185">
         <name>.text:SysTickIntRegister</name>
         <load_address>0x20009370</load_address>
         <run_address>0x20009370</run_address>
         <size>0x1c</size>
         <input_file_ref idref="fl-14"/>
      </object_component>
      <object_component id="oc-1ff">
         <name>.text:UARTCharGetNonBlocking</name>
         <load_address>0x2000938c</load_address>
         <run_address>0x2000938c</run_address>
         <size>0x1c</size>
         <input_file_ref idref="fl-15"/>
      </object_component>
      <object_component id="oc-49">
         <name>.text:decompress:ZI:__TI_zero_init_nomemset:__TI_zero_init_nomemset</name>
         <load_address>0x200093a8</load_address>
         <run_address>0x200093a8</run_address>
         <size>0x1c</size>
         <input_file_ref idref="fl-df"/>
      </object_component>
      <object_component id="oc-354">
         <name>.text:free_list_remove</name>
         <load_address>0x200093c4</load_address>
         <run_address>0x200093c4</run_address>
         <size>0x1c</size>
         <input_file_ref idref="fl-eb"/>
      </object_component>
      <object_component id="oc-3d2">
         <name>.text:memccpy</name>
         <load_address>0x200093e0</load_address>
         <run_address>0x200093e0</run_address>
         <size>0x1c</size>
         <input_file_ref idref="fl-e8"/>
      </object_component>
      <object_component id="oc-156">
         <name>.text:GPIOIntDisable</name>
         <load_address>0x200093fc</load_address>
         <run_address>0x200093fc</run_address>
         <size>0x1a</size>
         <input_file_ref idref="fl-e"/>
      </object_component>
      <object_component id="oc-16e">
         <name>.text:GPIOIntEnable</name>
         <load_address>0x20009416</load_address>
         <run_address>0x20009416</run_address>
         <size>0x1a</size>
         <input_file_ref idref="fl-e"/>
      </object_component>
      <object_component id="oc-2ba">
         <name>.text:PinTypeSPI</name>
         <load_address>0x20009430</load_address>
         <run_address>0x20009430</run_address>
         <size>0x1a</size>
         <input_file_ref idref="fl-11"/>
      </object_component>
      <object_component id="oc-2c0">
         <name>.text:PinTypeUART</name>
         <load_address>0x2000944a</load_address>
         <run_address>0x2000944a</run_address>
         <size>0x1a</size>
         <input_file_ref idref="fl-11"/>
      </object_component>
      <object_component id="oc-e9">
         <name>.text:SPIFIFOEnable</name>
         <load_address>0x20009464</load_address>
         <run_address>0x20009464</run_address>
         <size>0x1a</size>
         <input_file_ref idref="fl-13"/>
      </object_component>
      <object_component id="oc-174">
         <name>.text:GPIOPinRead</name>
         <load_address>0x2000947e</load_address>
         <run_address>0x2000947e</run_address>
         <size>0x18</size>
         <input_file_ref idref="fl-e"/>
      </object_component>
      <object_component id="oc-2df">
         <name>.text:SPICSDisable</name>
         <load_address>0x20009496</load_address>
         <run_address>0x20009496</run_address>
         <size>0x18</size>
         <input_file_ref idref="fl-13"/>
      </object_component>
      <object_component id="oc-2c7">
         <name>.text:SPICSEnable</name>
         <load_address>0x200094ae</load_address>
         <run_address>0x200094ae</run_address>
         <size>0x18</size>
         <input_file_ref idref="fl-13"/>
      </object_component>
      <object_component id="oc-fb">
         <name>.text:SPIEnable</name>
         <load_address>0x200094c6</load_address>
         <run_address>0x200094c6</run_address>
         <size>0x18</size>
         <input_file_ref idref="fl-13"/>
      </object_component>
      <object_component id="oc-18b">
         <name>.text:SysTickPeriodSet</name>
         <load_address>0x200094e0</load_address>
         <run_address>0x200094e0</run_address>
         <size>0x18</size>
         <input_file_ref idref="fl-14"/>
      </object_component>
      <object_component id="oc-1f9">
         <name>.text:UARTCharsAvail</name>
         <load_address>0x200094f8</load_address>
         <run_address>0x200094f8</run_address>
         <size>0x18</size>
         <input_file_ref idref="fl-15"/>
      </object_component>
      <object_component id="oc-101">
         <name>.text:UARTIntDisable</name>
         <load_address>0x20009510</load_address>
         <run_address>0x20009510</run_address>
         <size>0x18</size>
         <input_file_ref idref="fl-15"/>
      </object_component>
      <object_component id="oc-10e">
         <name>.text:UARTIntEnable</name>
         <load_address>0x20009528</load_address>
         <run_address>0x20009528</run_address>
         <size>0x18</size>
         <input_file_ref idref="fl-15"/>
      </object_component>
      <object_component id="oc-335">
         <name>.text:_outc</name>
         <load_address>0x20009540</load_address>
         <run_address>0x20009540</run_address>
         <size>0x18</size>
         <input_file_ref idref="fl-d0"/>
      </object_component>
      <object_component id="oc-63e">
         <name>.text:strcmp</name>
         <load_address>0x20009558</load_address>
         <run_address>0x20009558</run_address>
         <size>0x18</size>
         <input_file_ref idref="fl-10a"/>
      </object_component>
      <object_component id="oc-249">
         <name>.text:PRCMHIBRegRead</name>
         <load_address>0x20009570</load_address>
         <run_address>0x20009570</run_address>
         <size>0x16</size>
         <input_file_ref idref="fl-12"/>
      </object_component>
      <object_component id="oc-24f">
         <name>.text:PRCMHIBRegWrite</name>
         <load_address>0x20009586</load_address>
         <run_address>0x20009586</run_address>
         <size>0x16</size>
         <input_file_ref idref="fl-12"/>
      </object_component>
      <object_component id="oc-120">
         <name>.text:UARTCharGet</name>
         <load_address>0x2000959c</load_address>
         <run_address>0x2000959c</run_address>
         <size>0x16</size>
         <input_file_ref idref="fl-15"/>
      </object_component>
      <object_component id="oc-138">
         <name>.text:UARTFIFODisable</name>
         <load_address>0x200095b2</load_address>
         <run_address>0x200095b2</run_address>
         <size>0x16</size>
         <input_file_ref idref="fl-15"/>
      </object_component>
      <object_component id="oc-144">
         <name>.text:UARTFIFOEnable</name>
         <load_address>0x200095c8</load_address>
         <run_address>0x200095c8</run_address>
         <size>0x16</size>
         <input_file_ref idref="fl-15"/>
      </object_component>
      <object_component id="oc-4a5">
         <name>.text:strchr</name>
         <load_address>0x200095de</load_address>
         <run_address>0x200095de</run_address>
         <size>0x16</size>
         <input_file_ref idref="fl-ec"/>
      </object_component>
      <object_component id="oc-233">
         <name>.text:CPUcpsie</name>
         <load_address>0x200095f4</load_address>
         <run_address>0x200095f4</run_address>
         <size>0x14</size>
         <input_file_ref idref="fl-17"/>
      </object_component>
      <object_component id="oc-150">
         <name>.text:GPIOIntClear</name>
         <load_address>0x20009608</load_address>
         <run_address>0x20009608</run_address>
         <size>0x14</size>
         <input_file_ref idref="fl-e"/>
      </object_component>
      <object_component id="oc-cb">
         <name>.text:IntVTableBaseSet</name>
         <load_address>0x2000961c</load_address>
         <run_address>0x2000961c</run_address>
         <size>0x14</size>
         <input_file_ref idref="fl-10"/>
      </object_component>
      <object_component id="oc-5f5">
         <name>.text:strcpy</name>
         <load_address>0x20009630</load_address>
         <run_address>0x20009630</run_address>
         <size>0x14</size>
         <input_file_ref idref="fl-10b"/>
      </object_component>
      <object_component id="oc-205">
         <name>.text:strlen</name>
         <load_address>0x20009644</load_address>
         <run_address>0x20009644</run_address>
         <size>0x14</size>
         <input_file_ref idref="fl-ed"/>
      </object_component>
      <object_component id="oc-11a">
         <name>.text:UARTIntClear</name>
         <load_address>0x20009658</load_address>
         <run_address>0x20009658</run_address>
         <size>0x12</size>
         <input_file_ref idref="fl-15"/>
      </object_component>
      <object_component id="oc-3d8">
         <name>.text:wcslen</name>
         <load_address>0x2000966a</load_address>
         <run_address>0x2000966a</run_address>
         <size>0x12</size>
         <input_file_ref idref="fl-f2"/>
      </object_component>
      <object_component id="oc-17f">
         <name>.text:SysTickDisable</name>
         <load_address>0x2000967c</load_address>
         <run_address>0x2000967c</run_address>
         <size>0x10</size>
         <input_file_ref idref="fl-14"/>
      </object_component>
      <object_component id="oc-15c">
         <name>.text:SysTickEnable</name>
         <load_address>0x2000968c</load_address>
         <run_address>0x2000968c</run_address>
         <size>0x10</size>
         <input_file_ref idref="fl-14"/>
      </object_component>
      <object_component id="oc-191">
         <name>.text:SysTickIntEnable</name>
         <load_address>0x2000969c</load_address>
         <run_address>0x2000969c</run_address>
         <size>0x10</size>
         <input_file_ref idref="fl-14"/>
      </object_component>
      <object_component id="oc-1b">
         <name>.text:decompress:none:__TI_decompress_none</name>
         <load_address>0x200096ac</load_address>
         <run_address>0x200096ac</run_address>
         <size>0xe</size>
         <input_file_ref idref="fl-e0"/>
      </object_component>
      <object_component id="oc-29">
         <name>.text</name>
         <load_address>0x200096ba</load_address>
         <run_address>0x200096ba</run_address>
         <size>0xe</size>
         <input_file_ref idref="fl-7"/>
      </object_component>
      <object_component id="oc-515">
         <name>.text:copysign</name>
         <load_address>0x200096c8</load_address>
         <run_address>0x200096c8</run_address>
         <size>0xc</size>
         <input_file_ref idref="fl-107"/>
      </object_component>
      <object_component id="oc-d1">
         <name>.text:IntMasterEnable</name>
         <load_address>0x200096d4</load_address>
         <run_address>0x200096d4</run_address>
         <size>0xa</size>
         <input_file_ref idref="fl-10"/>
      </object_component>
      <object_component id="oc-3de">
         <name>.text:__aeabi_errno_addr</name>
         <load_address>0x200096e0</load_address>
         <run_address>0x200096e0</run_address>
         <size>0x8</size>
         <input_file_ref idref="fl-f1"/>
      </object_component>
      <object_component id="oc-211">
         <name>.text:malloc</name>
         <load_address>0x200096e8</load_address>
         <run_address>0x200096e8</run_address>
         <size>0x8</size>
         <input_file_ref idref="fl-eb"/>
      </object_component>
      <object_component id="oc-10d">
         <name>.text:UtilsDelay</name>
         <load_address>0x200096f0</load_address>
         <run_address>0x200096f0</run_address>
         <size>0x6</size>
         <input_file_ref idref="fl-16"/>
      </object_component>
      <object_component id="oc-305">
         <name>.text:_outc</name>
         <load_address>0x200096f6</load_address>
         <run_address>0x200096f6</run_address>
         <size>0x4</size>
         <input_file_ref idref="fl-ce"/>
      </object_component>
      <object_component id="oc-2ff">
         <name>.text:_outs</name>
         <load_address>0x200096fa</load_address>
         <run_address>0x200096fa</run_address>
         <size>0x4</size>
         <input_file_ref idref="fl-ce"/>
      </object_component>
      <object_component id="oc-91">
         <name>.text:_system_pre_init</name>
         <load_address>0x200096fe</load_address>
         <run_address>0x200096fe</run_address>
         <size>0x4</size>
         <input_file_ref idref="fl-fa"/>
      </object_component>
      <object_component id="oc-1b5">
         <name>.text:abort:abort</name>
         <load_address>0x20009702</load_address>
         <run_address>0x20009702</run_address>
         <size>0x4</size>
         <input_file_ref idref="fl-e2"/>
      </object_component>
      <object_component id="oc-273">
         <name>.const:.string:font</name>
         <load_address>0x20009708</load_address>
         <run_address>0x20009708</run_address>
         <size>0x4fb</size>
         <input_file_ref idref="fl-1"/>
      </object_component>
      <object_component id="oc-44e">
         <name>.const:.string:_ctypes_</name>
         <load_address>0x20009c03</load_address>
         <run_address>0x20009c03</run_address>
         <size>0x101</size>
         <input_file_ref idref="fl-e6"/>
      </object_component>
      <object_component id="oc-393">
         <name>.const:g_ulPinToPadMap</name>
         <load_address>0x20009d04</load_address>
         <run_address>0x20009d04</run_address>
         <size>0x100</size>
         <input_file_ref idref="fl-11"/>
      </object_component>
      <object_component id="oc-379">
         <name>.const:PRCM_PeriphRegsList</name>
         <load_address>0x20009e04</load_address>
         <run_address>0x20009e04</run_address>
         <size>0xa8</size>
         <input_file_ref idref="fl-12"/>
      </object_component>
      <object_component id="oc-23f">
         <name>.const:g_pulEnRegs</name>
         <load_address>0x20009eac</load_address>
         <run_address>0x20009eac</run_address>
         <size>0x18</size>
         <input_file_ref idref="fl-10"/>
      </object_component>
      <object_component id="oc-387">
         <name>.const:g_ppulUARTIntMap</name>
         <load_address>0x20009ec4</load_address>
         <run_address>0x20009ec4</run_address>
         <size>0x10</size>
         <input_file_ref idref="fl-15"/>
      </object_component>
      <object_component id="oc-678">
         <name>.cinit..data.load</name>
         <load_address>0x20009ed8</load_address>
         <run_address>0x20009ed8</run_address>
         <size>0x7a</size>
      </object_component>
      <object_component id="oc-676">
         <name>__TI_handler_table</name>
         <load_address>0x20009f54</load_address>
         <run_address>0x20009f54</run_address>
         <size>0xc</size>
      </object_component>
      <object_component id="oc-679">
         <name>.cinit..bss.load</name>
         <load_address>0x20009f60</load_address>
         <run_address>0x20009f60</run_address>
         <size>0x8</size>
      </object_component>
      <object_component id="oc-677">
         <name>__TI_cinit_table</name>
         <load_address>0x20009f68</load_address>
         <run_address>0x20009f68</run_address>
         <size>0x10</size>
      </object_component>
      <object_component id="oc-276">
         <name>.data</name>
         <load_address>0x200179b8</load_address>
         <run_address>0x200179b8</run_address>
         <size>0x15</size>
         <input_file_ref idref="fl-1"/>
      </object_component>
      <object_component id="oc-313">
         <name>.data:$O1$$</name>
         <load_address>0x200179e0</load_address>
         <run_address>0x200179e0</run_address>
         <size>0xc</size>
         <input_file_ref idref="fl-e2"/>
      </object_component>
      <object_component id="oc-2f9">
         <name>.data:$O1$$</name>
         <load_address>0x200179ec</load_address>
         <run_address>0x200179ec</run_address>
         <size>0x8</size>
         <input_file_ref idref="fl-e3"/>
      </object_component>
      <object_component id="oc-2fc">
         <name>.data:_ftable</name>
         <load_address>0x20017800</load_address>
         <run_address>0x20017800</run_address>
         <size>0xf0</size>
         <input_file_ref idref="fl-e7"/>
      </object_component>
      <object_component id="oc-594">
         <name>.data</name>
         <load_address>0x200179d0</load_address>
         <run_address>0x200179d0</run_address>
         <size>0x10</size>
         <input_file_ref idref="fl-e7"/>
      </object_component>
      <object_component id="oc-432">
         <name>.data:$O1$$</name>
         <load_address>0x200179f4</load_address>
         <run_address>0x200179f4</run_address>
         <size>0x8</size>
         <input_file_ref idref="fl-eb"/>
      </object_component>
      <object_component id="oc-578">
         <name>.data:_device</name>
         <load_address>0x200178f0</load_address>
         <run_address>0x200178f0</run_address>
         <size>0x78</size>
         <input_file_ref idref="fl-f0"/>
      </object_component>
      <object_component id="oc-543">
         <name>.data:_stream</name>
         <load_address>0x20017968</load_address>
         <run_address>0x20017968</run_address>
         <size>0x50</size>
         <input_file_ref idref="fl-f0"/>
      </object_component>
      <object_component id="oc-4b5">
         <name>.data</name>
         <load_address>0x200179fc</load_address>
         <run_address>0x200179fc</run_address>
         <size>0x4</size>
         <input_file_ref idref="fl-f1"/>
      </object_component>
      <object_component id="oc-223">
         <name>.bss</name>
         <uninitialized>true</uninitialized>
         <run_address>0x20017be0</run_address>
         <size>0x4</size>
         <input_file_ref idref="fl-8"/>
      </object_component>
      <object_component id="oc-609">
         <name>.bss:_CIOBUF_</name>
         <uninitialized>true</uninitialized>
         <run_address>0x20017a00</run_address>
         <size>0x120</size>
         <input_file_ref idref="fl-104"/>
      </object_component>
      <object_component id="oc-1a7">
         <name>.common:bitsequence</name>
         <uninitialized>true</uninitialized>
         <run_address>0x20017bd0</run_address>
         <size>0x8</size>
      </object_component>
      <object_component id="oc-1a6">
         <name>.common:index</name>
         <uninitialized>true</uninitialized>
         <run_address>0x20017be4</run_address>
         <size>0x4</size>
      </object_component>
      <object_component id="oc-1a8">
         <name>.common:MessageTx</name>
         <uninitialized>true</uninitialized>
         <run_address>0x20017bc8</run_address>
         <size>0x8</size>
      </object_component>
      <object_component id="oc-1a3">
         <name>.common:MessageRx</name>
         <uninitialized>true</uninitialized>
         <run_address>0x20017bc0</run_address>
         <size>0x8</size>
      </object_component>
      <object_component id="oc-5d6">
         <name>.common:__TI_tmpnams</name>
         <uninitialized>true</uninitialized>
         <run_address>0x20017b20</run_address>
         <size>0xa0</size>
      </object_component>
      <object_component id="oc-5e7">
         <name>.common:parmbuf</name>
         <uninitialized>true</uninitialized>
         <run_address>0x20017bd8</run_address>
         <size>0x8</size>
      </object_component>
      <object_component id="oc-23">
         <name>.sysmem</name>
         <uninitialized>true</uninitialized>
         <run_address>0x20017000</run_address>
         <size>0x10</size>
         <input_file_ref idref="fl-eb"/>
      </object_component>
      <object_component id="oc-67c">
         <name>.sysmem</name>
         <uninitialized>true</uninitialized>
         <run_address>0x20017000</run_address>
         <size>0x0</size>
      </object_component>
      <object_component id="oc-26">
         <name>.stack</name>
         <uninitialized>true</uninitialized>
         <run_address>0x2002f800</run_address>
         <size>0x4</size>
         <input_file_ref idref="fl-ee"/>
      </object_component>
      <object_component id="oc-67b">
         <name>.stack</name>
         <uninitialized>true</uninitialized>
         <run_address>0x2002f800</run_address>
         <size>0x0</size>
      </object_component>
      <object_component id="oc-27a">
         <name>.debug_info</name>
         <load_address>0x0</load_address>
         <run_address>0x0</run_address>
         <size>0x230</size>
         <input_file_ref idref="fl-1"/>
      </object_component>
      <object_component id="oc-274">
         <name>.debug_info</name>
         <load_address>0x230</load_address>
         <run_address>0x230</run_address>
         <size>0xe2</size>
         <input_file_ref idref="fl-1"/>
      </object_component>
      <object_component id="oc-277">
         <name>.debug_info</name>
         <load_address>0x312</load_address>
         <run_address>0x312</run_address>
         <size>0x190</size>
         <input_file_ref idref="fl-1"/>
      </object_component>
      <object_component id="oc-127">
         <name>.debug_info</name>
         <load_address>0x4a2</load_address>
         <run_address>0x4a2</run_address>
         <size>0x154e</size>
         <input_file_ref idref="fl-1"/>
      </object_component>
      <object_component id="oc-38">
         <name>.debug_info</name>
         <load_address>0x19f0</load_address>
         <run_address>0x19f0</run_address>
         <size>0x84</size>
         <input_file_ref idref="fl-1"/>
      </object_component>
      <object_component id="oc-2e6">
         <name>.debug_info</name>
         <load_address>0x1a74</load_address>
         <run_address>0x1a74</run_address>
         <size>0x249</size>
         <input_file_ref idref="fl-2"/>
      </object_component>
      <object_component id="oc-19e">
         <name>.debug_info</name>
         <load_address>0x1cbd</load_address>
         <run_address>0x1cbd</run_address>
         <size>0xe68</size>
         <input_file_ref idref="fl-2"/>
      </object_component>
      <object_component id="oc-2e9">
         <name>.debug_info</name>
         <load_address>0x2b25</load_address>
         <run_address>0x2b25</run_address>
         <size>0x26b</size>
         <input_file_ref idref="fl-2"/>
      </object_component>
      <object_component id="oc-441">
         <name>.debug_info</name>
         <load_address>0x2d90</load_address>
         <run_address>0x2d90</run_address>
         <size>0x62</size>
         <input_file_ref idref="fl-2"/>
      </object_component>
      <object_component id="oc-30d">
         <name>.debug_info</name>
         <load_address>0x2df2</load_address>
         <run_address>0x2df2</run_address>
         <size>0x2a4</size>
         <input_file_ref idref="fl-2"/>
      </object_component>
      <object_component id="oc-23a">
         <name>.debug_info</name>
         <load_address>0x3096</load_address>
         <run_address>0x3096</run_address>
         <size>0x2c</size>
         <input_file_ref idref="fl-2"/>
      </object_component>
      <object_component id="oc-bc">
         <name>.debug_info</name>
         <load_address>0x30c2</load_address>
         <run_address>0x30c2</run_address>
         <size>0x2c</size>
         <input_file_ref idref="fl-2"/>
      </object_component>
      <object_component id="oc-228">
         <name>.debug_info</name>
         <load_address>0x30ee</load_address>
         <run_address>0x30ee</run_address>
         <size>0x2c</size>
         <input_file_ref idref="fl-2"/>
      </object_component>
      <object_component id="oc-2ee">
         <name>.debug_info</name>
         <load_address>0x311a</load_address>
         <run_address>0x311a</run_address>
         <size>0x35</size>
         <input_file_ref idref="fl-2"/>
      </object_component>
      <object_component id="oc-371">
         <name>.debug_info</name>
         <load_address>0x314f</load_address>
         <run_address>0x314f</run_address>
         <size>0x4c2</size>
         <input_file_ref idref="fl-3"/>
      </object_component>
      <object_component id="oc-22d">
         <name>.debug_info</name>
         <load_address>0x3611</load_address>
         <run_address>0x3611</run_address>
         <size>0x110</size>
         <input_file_ref idref="fl-3"/>
      </object_component>
      <object_component id="oc-36c">
         <name>.debug_info</name>
         <load_address>0x3721</load_address>
         <run_address>0x3721</run_address>
         <size>0x8b</size>
         <input_file_ref idref="fl-3"/>
      </object_component>
      <object_component id="oc-1b0">
         <name>.debug_info</name>
         <load_address>0x37ac</load_address>
         <run_address>0x37ac</run_address>
         <size>0xbb</size>
         <input_file_ref idref="fl-3"/>
      </object_component>
      <object_component id="oc-1a4">
         <name>.debug_info</name>
         <load_address>0x3867</load_address>
         <run_address>0x3867</run_address>
         <size>0x9d4</size>
         <input_file_ref idref="fl-4"/>
      </object_component>
      <object_component id="oc-98">
         <name>.debug_info</name>
         <load_address>0x423b</load_address>
         <run_address>0x423b</run_address>
         <size>0xc05</size>
         <input_file_ref idref="fl-4"/>
      </object_component>
      <object_component id="oc-198">
         <name>.debug_info</name>
         <load_address>0x4e40</load_address>
         <run_address>0x4e40</run_address>
         <size>0x3b9</size>
         <input_file_ref idref="fl-6"/>
      </object_component>
      <object_component id="oc-31">
         <name>.debug_info</name>
         <load_address>0x51f9</load_address>
         <run_address>0x51f9</run_address>
         <size>0x1af</size>
         <input_file_ref idref="fl-7"/>
      </object_component>
      <object_component id="oc-13">
         <name>.debug_info</name>
         <load_address>0x53a8</load_address>
         <run_address>0x53a8</run_address>
         <size>0x12e</size>
         <input_file_ref idref="fl-7"/>
      </object_component>
      <object_component id="oc-2a">
         <name>.debug_info</name>
         <load_address>0x54d6</load_address>
         <run_address>0x54d6</run_address>
         <size>0x4e5</size>
         <input_file_ref idref="fl-7"/>
      </object_component>
      <object_component id="oc-227">
         <name>.debug_info</name>
         <load_address>0x59bb</load_address>
         <run_address>0x59bb</run_address>
         <size>0x3be</size>
         <input_file_ref idref="fl-8"/>
      </object_component>
      <object_component id="oc-224">
         <name>.debug_info</name>
         <load_address>0x5d79</load_address>
         <run_address>0x5d79</run_address>
         <size>0xe9</size>
         <input_file_ref idref="fl-8"/>
      </object_component>
      <object_component id="oc-c8">
         <name>.debug_info</name>
         <load_address>0x5e62</load_address>
         <run_address>0x5e62</run_address>
         <size>0x64f</size>
         <input_file_ref idref="fl-8"/>
      </object_component>
      <object_component id="oc-29e">
         <name>.debug_info</name>
         <load_address>0x64b1</load_address>
         <run_address>0x64b1</run_address>
         <size>0x1e0</size>
         <input_file_ref idref="fl-e"/>
      </object_component>
      <object_component id="oc-298">
         <name>.debug_info</name>
         <load_address>0x6691</load_address>
         <run_address>0x6691</run_address>
         <size>0x19e</size>
         <input_file_ref idref="fl-e"/>
      </object_component>
      <object_component id="oc-2b5">
         <name>.debug_info</name>
         <load_address>0x682f</load_address>
         <run_address>0x682f</run_address>
         <size>0x1dd</size>
         <input_file_ref idref="fl-e"/>
      </object_component>
      <object_component id="oc-169">
         <name>.debug_info</name>
         <load_address>0x6a0c</load_address>
         <run_address>0x6a0c</run_address>
         <size>0x1e8</size>
         <input_file_ref idref="fl-e"/>
      </object_component>
      <object_component id="oc-16f">
         <name>.debug_info</name>
         <load_address>0x6bf4</load_address>
         <run_address>0x6bf4</run_address>
         <size>0x1bf</size>
         <input_file_ref idref="fl-e"/>
      </object_component>
      <object_component id="oc-157">
         <name>.debug_info</name>
         <load_address>0x6db3</load_address>
         <run_address>0x6db3</run_address>
         <size>0x1c1</size>
         <input_file_ref idref="fl-e"/>
      </object_component>
      <object_component id="oc-14b">
         <name>.debug_info</name>
         <load_address>0x6f74</load_address>
         <run_address>0x6f74</run_address>
         <size>0x1b7</size>
         <input_file_ref idref="fl-e"/>
      </object_component>
      <object_component id="oc-151">
         <name>.debug_info</name>
         <load_address>0x712b</load_address>
         <run_address>0x712b</run_address>
         <size>0x1bd</size>
         <input_file_ref idref="fl-e"/>
      </object_component>
      <object_component id="oc-163">
         <name>.debug_info</name>
         <load_address>0x72e8</load_address>
         <run_address>0x72e8</run_address>
         <size>0x208</size>
         <input_file_ref idref="fl-e"/>
      </object_component>
      <object_component id="oc-176">
         <name>.debug_info</name>
         <load_address>0x74f0</load_address>
         <run_address>0x74f0</run_address>
         <size>0x1af</size>
         <input_file_ref idref="fl-e"/>
      </object_component>
      <object_component id="oc-2cf">
         <name>.debug_info</name>
         <load_address>0x769f</load_address>
         <run_address>0x769f</run_address>
         <size>0x1d4</size>
         <input_file_ref idref="fl-e"/>
      </object_component>
      <object_component id="oc-375">
         <name>.debug_info</name>
         <load_address>0x7873</load_address>
         <run_address>0x7873</run_address>
         <size>0x201</size>
         <input_file_ref idref="fl-10"/>
      </object_component>
      <object_component id="oc-240">
         <name>.debug_info</name>
         <load_address>0x7a74</load_address>
         <run_address>0x7a74</run_address>
         <size>0xf4</size>
         <input_file_ref idref="fl-10"/>
      </object_component>
      <object_component id="oc-d2">
         <name>.debug_info</name>
         <load_address>0x7b68</load_address>
         <run_address>0x7b68</run_address>
         <size>0x17c</size>
         <input_file_ref idref="fl-10"/>
      </object_component>
      <object_component id="oc-cc">
         <name>.debug_info</name>
         <load_address>0x7ce4</load_address>
         <run_address>0x7ce4</run_address>
         <size>0x1ae</size>
         <input_file_ref idref="fl-10"/>
      </object_component>
      <object_component id="oc-28b">
         <name>.debug_info</name>
         <load_address>0x7e92</load_address>
         <run_address>0x7e92</run_address>
         <size>0x1f8</size>
         <input_file_ref idref="fl-10"/>
      </object_component>
      <object_component id="oc-db">
         <name>.debug_info</name>
         <load_address>0x808a</load_address>
         <run_address>0x808a</run_address>
         <size>0x19f</size>
         <input_file_ref idref="fl-10"/>
      </object_component>
      <object_component id="oc-44a">
         <name>.debug_info</name>
         <load_address>0x8229</load_address>
         <run_address>0x8229</run_address>
         <size>0x14e</size>
         <input_file_ref idref="fl-11"/>
      </object_component>
      <object_component id="oc-394">
         <name>.debug_info</name>
         <load_address>0x8377</load_address>
         <run_address>0x8377</run_address>
         <size>0xf6</size>
         <input_file_ref idref="fl-11"/>
      </object_component>
      <object_component id="oc-2a9">
         <name>.debug_info</name>
         <load_address>0x846d</load_address>
         <run_address>0x846d</run_address>
         <size>0x1bf</size>
         <input_file_ref idref="fl-11"/>
      </object_component>
      <object_component id="oc-398">
         <name>.debug_info</name>
         <load_address>0x862c</load_address>
         <run_address>0x862c</run_address>
         <size>0x20d</size>
         <input_file_ref idref="fl-11"/>
      </object_component>
      <object_component id="oc-2c1">
         <name>.debug_info</name>
         <load_address>0x8839</load_address>
         <run_address>0x8839</run_address>
         <size>0x1d4</size>
         <input_file_ref idref="fl-11"/>
      </object_component>
      <object_component id="oc-2bb">
         <name>.debug_info</name>
         <load_address>0x8a0d</load_address>
         <run_address>0x8a0d</run_address>
[...]
         <name>SysTickDisable</name>
         <value>0x2000967d</value>
         <object_component_ref idref="oc-17f"/>
      </symbol>
      <symbol id="sm-50e">
         <name>UARTFIFODisable</name>
         <value>0x200095b3</value>
         <object_component_ref idref="oc-138"/>
      </symbol>
      <symbol id="sm-50f">
         <name>UARTConfigSetExpClk</name>
         <value>0x20008381</value>
         <object_component_ref idref="oc-12c"/>
      </symbol>
      <symbol id="sm-510">
         <name>UARTDisable</name>
         <value>0x20008fd1</value>
         <object_component_ref idref="oc-27b"/>
      </symbol>
      <symbol id="sm-511">
         <name>UARTIntEnable</name>
         <value>0x20009529</value>
         <object_component_ref idref="oc-10e"/>
      </symbol>
      <symbol id="sm-512">
         <name>UARTCharsAvail</name>
         <value>0x200094f9</value>
         <object_component_ref idref="oc-1f9"/>
      </symbol>
      <symbol id="sm-513">
         <name>UARTCharGetNonBlocking</name>
         <value>0x2000938d</value>
         <object_component_ref idref="oc-1ff"/>
      </symbol>
      <symbol id="sm-514">
         <name>UARTIntDisable</name>
         <value>0x20009511</value>
         <object_component_ref idref="oc-101"/>
      </symbol>
      <symbol id="sm-515">
         <name>UARTCharPut</name>
         <value>0x200092f9</value>
         <object_component_ref idref="oc-107"/>
      </symbol>
      <symbol id="sm-516">
         <name>UARTEnable</name>
         <value>0x200091b1</value>
         <object_component_ref idref="oc-132"/>
      </symbol>
      <symbol id="sm-517">
         <name>UARTFIFOEnable</name>
         <value>0x200095c9</value>
         <object_component_ref idref="oc-144"/>
      </symbol>
      <symbol id="sm-518">
         <name>UARTIntClear</name>
         <value>0x20009659</value>
         <object_component_ref idref="oc-11a"/>
      </symbol>
      <symbol id="sm-519">
         <name>UARTIntStatus</name>
         <value>0x20009335</value>
         <object_component_ref idref="oc-114"/>
      </symbol>
      <symbol id="sm-51a">
         <name>UARTCharGet</name>
         <value>0x2000959d</value>
         <object_component_ref idref="oc-120"/>
      </symbol>
      <symbol id="sm-51b">
         <name>UARTIntRegister</name>
         <value>0x20009317</value>
         <object_component_ref idref="oc-13e"/>
      </symbol>
      <symbol id="sm-51f">
         <name>UtilsDelay</name>
         <value>0x200096f1</value>
         <object_component_ref idref="oc-10d"/>
      </symbol>
      <symbol id="sm-529">
         <name>CPUcpsie</name>
         <value>0x200095f5</value>
         <object_component_ref idref="oc-233"/>
      </symbol>
      <symbol id="sm-556">
         <name>printf</name>
         <value>0x20008689</value>
         <object_component_ref idref="oc-1a9"/>
      </symbol>
      <symbol id="sm-6c0">
         <name>__TI_printfi</name>
         <value>0x20004e81</value>
         <object_component_ref idref="oc-2f3"/>
      </symbol>
      <symbol id="sm-6ea">
         <name>vsnprintf</name>
         <value>0x20008dd9</value>
         <object_component_ref idref="oc-1f3"/>
      </symbol>
      <symbol id="sm-6ff">
         <name>putc</name>
         <value>0x20008065</value>
         <object_component_ref idref="oc-405"/>
      </symbol>
      <symbol id="sm-700">
         <name>fputc</name>
         <value>0x20008065</value>
         <object_component_ref idref="oc-405"/>
      </symbol>
      <symbol id="sm-71e">
         <name>fputs</name>
         <value>0x2000761d</value>
         <object_component_ref idref="oc-3fe"/>
      </symbol>
      <symbol id="sm-736">
         <name>__TI_wrt_ok</name>
         <value>0x20008755</value>
         <object_component_ref idref="oc-4cb"/>
      </symbol>
      <symbol id="sm-752">
         <name>setvbuf</name>
         <value>0x20007af5</value>
         <object_component_ref idref="oc-537"/>
      </symbol>
      <symbol id="sm-769">
         <name>__aeabi_dsub</name>
         <value>0x20006e39</value>
         <object_component_ref idref="oc-479"/>
      </symbol>
      <symbol id="sm-76a">
         <name>__aeabi_dadd</name>
         <value>0x20006e43</value>
         <object_component_ref idref="oc-479"/>
      </symbol>
      <symbol id="sm-78c">
         <name>__aeabi_cdcmpeq</name>
         <value>0x20008179</value>
         <object_component_ref idref="oc-3b5"/>
      </symbol>
      <symbol id="sm-78d">
         <name>__aeabi_cdcmple</name>
         <value>0x20008179</value>
         <object_component_ref idref="oc-3b5"/>
      </symbol>
      <symbol id="sm-78e">
         <name>__aeabi_cdrcmple</name>
         <value>0x200081ff</value>
         <object_component_ref idref="oc-464"/>
      </symbol>
      <symbol id="sm-7a2">
         <name>__aeabi_ddiv</name>
         <value>0x200072a5</value>
         <object_component_ref idref="oc-45f"/>
      </symbol>
      <symbol id="sm-7ad">
         <name>__aeabi_dmul</name>
         <value>0x20007831</value>
         <object_component_ref idref="oc-45a"/>
      </symbol>
      <symbol id="sm-7b7">
         <name>__aeabi_d2iz</name>
         <value>0x20008bfd</value>
         <object_component_ref idref="oc-469"/>
      </symbol>
      <symbol id="sm-7c1">
         <name>__aeabi_i2d</name>
         <value>0x20009061</value>
         <object_component_ref idref="oc-474"/>
      </symbol>
      <symbol id="sm-7ca">
         <name>__aeabi_llsl</name>
         <value>0x20009353</value>
         <object_component_ref idref="oc-17a"/>
      </symbol>
      <symbol id="sm-7e5">
         <name>memcpy</name>
         <value>0x20007e9d</value>
         <object_component_ref idref="oc-3d"/>
      </symbol>
      <symbol id="sm-7e6">
         <name>__aeabi_memcpy</name>
         <value>0x20007e9d</value>
         <object_component_ref idref="oc-3d"/>
      </symbol>
      <symbol id="sm-7e7">
         <name>__aeabi_memcpy8</name>
         <value>0x20007e9d</value>
         <object_component_ref idref="oc-3d"/>
      </symbol>
      <symbol id="sm-7e8">
         <name>__aeabi_memcpy4</name>
         <value>0x20007e9d</value>
         <object_component_ref idref="oc-3d"/>
      </symbol>
      <symbol id="sm-7f7">
         <name>__aeabi_memset</name>
         <value>0x20008309</value>
         <object_component_ref idref="oc-8b"/>
      </symbol>
      <symbol id="sm-7f8">
         <name>memset</name>
         <value>0x2000830f</value>
         <object_component_ref idref="oc-8b"/>
      </symbol>
      <symbol id="sm-7f9">
         <name>__aeabi_memset8</name>
         <value>0x20008309</value>
         <object_component_ref idref="oc-8b"/>
      </symbol>
      <symbol id="sm-7fa">
         <name>__aeabi_memset4</name>
         <value>0x20008309</value>
         <object_component_ref idref="oc-8b"/>
      </symbol>
      <symbol id="sm-7fb">
         <name>__aeabi_memclr8</name>
         <value>0x20008307</value>
         <object_component_ref idref="oc-8b"/>
      </symbol>
      <symbol id="sm-7fc">
         <name>__aeabi_memclr4</name>
         <value>0x20008307</value>
         <object_component_ref idref="oc-8b"/>
      </symbol>
      <symbol id="sm-7fd">
         <name>__aeabi_memclr</name>
         <value>0x20008307</value>
         <object_component_ref idref="oc-8b"/>
      </symbol>
      <symbol id="sm-80a">
         <name>__aeabi_uldivmod</name>
         <value>0x20007f39</value>
         <object_component_ref idref="oc-453"/>
      </symbol>
      <symbol id="sm-81e">
         <name>__TI_zero_init_nomemset</name>
         <value>0x200093a9</value>
         <object_component_ref idref="oc-49"/>
      </symbol>
      <symbol id="sm-835">
         <name>__TI_decompress_none</name>
         <value>0x200096ad</value>
         <object_component_ref idref="oc-1b"/>
      </symbol>
      <symbol id="sm-858">
         <name>__TI_decompress_lzss</name>
         <value>0x20008621</value>
         <object_component_ref idref="oc-15"/>
      </symbol>
      <symbol id="sm-87e">
         <name>C$$EXIT</name>
         <value>0x20009703</value>
         <object_component_ref idref="oc-1b5"/>
      </symbol>
      <symbol id="sm-87f">
         <name>abort</name>
         <value>0x20009703</value>
         <object_component_ref idref="oc-1b5"/>
      </symbol>
      <symbol id="sm-880">
         <name>__TI_dtors_ptr</name>
         <value>0x200179e4</value>
         <object_component_ref idref="oc-313"/>
      </symbol>
      <symbol id="sm-881">
         <name>__TI_cleanup_ptr</name>
         <value>0x200179e0</value>
         <object_component_ref idref="oc-313"/>
      </symbol>
      <symbol id="sm-882">
         <name>__TI_enable_exit_profile_output</name>
         <value>0x200179e8</value>
         <object_component_ref idref="oc-313"/>
      </symbol>
      <symbol id="sm-883">
         <name>exit</name>
         <value>0x20008bb5</value>
         <object_component_ref idref="oc-1bb"/>
      </symbol>
      <symbol id="sm-898">
         <name>_nop</name>
         <value>0x200058cf</value>
         <object_component_ref idref="oc-3f0"/>
      </symbol>
      <symbol id="sm-899">
         <name>_lock</name>
         <value>0x200179ec</value>
         <object_component_ref idref="oc-2f9"/>
      </symbol>
      <symbol id="sm-89a">
         <name>_unlock</name>
         <value>0x200179f0</value>
         <object_component_ref idref="oc-2f9"/>
      </symbol>
      <symbol id="sm-8a9">
         <name>__TI_ltoa</name>
         <value>0x20008a2f</value>
         <object_component_ref idref="oc-46e"/>
      </symbol>
      <symbol id="sm-8bf">
         <name>atoi</name>
         <value>0x20008b21</value>
         <object_component_ref idref="oc-3a9"/>
      </symbol>
      <symbol id="sm-8ca">
         <name>_ctypes_</name>
         <value>0x20009c03</value>
         <object_component_ref idref="oc-44e"/>
      </symbol>
      <symbol id="sm-8df">
         <name>__TI_tmpnams</name>
         <value>0x20017b20</value>
      </symbol>
      <symbol id="sm-8e0">
         <name>__aeabi_stdout</name>
         <value>0x200179d8</value>
         <object_component_ref idref="oc-594"/>
      </symbol>
      <symbol id="sm-8e1">
         <name>__aeabi_stderr</name>
         <value>0x200179dc</value>
         <object_component_ref idref="oc-594"/>
      </symbol>
      <symbol id="sm-8e2">
         <name>__aeabi_stdin</name>
         <value>0x200179d4</value>
         <object_component_ref idref="oc-594"/>
      </symbol>
      <symbol id="sm-8e3">
         <name>_ftable</name>
         <value>0x20017800</value>
         <object_component_ref idref="oc-2fc"/>
      </symbol>
      <symbol id="sm-8e4">
         <name>__TI_ft_end</name>
         <value>0x200179d0</value>
         <object_component_ref idref="oc-594"/>
      </symbol>
      <symbol id="sm-8f4">
         <name>memccpy</name>
         <value>0x200093e1</value>
         <object_component_ref idref="oc-3d2"/>
      </symbol>
      <symbol id="sm-904">
         <name>memchr</name>
         <value>0x2000929d</value>
         <object_component_ref idref="oc-4d1"/>
      </symbol>
      <symbol id="sm-915">
         <name>memmove</name>
         <value>0x20009161</value>
         <object_component_ref idref="oc-20b"/>
      </symbol>
      <symbol id="sm-9b3">
         <name>_sys_memory</name>
         <value>0x20017000</value>
         <object_component_ref idref="oc-23"/>
      </symbol>
      <symbol id="sm-9b4">
         <name>free</name>
         <value>0x2000792d</value>
         <object_component_ref idref="oc-21d"/>
      </symbol>
      <symbol id="sm-9b5">
         <name>realloc</name>
         <value>0x20007a11</value>
         <object_component_ref idref="oc-217"/>
      </symbol>
      <symbol id="sm-9b6">
         <name>memalign</name>
         <value>0x20007731</value>
         <object_component_ref idref="oc-34d"/>
      </symbol>
      <symbol id="sm-9b7">
         <name>malloc</name>
         <value>0x200096e9</value>
         <object_component_ref idref="oc-211"/>
      </symbol>
      <symbol id="sm-9b8">
         <name>aligned_alloc</name>
         <value>0x20007731</value>
         <object_component_ref idref="oc-34d"/>
      </symbol>
      <symbol id="sm-9c8">
         <name>strchr</name>
         <value>0x200095df</value>
         <object_component_ref idref="oc-4a5"/>
      </symbol>
      <symbol id="sm-9d6">
         <name>strlen</name>
         <value>0x20009645</value>
         <object_component_ref idref="oc-205"/>
      </symbol>
      <symbol id="sm-9e8">
         <name>__stack</name>
         <value>0x2002f800</value>
         <object_component_ref idref="oc-26"/>
      </symbol>
      <symbol id="sm-9e9">
         <name>_c_int00_noargs</name>
         <value>0x200091d5</value>
         <object_component_ref idref="oc-5b"/>
      </symbol>
      <symbol id="sm-a03">
         <name>write</name>
         <value>0x20009189</value>
         <object_component_ref idref="oc-4dd"/>
      </symbol>
      <symbol id="sm-a14">
         <name>_stream</name>
         <value>0x20017968</value>
         <object_component_ref idref="oc-543"/>
      </symbol>
      <symbol id="sm-a15">
         <name>_device</name>
         <value>0x200178f0</value>
         <object_component_ref idref="oc-578"/>
      </symbol>
      <symbol id="sm-a2b">
         <name>__aeabi_errno_addr</name>
         <value>0x200096e1</value>
         <object_component_ref idref="oc-3de"/>
      </symbol>
      <symbol id="sm-a2c">
         <name>errno</name>
         <value>0x200179fc</value>
         <object_component_ref idref="oc-4b5"/>
      </symbol>
      <symbol id="sm-a45">
         <name>wcslen</name>
         <value>0x2000966b</value>
         <object_component_ref idref="oc-3d8"/>
      </symbol>
      <symbol id="sm-a65">
         <name>frexpl</name>
         <value>0x20008875</value>
         <object_component_ref idref="oc-499"/>
      </symbol>
      <symbol id="sm-a66">
         <name>frexp</name>
         <value>0x20008875</value>
         <object_component_ref idref="oc-499"/>
      </symbol>
      <symbol id="sm-a84">
         <name>scalbn</name>
         <value>0x20007bd1</value>
         <object_component_ref idref="oc-49f"/>
      </symbol>
      <symbol id="sm-a85">
         <name>scalbnl</name>
         <value>0x20007bd1</value>
         <object_component_ref idref="oc-49f"/>
      </symbol>
      <symbol id="sm-a86">
         <name>ldexpl</name>
         <value>0x20007bd1</value>
         <object_component_ref idref="oc-49f"/>
      </symbol>
      <symbol id="sm-a87">
         <name>ldexp</name>
         <value>0x20007bd1</value>
         <object_component_ref idref="oc-49f"/>
      </symbol>
      <symbol id="sm-a97">
         <name>__TI_doflush</name>
         <value>0x20008ad5</value>
         <object_component_ref idref="oc-4d7"/>
      </symbol>
      <symbol id="sm-aa7">
         <name>__TI_cleanup</name>
         <value>0x20008f39</value>
         <object_component_ref idref="oc-565"/>
      </symbol>
      <symbol id="sm-ab9">
         <name>fseek</name>
         <value>0x200086f1</value>
         <object_component_ref idref="oc-531"/>
      </symbol>
      <symbol id="sm-ac3">
         <name>__aeabi_idiv0</name>
         <value>0x20006787</value>
         <object_component_ref idref="oc-4fc"/>
      </symbol>
      <symbol id="sm-ac4">
         <name>__aeabi_ldiv0</name>
         <value>0x20006787</value>
         <object_component_ref idref="oc-4fc"/>
      </symbol>
      <symbol id="sm-aec">
         <name>__TI_auto_init_nobinit_nopinit</name>
         <value>0x20008d11</value>
         <object_component_ref idref="oc-1c1"/>
      </symbol>
      <symbol id="sm-af6">
         <name>_system_pre_init</name>
         <value>0x200096ff</value>
         <object_component_ref idref="oc-91"/>
      </symbol>
      <symbol id="sm-b09">
         <name>HOSTclose</name>
         <value>0x20008c45</value>
         <object_component_ref idref="oc-5a0"/>
      </symbol>
      <symbol id="sm-b1a">
         <name>HOSTlseek</name>
         <value>0x200085b9</value>
         <object_component_ref idref="oc-5b2"/>
      </symbol>
      <symbol id="sm-b2c">
         <name>parmbuf</name>
         <value>0x20017bd8</value>
      </symbol>
      <symbol id="sm-b2d">
         <name>HOSTopen</name>
         <value>0x200087b9</value>
         <object_component_ref idref="oc-59a"/>
      </symbol>
      <symbol id="sm-b3e">
         <name>HOSTread</name>
         <value>0x200088d1</value>
         <object_component_ref idref="oc-5a6"/>
      </symbol>
      <symbol id="sm-b4f">
         <name>HOSTrename</name>
         <value>0x2000854d</value>
         <object_component_ref idref="oc-5be"/>
      </symbol>
      <symbol id="sm-b60">
         <name>HOSTunlink</name>
         <value>0x20008c89</value>
         <object_component_ref idref="oc-5b8"/>
      </symbol>
      <symbol id="sm-b71">
         <name>HOSTwrite</name>
         <value>0x20008929</value>
         <object_component_ref idref="oc-5ac"/>
      </symbol>
      <symbol id="sm-b95">
         <name>__TI_readmsg</name>
         <value>0x20008f6d</value>
         <object_component_ref idref="oc-5e1"/>
      </symbol>
      <symbol id="sm-b96">
         <name>C$$IO$$</name>
         <value>0x20008ec3</value>
         <object_component_ref idref="oc-5db"/>
      </symbol>
      <symbol id="sm-b97">
         <name>__CIOBUF_</name>
         <value>0x20017a00</value>
         <object_component_ref idref="oc-609"/>
      </symbol>
      <symbol id="sm-b98">
         <name>__TI_writemsg</name>
         <value>0x20008e95</value>
         <object_component_ref idref="oc-5db"/>
      </symbol>
      <symbol id="sm-ba9">
         <name>lseek</name>
         <value>0x20009139</value>
         <object_component_ref idref="oc-55d"/>
      </symbol>
      <symbol id="sm-bb3">
         <name>copysign</name>
         <value>0x200096c9</value>
         <object_component_ref idref="oc-515"/>
      </symbol>
      <symbol id="sm-bb4">
         <name>copysignl</name>
         <value>0x200096c9</value>
         <object_component_ref idref="oc-515"/>
      </symbol>
      <symbol id="sm-bc9">
         <name>__TI_closefile</name>
         <value>0x200083f9</value>
         <object_component_ref idref="oc-58e"/>
      </symbol>
      <symbol id="sm-bec">
         <name>finddevice</name>
         <value>0x20009031</value>
         <object_component_ref idref="oc-627"/>
      </symbol>
      <symbol id="sm-bed">
         <name>getdevice</name>
         <value>0x20008d55</value>
         <object_component_ref idref="oc-5ff"/>
      </symbol>
      <symbol id="sm-bfc">
         <name>strcmp</name>
         <value>0x20009559</value>
         <object_component_ref idref="oc-63e"/>
      </symbol>
      <symbol id="sm-c0a">
         <name>strcpy</name>
         <value>0x20009631</value>
         <object_component_ref idref="oc-5f5"/>
      </symbol>
      <symbol id="sm-c1a">
         <name>strncpy</name>
         <value>0x20008f03</value>
         <object_component_ref idref="oc-621"/>
      </symbol>
      <symbol id="sm-c2f">
         <name>close</name>
         <value>0x20008819</value>
         <object_component_ref idref="oc-5ca"/>
      </symbol>
      <symbol id="sm-c3f">
         <name>unlink</name>
         <value>0x200090bd</value>
         <object_component_ref idref="oc-5d0"/>
      </symbol>
      <symbol id="sm-c40">
         <name>__TI_static_base__</name>
         <value>0x20009ed8</value>
      </symbol>
      <symbol id="sm-c43">
         <name>__mpu_init</name>
         <value>0x0</value>
      </symbol>
      <symbol id="sm-c44">
         <name>_system_post_cinit</name>
         <value>0x0</value>
      </symbol>
      <symbol id="sm-c45">
         <name>remove</name>
         <value>0x200090bd</value>
      </symbol>
   </symbol_table>
   <title>Link successful</title>
</link_info>
