******************************************************************************
                  TI ARM Linker Unix v20.2.7                   
******************************************************************************
>> Linked Fri Jan 30 14:13:47 2026

OUTPUT FILE NAME:   <lab-3.out>
ENTRY POINT SYMBOL: "_c_int00_noargs"  address: 20007185


MEMORY CONFIGURATION

         name            origin    length      used     unused   attr    fill
----------------------  --------  ---------  --------  --------  ----  --------
  SRAM_CODE             20004000   00013000  00003786  0000f87a  RW X
  SRAM_DATA             20017000   00019000  000011b4  00017e4c  RW X


SEGMENT ALLOCATION MAP

run origin  load origin   length   init length attrs members
----------  ----------- ---------- ----------- ----- -------
20004000    20004000    00003788   00003788    r-x
  20004000    20004000    00000400   00000400    r-- .intvecs
  20004400    20004400    0000308a   0000308a    r-x .text
  2000748c    2000748c    000002c4   000002c4    r-- .const
  20007750    20007750    00000038   00000038    r-- .cinit
20017000    20017000    000009b4   00000000    rw-
  20017000    20017000    00000800   00000000    rw- .sysmem
  20017800    20017800    00000194   00000000    rw- .bss
  20017994    20017994    00000020   00000000    rw- .data
2002f800    2002f800    00000800   00000000    rw-
  2002f800    2002f800    00000800   00000000    rw- .stack


SECTION ALLOCATION MAP

 output                                  attributes/
section   page    origin      length       input sections
--------  ----  ----------  ----------   ----------------
.intvecs   0    20004000    00000400     
                  20004000    00000400     startup_ccs.obj (.intvecs)

.init_array 
*          0    20004000    00000000     UNINITIALIZED

.text      0    20004400    0000308a     
                  20004400    00000a4e     rtsv7M4_T_le_eabi.lib : _printfi.c.obj (.text:__TI_printfi)
                  20004e4e    00000002                           : _lock.c.obj (.text:_nop)
                  20004e50    0000030c     main.obj (.text)
                  2000515c    0000027c     uart_if.obj (.text)
                  200053d8    00000268     rtsv7M4_T_le_eabi.lib : _printfi.c.obj (.text:_pconv_a)
                  20005640    000001cc                           : _printfi.c.obj (.text:_pconv_g)
                  2000580c    000001b6                           : fd_add_t2.asm.obj (.text)
                  200059c2    00000002                           : div0.asm.obj (.text)
                  200059c4    00000178     driverlib.a : prcm.obj (.text:PRCMCC3200MCUInit)
                  20005b3c    0000013c     rtsv7M4_T_le_eabi.lib : _printfi.c.obj (.text:_pconv_e)
                  20005c78    00000136                           : fd_div_t2.asm.obj (.text)
                  20005dae    00000002     --HOLE-- [fill = 0]
                  20005db0    00000120                           : _printfi.c.obj (.text:fcvt)
                  20005ed0    00000120     pin_mux_config.obj (.text)
                  20005ff0    00000100     rtsv7M4_T_le_eabi.lib : memory.c.obj (.text:aligned_alloc)
                  200060f0    000000fc                           : fd_mul_t2.asm.obj (.text)
                  200061ec    000000e4                           : memory.c.obj (.text:free)
                  200062d0    000000e4                           : memory.c.obj (.text:realloc)
                  200063b4    000000d0                           : s_scalbn.c.obj (.text:scalbn)
                  20006484    000000b1                           : _printfi.c.obj (.text:_ltostr)
                  20006535    00000003     --HOLE-- [fill = 0]
                  20006538    000000a8     driverlib.a : interrupt.obj (.text:IntEnable)
                  200065e0    0000009c     rtsv7M4_T_le_eabi.lib : memcpy_t2.asm.obj (.text)
                  2000667c    00000096                           : ull_div_t2.asm.obj (.text)
                  20006712    00000002     --HOLE-- [fill = 0]
                  20006714    00000094     driverlib.a : prcm.obj (.text:PRCMPeripheralClockGet)
                  200067a8    00000088                 : pin.obj (.text:PinConfigSet)
                  20006830    00000086     rtsv7M4_T_le_eabi.lib : fd_cmp_t2.asm.obj (.text:__aeabi_cdcmple)
                  200068b6    00000086                           : fd_cmp_t2.asm.obj (.text:__aeabi_cdrcmple)
                  2000693c    00000082     driverlib.a : gpio.obj (.text:GPIOIntTypeSet)
                  200069be    0000007a     rtsv7M4_T_le_eabi.lib : memset_t2.asm.obj (.text)
                  20006a38    00000076     driverlib.a : uart.obj (.text:UARTConfigSetExpClk)
                  20006aae    00000002     --HOLE-- [fill = 0]
                  20006ab0    00000070     rtsv7M4_T_le_eabi.lib : memory.c.obj (.text:split)
                  20006b20    0000006e                           : _printfi.c.obj (.text:_mcpy)
                  20006b8e    00000068                           : copy_decompress_lzss.c.obj (.text:decompress:lzss:__TI_decompress_lzss)
                  20006bf6    00000002     --HOLE-- [fill = 0]
                  20006bf8    0000005c                           : s_frexp.c.obj (.text:frexp)
                  20006c54    00000058     driverlib.a : prcm.obj (.text:PRCMPeripheralReset)
                  20006cac    00000056     rtsv7M4_T_le_eabi.lib : _printfi.c.obj (.text:_pconv_f)
                  20006d02    00000054                           : _ltoa.c.obj (.text:__TI_ltoa)
                  20006d56    00000052                           : _printfi.c.obj (.text:_ecpy)
                  20006da8    0000004c                           : atoi.c.obj (.text:atoi)
                  20006df4    00000048     driverlib.a : gpio.obj (.text:GPIOGetIntNumber)
                  20006e3c    00000048     rtsv7M4_T_le_eabi.lib : fd_toi_t2.asm.obj (.text)
                  20006e84    00000044                           : autoinit.c.obj (.text:__TI_auto_init_nobinit_nopinit:__TI_auto_init_nobinit_nopinit)
                  20006ec8    00000040     driverlib.a : pin.obj (.text:PinModeSet)
                  20006f08    00000040     rtsv7M4_T_le_eabi.lib : vsnprintf.c.obj (.text:vsnprintf)
                  20006f48    0000003e                           : _printfi.c.obj (.text:_fcpy)
                  20006f86    00000002     --HOLE-- [fill = 0]
                  20006f88    0000003c     driverlib.a : prcm.obj (.text:PRCMPeripheralClkEnable)
                  20006fc4    00000036                 : gpio.obj (.text:GPIODirModeSet)
                  20006ffa    00000030                 : pin.obj (.text:PinTypeGPIO)
                  2000702a    00000002     --HOLE-- [fill = 0]
                  2000702c    00000030                 : uart.obj (.text:UARTDisable)
                  2000705c    00000030     rtsv7M4_T_le_eabi.lib : vsnprintf.c.obj (.text:_outs)
                  2000708c    0000002e                           : i_tofd_t2.asm.obj (.text)
                  200070ba    00000002     --HOLE-- [fill = 0]
                  200070bc    0000002c     driverlib.a : prcm.obj (.text:PRCMSysResetCauseGet)
                  200070e8    00000028                 : prcm.obj (.text:PRCMPeripheralClkDisable)
                  20007110    00000028     rtsv7M4_T_le_eabi.lib : memory.c.obj (.text:free_list_insert)
                  20007138    00000028                           : memmov.c.obj (.text:memmove)
                  20007160    00000024     driverlib.a : uart.obj (.text:UARTEnable)
                  20007184    00000024     rtsv7M4_T_le_eabi.lib : boot_cortex_m.c.obj (.text:_c_int00_noargs:_c_int00_noargs)
                  200071a8    00000022     driverlib.a : gpio.obj (.text:GPIOIntStatus)
                  200071ca    00000002     --HOLE-- [fill = 0]
                  200071cc    00000020                 : interrupt.obj (.text:IntRegister)
                  200071ec    0000001e                 : gpio.obj (.text:GPIOIntRegister)
                  2000720a    0000001e                 : uart.obj (.text:UARTCharPut)
                  20007228    0000001c                 : systick.obj (.text:SysTickIntRegister)
                  20007244    0000001c                 : uart.obj (.text:UARTCharGetNonBlocking)
                  20007260    0000001c     rtsv7M4_T_le_eabi.lib : copy_zero_init.c.obj (.text:decompress:ZI:__TI_zero_init_nomemset:__TI_zero_init_nomemset)
                  2000727c    0000001c                           : memory.c.obj (.text:free_list_remove)
                  20007298    0000001c                           : memccpy.c.obj (.text:memccpy)
                  200072b4    0000001a     driverlib.a : gpio.obj (.text:GPIOIntEnable)
                  200072ce    0000001a                 : pin.obj (.text:PinTypeSPI)
                  200072e8    0000001a                 : pin.obj (.text:PinTypeUART)
                  20007302    00000002     --HOLE-- [fill = 0]
                  20007304    00000018                 : systick.obj (.text:SysTickPeriodSet)
                  2000731c    00000018                 : uart.obj (.text:UARTCharsAvail)
                  20007334    00000018     rtsv7M4_T_le_eabi.lib : vsnprintf.c.obj (.text:_outc)
                  2000734c    00000018                           : ll_mul_t2.asm.obj (.text)
                  20007364    00000016     driverlib.a : prcm.obj (.text:PRCMHIBRegRead)
                  2000737a    00000016                 : prcm.obj (.text:PRCMHIBRegWrite)
                  20007390    00000016     rtsv7M4_T_le_eabi.lib : strchr.c.obj (.text:strchr)
                  200073a6    00000014     driverlib.a : cpu.obj (.text:CPUcpsie)
                  200073ba    00000014                 : gpio.obj (.text:GPIOIntClear)
                  200073ce    00000002     --HOLE-- [fill = 0]
                  200073d0    00000014                 : interrupt.obj (.text:IntVTableBaseSet)
                  200073e4    00000014     rtsv7M4_T_le_eabi.lib : strlen.c.obj (.text:strlen)
                  200073f8    00000012                           : wcslen.c.obj (.text:wcslen)
                  2000740a    00000002     --HOLE-- [fill = 0]
                  2000740c    00000010     driverlib.a : systick.obj (.text:SysTickEnable)
                  2000741c    00000010                 : systick.obj (.text:SysTickIntEnable)
                  2000742c    0000000e     rtsv7M4_T_le_eabi.lib : copy_decompress_none.c.obj (.text:decompress:none:__TI_decompress_none)
                  2000743a    0000000e     startup_ccs.obj (.text)
                  20007448    0000000c     driverlib.a : systick.obj (.text:SysTickValueGet)
                  20007454    0000000c     rtsv7M4_T_le_eabi.lib : s_copysign.c.obj (.text:copysign)
                  20007460    0000000a     driverlib.a : interrupt.obj (.text:IntMasterEnable)
                  2000746a    00000002     --HOLE-- [fill = 0]
                  2000746c    00000008     rtsv7M4_T_le_eabi.lib : errno.c.obj (.text:__aeabi_errno_addr)
                  20007474    00000008                           : memory.c.obj (.text:malloc)
                  2000747c    00000006     driverlib.a : utils.obj (.text:UtilsDelay)
                  20007482    00000004     rtsv7M4_T_le_eabi.lib : pre_init.c.obj (.text:_system_pre_init)
                  20007486    00000004                           : exit.c.obj (.text:abort:abort)

.const     0    2000748c    000002c4     
                  2000748c    00000101     rtsv7M4_T_le_eabi.lib : ctype.c.obj (.const:.string:_ctypes_)
                  2000758d    00000003     --HOLE-- [fill = 0]
                  20007590    00000100     driverlib.a : pin.obj (.const:g_ulPinToPadMap)
                  20007690    000000a8                 : prcm.obj (.const:PRCM_PeriphRegsList)
                  20007738    00000018                 : interrupt.obj (.const:g_pulEnRegs)

.cinit     0    20007750    00000038     
                  20007750    00000010     (.cinit..data.load) [load image, compression = lzss]
                  20007760    0000000c     (__TI_handler_table)
                  2000776c    00000004     --HOLE-- [fill = 0]
                  20007770    00000008     (.cinit..bss.load) [load image, compression = zero_init]
                  20007778    00000010     (__TI_cinit_table)

.sysmem    0    20017000    00000800     UNINITIALIZED
                  20017000    00000010     rtsv7M4_T_le_eabi.lib : memory.c.obj (.sysmem)
                  20017010    000007f0     --HOLE--

.bss       0    20017800    00000194     UNINITIALIZED
                  20017800    00000190     (.common:g_pulseWidths)
                  20017990    00000004     uart_if.obj (.bss)

.data      0    20017994    00000020     UNINITIALIZED
                  20017994    0000000c     main.obj (.data)
                  200179a0    00000008     rtsv7M4_T_le_eabi.lib : _lock.c.obj (.data:$O1$$)
                  200179a8    00000008                           : memory.c.obj (.data:$O1$$)
                  200179b0    00000004                           : errno.c.obj (.data)

.stack     0    2002f800    00000800     UNINITIALIZED
                  2002f800    00000004     rtsv7M4_T_le_eabi.lib : boot_cortex_m.c.obj (.stack)
                  2002f804    000007fc     --HOLE--

__llvm_prf_cnts 
*          0    20017000    00000000     UNINITIALIZED

MODULE SUMMARY

       Module                       code    ro data   rw data
       ------                       ----    -------   -------
    ./
       main.obj                     780     0         412    
       startup_ccs.obj              14      1024      0      
       uart_if.obj                  636     0         4      
       pin_mux_config.obj           288     0         0      
    +--+----------------------------+-------+---------+---------+
       Total:                       1718    1024      416    
                                                             
    /Applications/TI/ccs/tools/compiler/ti-cgt-arm_20.2.7.LTS/lib/rtsv7M4_T_le_eabi.lib
       _printfi.c.obj               4835    0         0      
       memory.c.obj                 900     0         8      
       fd_add_t2.asm.obj            438     0         0      
       fd_div_t2.asm.obj            310     0         0      
       fd_cmp_t2.asm.obj            268     0         0      
       ctype.c.obj                  0       257       0      
       fd_mul_t2.asm.obj            252     0         0      
       s_scalbn.c.obj               208     0         0      
       memcpy_t2.asm.obj            156     0         0      
       ull_div_t2.asm.obj           150     0         0      
       vsnprintf.c.obj              136     0         0      
       memset_t2.asm.obj            122     0         0      
       copy_decompress_lzss.c.obj   104     0         0      
       s_frexp.c.obj                92      0         0      
       _ltoa.c.obj                  84      0         0      
       atoi.c.obj                   76      0         0      
       fd_toi_t2.asm.obj            72      0         0      
       autoinit.c.obj               68      0         0      
       i_tofd_t2.asm.obj            46      0         0      
       memmov.c.obj                 40      0         0      
       boot_cortex_m.c.obj          36      0         0      
       copy_zero_init.c.obj         28      0         0      
       memccpy.c.obj                28      0         0      
       ll_mul_t2.asm.obj            24      0         0      
       strchr.c.obj                 22      0         0      
       strlen.c.obj                 20      0         0      
       wcslen.c.obj                 18      0         0      
       copy_decompress_none.c.obj   14      0         0      
       errno.c.obj                  8       0         4      
       s_copysign.c.obj             12      0         0      
       _lock.c.obj                  2       0         8      
       exit.c.obj                   4       0         0      
       pre_init.c.obj               4       0         0      
       div0.asm.obj                 2       0         0      
    +--+----------------------------+-------+---------+---------+
       Total:                       8579    257       20     
                                                             
    /Applications/TI/lib/cc3200sdk_1.5.0/cc3200-sdk/driverlib/ccs/Release/driverlib.a
       prcm.obj                     800     168       0      
       pin.obj                      300     256       0      
       gpio.obj                     366     0         0      
       uart.obj                     284     0         0      
       interrupt.obj                230     24        0      
       systick.obj                  96      0         0      
       cpu.obj                      20      0         0      
       utils.obj                    6       0         0      
    +--+----------------------------+-------+---------+---------+
       Total:                       2102    448       0      
                                                             
       Heap:                        0       0         2048   
       Stack:                       0       0         2048   
       Linker Generated:            0       52        0      
    +--+----------------------------+-------+---------+---------+
       Grand Total:                 12399   1781      4532   


LINKER GENERATED COPY TABLES

__TI_cinit_table @ 20007778 records: 2, size/record: 8, table size: 16
	.data: load addr=20007750, load size=00000010 bytes, run addr=20017994, run size=00000020 bytes, compression=lzss
	.bss: load addr=20007770, load size=00000008 bytes, run addr=20017800, run size=00000194 bytes, compression=zero_init


LINKER GENERATED HANDLER TABLE

__TI_handler_table @ 20007760 records: 3, size/record: 4, table size: 12
	index: 0, handler: __TI_decompress_lzss
	index: 1, handler: __TI_decompress_none
	index: 2, handler: __TI_zero_init


GLOBAL SYMBOLS: SORTED ALPHABETICALLY BY Name 

address   name                          
-------   ----                          
20007487  C$$EXIT                       
200073a7  CPUcpsie                      
2000519d  ClearTerm                     
200051a7  Error                         
20006fc5  GPIODirModeSet                
200073bb  GPIOIntClear                  
200072b5  GPIOIntEnable                 
200071ed  GPIOIntRegister               
200071a9  GPIOIntStatus                 
2000693d  GPIOIntTypeSet                
200051df  GetCmd                        
2000515d  InitTerm                      
20006539  IntEnable                     
20007461  IntMasterEnable               
200071cd  IntRegister                   
200073d1  IntVTableBaseSet              
2000517b  Message                       
200059c5  PRCMCC3200MCUInit             
20007365  PRCMHIBRegRead                
2000737b  PRCMHIBRegWrite               
200070e9  PRCMPeripheralClkDisable      
20006f89  PRCMPeripheralClkEnable       
20006715  PRCMPeripheralClockGet        
20006c55  PRCMPeripheralReset           
200070bd  PRCMSysResetCauseGet          
200067a9  PinConfigSet                  
20006ec9  PinModeSet                    
20005ed1  PinMuxConfig                  
20006ffb  PinTypeGPIO                   
200072cf  PinTypeSPI                    
200072e9  PinTypeUART                   
2000531d  Report                        
2000743b  ResetISR                      
2000740d  SysTickEnable                 
2000741d  SysTickIntEnable              
20007229  SysTickIntRegister            
20007305  SysTickPeriodSet              
20007449  SysTickValueGet               
20005285  TrimSpace                     
20007245  UARTCharGetNonBlocking        
2000720b  UARTCharPut                   
2000731d  UARTCharsAvail                
20006a39  UARTConfigSetExpClk           
2000702d  UARTDisable                   
20007161  UARTEnable                    
2000747d  UtilsDelay                    
20030000  __STACK_END                   
00000800  __STACK_SIZE                  
00000800  __SYSMEM_SIZE                 
20007778  __TI_CINIT_Base               
20007788  __TI_CINIT_Limit              
20007760  __TI_Handler_Table_Base       
2000776c  __TI_Handler_Table_Limit      
20006e85  __TI_auto_init_nobinit_nopinit
20006b8f  __TI_decompress_lzss          
2000742d  __TI_decompress_none          
20006d03  __TI_ltoa                     
ffffffff  __TI_pprof_out_hndl           
20004401  __TI_printfi                  
ffffffff  __TI_prof_data_size           
ffffffff  __TI_prof_data_start          
20007750  __TI_static_base__            
20007261  __TI_zero_init_nomemset       
20006831  __aeabi_cdcmpeq               
20006831  __aeabi_cdcmple               
200068b7  __aeabi_cdrcmple              
20006e3d  __aeabi_d2iz                  
20005817  __aeabi_dadd                  
20005c79  __aeabi_ddiv                  
200060f1  __aeabi_dmul                  
2000580d  __aeabi_dsub                  
2000746d  __aeabi_errno_addr            
2000708d  __aeabi_i2d                   
200059c3  __aeabi_idiv0                 
200059c3  __aeabi_ldiv0                 
2000734d  __aeabi_lmul                  
200069bf  __aeabi_memclr                
200069bf  __aeabi_memclr4               
200069bf  __aeabi_memclr8               
200065e1  __aeabi_memcpy                
200065e1  __aeabi_memcpy4               
200065e1  __aeabi_memcpy8               
200069c1  __aeabi_memset                
200069c1  __aeabi_memset4               
200069c1  __aeabi_memset8               
2000667d  __aeabi_uldivmod              
ffffffff  __binit__                     
ffffffff  __c_args__                    
UNDEFED   __mpu_init                    
2002f800  __stack                       
20017000  __start___llvm_prf_cnts       
20017000  __stop___llvm_prf_cnts        
20007185  _c_int00_noargs               
2000748c  _ctypes_                      
200179a0  _lock                         
20004e4f  _nop                          
20017000  _sys_memory                   
UNDEFED   _system_post_cinit            
20007483  _system_pre_init              
200179a4  _unlock                       
20007487  abort                         
20005ff1  aligned_alloc                 
20006da9  atoi                          
ffffffff  binit                         
20007455  copysign                      
20007455  copysignl                     
200179b0  errno                         
200061ed  free                          
20006bf9  frexp                         
20006bf9  frexpl                        
20004000  g_pfnVectors                  
20017994  g_pulseIdx                    
20017998  g_pulseReady                  
20017800  g_pulseWidths                 
2001799c  g_systickExpired              
200063b5  ldexp                         
200063b5  ldexpl                        
2000507d  main                          
20007475  malloc                        
20005ff1  memalign                      
20007299  memccpy                       
200065e1  memcpy                        
20007139  memmove                       
200069c7  memset                        
200062d1  realloc                       
200063b5  scalbn                        
200063b5  scalbnl                       
20007391  strchr                        
200073e5  strlen                        
20006f09  vsnprintf                     
200073f9  wcslen                        


GLOBAL SYMBOLS: SORTED BY Symbol Address 

address   name                          
-------   ----                          
00000800  __STACK_SIZE                  
00000800  __SYSMEM_SIZE                 
20004000  g_pfnVectors                  
20004401  __TI_printfi                  
20004e4f  _nop                          
2000507d  main                          
2000515d  InitTerm                      
2000517b  Message                       
2000519d  ClearTerm                     
200051a7  Error                         
200051df  GetCmd                        
20005285  TrimSpace                     
2000531d  Report                        
2000580d  __aeabi_dsub                  
20005817  __aeabi_dadd                  
200059c3  __aeabi_idiv0                 
200059c3  __aeabi_ldiv0                 
200059c5  PRCMCC3200MCUInit             
20005c79  __aeabi_ddiv                  
20005ed1  PinMuxConfig                  
20005ff1  aligned_alloc                 
20005ff1  memalign                      
200060f1  __aeabi_dmul                  
200061ed  free                          
200062d1  realloc                       
200063b5  ldexp                         
200063b5  ldexpl                        
200063b5  scalbn                        
200063b5  scalbnl                       
20006539  IntEnable                     
200065e1  __aeabi_memcpy                
200065e1  __aeabi_memcpy4               
200065e1  __aeabi_memcpy8               
200065e1  memcpy                        
2000667d  __aeabi_uldivmod              
20006715  PRCMPeripheralClockGet        
200067a9  PinConfigSet                  
20006831  __aeabi_cdcmpeq               
20006831  __aeabi_cdcmple               
200068b7  __aeabi_cdrcmple              
2000693d  GPIOIntTypeSet                
200069bf  __aeabi_memclr                
200069bf  __aeabi_memclr4               
200069bf  __aeabi_memclr8               
200069c1  __aeabi_memset                
200069c1  __aeabi_memset4               
200069c1  __aeabi_memset8               
200069c7  memset                        
20006a39  UARTConfigSetExpClk           
20006b8f  __TI_decompress_lzss          
20006bf9  frexp                         
20006bf9  frexpl                        
20006c55  PRCMPeripheralReset           
20006d03  __TI_ltoa                     
20006da9  atoi                          
20006e3d  __aeabi_d2iz                  
20006e85  __TI_auto_init_nobinit_nopinit
20006ec9  PinModeSet                    
20006f09  vsnprintf                     
20006f89  PRCMPeripheralClkEnable       
20006fc5  GPIODirModeSet                
20006ffb  PinTypeGPIO                   
2000702d  UARTDisable                   
2000708d  __aeabi_i2d                   
200070bd  PRCMSysResetCauseGet          
200070e9  PRCMPeripheralClkDisable      
20007139  memmove                       
20007161  UARTEnable                    
20007185  _c_int00_noargs               
200071a9  GPIOIntStatus                 
200071cd  IntRegister                   
200071ed  GPIOIntRegister               
2000720b  UARTCharPut                   
20007229  SysTickIntRegister            
20007245  UARTCharGetNonBlocking        
20007261  __TI_zero_init_nomemset       
20007299  memccpy                       
200072b5  GPIOIntEnable                 
200072cf  PinTypeSPI                    
200072e9  PinTypeUART                   
20007305  SysTickPeriodSet              
2000731d  UARTCharsAvail                
2000734d  __aeabi_lmul                  
20007365  PRCMHIBRegRead                
2000737b  PRCMHIBRegWrite               
20007391  strchr                        
200073a7  CPUcpsie                      
200073bb  GPIOIntClear                  
200073d1  IntVTableBaseSet              
200073e5  strlen                        
200073f9  wcslen                        
2000740d  SysTickEnable                 
2000741d  SysTickIntEnable              
2000742d  __TI_decompress_none          
2000743b  ResetISR                      
20007449  SysTickValueGet               
20007455  copysign                      
20007455  copysignl                     
20007461  IntMasterEnable               
2000746d  __aeabi_errno_addr            
20007475  malloc                        
2000747d  UtilsDelay                    
20007483  _system_pre_init              
20007487  C$$EXIT                       
20007487  abort                         
2000748c  _ctypes_                      
20007750  __TI_static_base__            
20007760  __TI_Handler_Table_Base       
2000776c  __TI_Handler_Table_Limit      
20007778  __TI_CINIT_Base               
20007788  __TI_CINIT_Limit              
20017000  __start___llvm_prf_cnts       
20017000  __stop___llvm_prf_cnts        
20017000  _sys_memory                   
20017800  g_pulseWidths                 
20017994  g_pulseIdx                    
20017998  g_pulseReady                  
2001799c  g_systickExpired              
200179a0  _lock                         
200179a4  _unlock                       
200179b0  errno                         
2002f800  __stack                       
20030000  __STACK_END                   
ffffffff  __TI_pprof_out_hndl           
ffffffff  __TI_prof_data_size           
ffffffff  __TI_prof_data_start          
ffffffff  __binit__                     
ffffffff  __c_args__                    
ffffffff  binit                         
UNDEFED   __mpu_init                    
UNDEFED   _system_post_cinit            

[131 symbols]
