******************************************************************************
                  TI ARM Linker Unix v20.2.7                   
******************************************************************************
>> Linked Thu Jan 29 10:26:51 2026

OUTPUT FILE NAME:   <lab-3.out>
ENTRY POINT SYMBOL: "_c_int00_noargs"  address: 200091d5


MEMORY CONFIGURATION

         name            origin    length      used     unused   attr    fill
----------------------  --------  ---------  --------  --------  ----  --------
  SRAM_CODE             20004000   00013000  00005f72  0000d08e  RW X
  SRAM_DATA             20017000   00019000  000013e8  00017c18  RW X


SEGMENT ALLOCATION MAP

run origin  load origin   length   init length attrs members
----------  ----------- ---------- ----------- ----- -------
20004000    20004000    00005f78   00005f78    r-x
  20004000    20004000    00000400   00000400    r-- .intvecs
  20004400    20004400    00005306   00005306    r-x .text
  20009708    20009708    000007cc   000007cc    r-- .const
  20009ed8    20009ed8    000000a0   000000a0    r-- .cinit
20017000    20017000    00000be8   00000000    rw-
  20017000    20017000    00000800   00000000    rw- .sysmem
  20017800    20017800    00000200   00000000    rw- .data
  20017a00    20017a00    000001e8   00000000    rw- .bss
2002f800    2002f800    00000800   00000000    rw-
  2002f800    2002f800    00000800   00000000    rw- .stack


SECTION ALLOCATION MAP

 output                                  attributes/
section   page    origin      length       input sections
--------  ----  ----------  ----------   ----------------
.intvecs   0    20004000    00000400     
                  20004000    00000400     startup_ccs.obj (.intvecs)

.init_array 
*          0    20004000    00000000     UNINITIALIZED

.text      0    20004400    00005306     
                  20004400    00000a80     Adafruit_GFX.obj (.text)
                  20004e80    00000a4e     rtsv7M4_T_le_eabi.lib : _printfi.c.obj (.text:__TI_printfi)
                  200058ce    00000002                           : _lock.c.obj (.text:_nop)
                  200058d0    00000a0c     main.obj (.text)
                  200062dc    000004aa     Adafruit_OLED.obj (.text)
                  20006786    00000002     rtsv7M4_T_le_eabi.lib : div0.asm.obj (.text)
                  20006788    0000027c     uart_if.obj (.text)
                  20006a04    00000268     rtsv7M4_T_le_eabi.lib : _printfi.c.obj (.text:_pconv_a)
                  20006c6c    000001cc                           : _printfi.c.obj (.text:_pconv_g)
                  20006e38    000001b6                           : fd_add_t2.asm.obj (.text)
                  20006fee    00000002     --HOLE-- [fill = 0]
                  20006ff0    00000178     driverlib.a : prcm.obj (.text:PRCMCC3200MCUInit)
                  20007168    0000013c     rtsv7M4_T_le_eabi.lib : _printfi.c.obj (.text:_pconv_e)
                  200072a4    00000136                           : fd_div_t2.asm.obj (.text)
                  200073da    00000002     --HOLE-- [fill = 0]
                  200073dc    00000120                           : _printfi.c.obj (.text:fcvt)
                  200074fc    00000120     pin_mux_config.obj (.text)
                  2000761c    00000114     rtsv7M4_T_le_eabi.lib : fputs.c.obj (.text:fputs)
                  20007730    00000100                           : memory.c.obj (.text:aligned_alloc)
                  20007830    000000fc                           : fd_mul_t2.asm.obj (.text)
                  2000792c    000000e4                           : memory.c.obj (.text:free)
                  20007a10    000000e4                           : memory.c.obj (.text:realloc)
                  20007af4    000000dc                           : setvbuf.c.obj (.text:setvbuf)
                  20007bd0    000000d0                           : s_scalbn.c.obj (.text:scalbn)
                  20007ca0    000000b1                           : _printfi.c.obj (.text:_ltostr)
                  20007d51    00000003     --HOLE-- [fill = 0]
                  20007d54    000000a8     driverlib.a : interrupt.obj (.text:IntEnable)
                  20007dfc    000000a0                 : spi.obj (.text:SPIConfigSetExpClk)
                  20007e9c    0000009c     rtsv7M4_T_le_eabi.lib : memcpy_t2.asm.obj (.text)
                  20007f38    00000096                           : ull_div_t2.asm.obj (.text)
                  20007fce    00000002     --HOLE-- [fill = 0]
                  20007fd0    00000094     driverlib.a : prcm.obj (.text:PRCMPeripheralClockGet)
                  20008064    0000008c     rtsv7M4_T_le_eabi.lib : fputc.c.obj (.text:fputc)
                  200080f0    00000088     driverlib.a : pin.obj (.text:PinConfigSet)
                  20008178    00000086     rtsv7M4_T_le_eabi.lib : fd_cmp_t2.asm.obj (.text:__aeabi_cdcmple)
                  200081fe    00000086                           : fd_cmp_t2.asm.obj (.text:__aeabi_cdrcmple)
                  20008284    00000082     driverlib.a : gpio.obj (.text:GPIOIntTypeSet)
                  20008306    0000007a     rtsv7M4_T_le_eabi.lib : memset_t2.asm.obj (.text)
                  20008380    00000076     driverlib.a : uart.obj (.text:UARTConfigSetExpClk)
                  200083f6    00000002     --HOLE-- [fill = 0]
                  200083f8    00000074     rtsv7M4_T_le_eabi.lib : fclose.c.obj (.text:__TI_closefile)
                  2000846c    00000070                           : memory.c.obj (.text:split)
                  200084dc    0000006e                           : _printfi.c.obj (.text:_mcpy)
                  2000854a    00000002     --HOLE-- [fill = 0]
                  2000854c    0000006c                           : hostrename.c.obj (.text:HOSTrename)
                  200085b8    00000068                           : hostlseek.c.obj (.text:HOSTlseek)
                  20008620    00000068                           : copy_decompress_lzss.c.obj (.text:decompress:lzss:__TI_decompress_lzss)
                  20008688    00000068                           : printf.c.obj (.text:printf)
                  200086f0    00000064                           : fseek.c.obj (.text:fseek)
                  20008754    00000062                           : _io_perm.c.obj (.text:__TI_wrt_ok)
                  200087b6    00000002     --HOLE-- [fill = 0]
                  200087b8    00000060                           : hostopen.c.obj (.text:HOSTopen)
                  20008818    0000005c                           : close.c.obj (.text:close)
                  20008874    0000005c                           : s_frexp.c.obj (.text:frexp)
                  200088d0    00000058                           : hostread.c.obj (.text:HOSTread)
                  20008928    00000058                           : hostwrite.c.obj (.text:HOSTwrite)
                  20008980    00000058     driverlib.a : prcm.obj (.text:PRCMPeripheralReset)
                  200089d8    00000056     rtsv7M4_T_le_eabi.lib : _printfi.c.obj (.text:_pconv_f)
                  20008a2e    00000054                           : _ltoa.c.obj (.text:__TI_ltoa)
                  20008a82    00000052                           : _printfi.c.obj (.text:_ecpy)
                  20008ad4    0000004c                           : fflush.c.obj (.text:__TI_doflush)
                  20008b20    0000004c                           : atoi.c.obj (.text:atoi)
                  20008b6c    00000048     driverlib.a : gpio.obj (.text:GPIOGetIntNumber)
                  20008bb4    00000048     rtsv7M4_T_le_eabi.lib : exit.c.obj (.text:exit)
                  20008bfc    00000048                           : fd_toi_t2.asm.obj (.text)
                  20008c44    00000044                           : hostclose.c.obj (.text:HOSTclose)
                  20008c88    00000044                           : hostunlink.c.obj (.text:HOSTunlink)
                  20008ccc    00000044     driverlib.a : uart.obj (.text:UARTIntNumberGet)
                  20008d10    00000044     rtsv7M4_T_le_eabi.lib : autoinit.c.obj (.text:__TI_auto_init_nobinit_nopinit:__TI_auto_init_nobinit_nopinit)
                  20008d54    00000044                           : getdevice.c.obj (.text:getdevice)
                  20008d98    00000040     driverlib.a : pin.obj (.text:PinModeSet)
                  20008dd8    00000040     rtsv7M4_T_le_eabi.lib : vsnprintf.c.obj (.text:vsnprintf)
                  20008e18    0000003e                           : _printfi.c.obj (.text:_fcpy)
                  20008e56    00000002     --HOLE-- [fill = 0]
                  20008e58    0000003c     driverlib.a : prcm.obj (.text:PRCMPeripheralClkEnable)
                  20008e94    00000038     rtsv7M4_T_le_eabi.lib : trgmsg.c.obj (.text:__TI_writemsg)
                  20008ecc    00000036     driverlib.a : gpio.obj (.text:GPIODirModeSet)
                  20008f02    00000036     rtsv7M4_T_le_eabi.lib : strncpy.c.obj (.text:strncpy)
                  20008f38    00000034                           : fopen.c.obj (.text:__TI_cleanup)
                  20008f6c    00000034                           : trgmsg.c.obj (.text:__TI_readmsg)
                  20008fa0    00000030     driverlib.a : pin.obj (.text:PinTypeGPIO)
                  20008fd0    00000030                 : uart.obj (.text:UARTDisable)
                  20009000    00000030     rtsv7M4_T_le_eabi.lib : vsnprintf.c.obj (.text:_outs)
                  20009030    00000030                           : getdevice.c.obj (.text:finddevice)
                  20009060    0000002e                           : i_tofd_t2.asm.obj (.text)
                  2000908e    00000002     --HOLE-- [fill = 0]
                  20009090    0000002c     driverlib.a : prcm.obj (.text:PRCMSysResetCauseGet)
                  200090bc    0000002c     rtsv7M4_T_le_eabi.lib : unlink.c.obj (.text:unlink)
                  200090e8    00000028     driverlib.a : prcm.obj (.text:PRCMPeripheralClkDisable)
                  20009110    00000028     rtsv7M4_T_le_eabi.lib : memory.c.obj (.text:free_list_insert)
                  20009138    00000028                           : lseek.c.obj (.text:lseek)
                  20009160    00000028                           : memmov.c.obj (.text:memmove)
                  20009188    00000028                           : write.c.obj (.text:write)
                  200091b0    00000024     driverlib.a : uart.obj (.text:UARTEnable)
                  200091d4    00000024     rtsv7M4_T_le_eabi.lib : boot_cortex_m.c.obj (.text:_c_int00_noargs:_c_int00_noargs)
                  200091f8    00000022     driverlib.a : gpio.obj (.text:GPIOIntStatus)
                  2000921a    00000022                 : spi.obj (.text:SPIReset)
                  2000923c    00000020                 : gpio.obj (.text:GPIOPinWrite)
                  2000925c    00000020                 : interrupt.obj (.text:IntRegister)
                  2000927c    00000020                 : spi.obj (.text:SPIDataGet)
                  2000929c    00000020     rtsv7M4_T_le_eabi.lib : memchr.c.obj (.text:memchr)
                  200092bc    0000001e     driverlib.a : gpio.obj (.text:GPIOIntRegister)
                  200092da    0000001e                 : spi.obj (.text:SPIDataPut)
                  200092f8    0000001e                 : uart.obj (.text:UARTCharPut)
                  20009316    0000001e                 : uart.obj (.text:UARTIntRegister)
                  20009334    0000001e                 : uart.obj (.text:UARTIntStatus)
                  20009352    0000001e     rtsv7M4_T_le_eabi.lib : ll_lsl_t2.asm.obj (.text)
                  20009370    0000001c     driverlib.a : systick.obj (.text:SysTickIntRegister)
                  2000938c    0000001c                 : uart.obj (.text:UARTCharGetNonBlocking)
                  200093a8    0000001c     rtsv7M4_T_le_eabi.lib : copy_zero_init.c.obj (.text:decompress:ZI:__TI_zero_init_nomemset:__TI_zero_init_nomemset)
                  200093c4    0000001c                           : memory.c.obj (.text:free_list_remove)
                  200093e0    0000001c                           : memccpy.c.obj (.text:memccpy)
                  200093fc    0000001a     driverlib.a : gpio.obj (.text:GPIOIntDisable)
                  20009416    0000001a                 : gpio.obj (.text:GPIOIntEnable)
                  20009430    0000001a                 : pin.obj (.text:PinTypeSPI)
                  2000944a    0000001a                 : pin.obj (.text:PinTypeUART)
                  20009464    0000001a                 : spi.obj (.text:SPIFIFOEnable)
                  2000947e    00000018                 : gpio.obj (.text:GPIOPinRead)
                  20009496    00000018                 : spi.obj (.text:SPICSDisable)
                  200094ae    00000018                 : spi.obj (.text:SPICSEnable)
                  200094c6    00000018                 : spi.obj (.text:SPIEnable)
                  200094de    00000002     --HOLE-- [fill = 0]
                  200094e0    00000018                 : systick.obj (.text:SysTickPeriodSet)
                  200094f8    00000018                 : uart.obj (.text:UARTCharsAvail)
                  20009510    00000018                 : uart.obj (.text:UARTIntDisable)
                  20009528    00000018                 : uart.obj (.text:UARTIntEnable)
                  20009540    00000018     rtsv7M4_T_le_eabi.lib : vsnprintf.c.obj (.text:_outc)
                  20009558    00000018                           : strcmp.c.obj (.text:strcmp)
                  20009570    00000016     driverlib.a : prcm.obj (.text:PRCMHIBRegRead)
                  20009586    00000016                 : prcm.obj (.text:PRCMHIBRegWrite)
                  2000959c    00000016                 : uart.obj (.text:UARTCharGet)
                  200095b2    00000016                 : uart.obj (.text:UARTFIFODisable)
                  200095c8    00000016                 : uart.obj (.text:UARTFIFOEnable)
                  200095de    00000016     rtsv7M4_T_le_eabi.lib : strchr.c.obj (.text:strchr)
                  200095f4    00000014     driverlib.a : cpu.obj (.text:CPUcpsie)
                  20009608    00000014                 : gpio.obj (.text:GPIOIntClear)
                  2000961c    00000014                 : interrupt.obj (.text:IntVTableBaseSet)
                  20009630    00000014     rtsv7M4_T_le_eabi.lib : strcpy.c.obj (.text:strcpy)
                  20009644    00000014                           : strlen.c.obj (.text:strlen)
                  20009658    00000012     driverlib.a : uart.obj (.text:UARTIntClear)
                  2000966a    00000012     rtsv7M4_T_le_eabi.lib : wcslen.c.obj (.text:wcslen)
                  2000967c    00000010     driverlib.a : systick.obj (.text:SysTickDisable)
                  2000968c    00000010                 : systick.obj (.text:SysTickEnable)
                  2000969c    00000010                 : systick.obj (.text:SysTickIntEnable)
                  200096ac    0000000e     rtsv7M4_T_le_eabi.lib : copy_decompress_none.c.obj (.text:decompress:none:__TI_decompress_none)
                  200096ba    0000000e     startup_ccs.obj (.text)
                  200096c8    0000000c     rtsv7M4_T_le_eabi.lib : s_copysign.c.obj (.text:copysign)
                  200096d4    0000000a     driverlib.a : interrupt.obj (.text:IntMasterEnable)
                  200096de    00000002     --HOLE-- [fill = 0]
                  200096e0    00000008     rtsv7M4_T_le_eabi.lib : errno.c.obj (.text:__aeabi_errno_addr)
                  200096e8    00000008                           : memory.c.obj (.text:malloc)
                  200096f0    00000006     driverlib.a : utils.obj (.text:UtilsDelay)
                  200096f6    00000004     rtsv7M4_T_le_eabi.lib : printf.c.obj (.text:_outc)
                  200096fa    00000004                           : printf.c.obj (.text:_outs)
                  200096fe    00000004                           : pre_init.c.obj (.text:_system_pre_init)
                  20009702    00000004                           : exit.c.obj (.text:abort:abort)

.const     0    20009708    000007cc     
                  20009708    000004fb     Adafruit_GFX.obj (.const:.string:font)
                  20009c03    00000101     rtsv7M4_T_le_eabi.lib : ctype.c.obj (.const:.string:_ctypes_)
                  20009d04    00000100     driverlib.a : pin.obj (.const:g_ulPinToPadMap)
                  20009e04    000000a8                 : prcm.obj (.const:PRCM_PeriphRegsList)
                  20009eac    00000018                 : interrupt.obj (.const:g_pulEnRegs)
                  20009ec4    00000010                 : uart.obj (.const:g_ppulUARTIntMap)

.cinit     0    20009ed8    000000a0     
                  20009ed8    0000007a     (.cinit..data.load) [load image, compression = lzss]
                  20009f52    00000002     --HOLE-- [fill = 0]
                  20009f54    0000000c     (__TI_handler_table)
                  20009f60    00000008     (.cinit..bss.load) [load image, compression = zero_init]
                  20009f68    00000010     (__TI_cinit_table)

.sysmem    0    20017000    00000800     UNINITIALIZED
                  20017000    00000010     rtsv7M4_T_le_eabi.lib : memory.c.obj (.sysmem)
                  20017010    000007f0     --HOLE--

.data      0    20017800    00000200     UNINITIALIZED
                  20017800    000000f0     rtsv7M4_T_le_eabi.lib : defs.c.obj (.data:_ftable)
                  200178f0    00000078                           : host_device.c.obj (.data:_device)
                  20017968    00000050                           : host_device.c.obj (.data:_stream)
                  200179b8    00000015     Adafruit_GFX.obj (.data)
                  200179cd    00000003     --HOLE--
                  200179d0    00000010     rtsv7M4_T_le_eabi.lib : defs.c.obj (.data)
                  200179e0    0000000c                           : exit.c.obj (.data:$O1$$)
                  200179ec    00000008                           : _lock.c.obj (.data:$O1$$)
                  200179f4    00000008                           : memory.c.obj (.data:$O1$$)
                  200179fc    00000004                           : errno.c.obj (.data)

.bss       0    20017a00    000001e8     UNINITIALIZED
                  20017a00    00000120     rtsv7M4_T_le_eabi.lib : trgmsg.c.obj (.bss:_CIOBUF_)
                  20017b20    000000a0     (.common:__TI_tmpnams)
                  20017bc0    00000008     (.common:MessageRx)
                  20017bc8    00000008     (.common:MessageTx)
                  20017bd0    00000008     (.common:bitsequence)
                  20017bd8    00000008     (.common:parmbuf)
                  20017be0    00000004     uart_if.obj (.bss)
                  20017be4    00000004     (.common:index)

.stack     0    2002f800    00000800     UNINITIALIZED
                  2002f800    00000004     rtsv7M4_T_le_eabi.lib : boot_cortex_m.c.obj (.stack)
                  2002f804    000007fc     --HOLE--

__llvm_prf_cnts 
*          0    20017000    00000000     UNINITIALIZED

MODULE SUMMARY

       Module                       code    ro data   rw data
       ------                       ----    -------   -------
    ./
       Adafruit_GFX.obj             2688    1275      21     
       main.obj                     2572    0         28     
       Adafruit_OLED.obj            1194    0         0      
       startup_ccs.obj              14      1024      0      
       uart_if.obj                  636     0         4      
       pin_mux_config.obj           288     0         0      
    +--+----------------------------+-------+---------+---------+
       Total:                       7392    2299      53     
                                                             
    /Applications/TI/ccs/tools/compiler/ti-cgt-arm_20.2.7.LTS/lib/rtsv7M4_T_le_eabi.lib
       _printfi.c.obj               4835    0         0      
       memory.c.obj                 900     0         8      
       fd_add_t2.asm.obj            438     0         0      
       defs.c.obj                   0       0         416    
       trgmsg.c.obj                 108     0         288    
       fd_div_t2.asm.obj            310     0         0      
       fputs.c.obj                  276     0         0      
       fd_cmp_t2.asm.obj            268     0         0      
       ctype.c.obj                  0       257       0      
       fd_mul_t2.asm.obj            252     0         0      
       setvbuf.c.obj                220     0         0      
       s_scalbn.c.obj               208     0         0      
       host_device.c.obj            0       0         200    
       memcpy_t2.asm.obj            156     0         0      
       ull_div_t2.asm.obj           150     0         0      
       fputc.c.obj                  140     0         0      
       vsnprintf.c.obj              136     0         0      
       memset_t2.asm.obj            122     0         0      
       fclose.c.obj                 116     0         0      
       getdevice.c.obj              116     0         0      
       printf.c.obj                 112     0         0      
       hostrename.c.obj             108     0         0      
       copy_decompress_lzss.c.obj   104     0         0      
       hostlseek.c.obj              104     0         0      
       hostopen.c.obj               96      0         8      
       fseek.c.obj                  100     0         0      
       _io_perm.c.obj               98      0         0      
       close.c.obj                  92      0         0      
       s_frexp.c.obj                92      0         0      
       exit.c.obj                   76      0         12     
       hostread.c.obj               88      0         0      
       hostwrite.c.obj              88      0         0      
       _ltoa.c.obj                  84      0         0      
       atoi.c.obj                   76      0         0      
       fflush.c.obj                 76      0         0      
       fd_toi_t2.asm.obj            72      0         0      
       autoinit.c.obj               68      0         0      
       hostclose.c.obj              68      0         0      
       hostunlink.c.obj             68      0         0      
       strncpy.c.obj                54      0         0      
       fopen.c.obj                  52      0         0      
       i_tofd_t2.asm.obj            46      0         0      
       unlink.c.obj                 44      0         0      
       lseek.c.obj                  40      0         0      
       memmov.c.obj                 40      0         0      
       write.c.obj                  40      0         0      
       boot_cortex_m.c.obj          36      0         0      
       memchr.c.obj                 32      0         0      
       ll_lsl_t2.asm.obj            30      0         0      
       copy_zero_init.c.obj         28      0         0      
       memccpy.c.obj                28      0         0      
       strcmp.c.obj                 24      0         0      
       strchr.c.obj                 22      0         0      
       strcpy.c.obj                 20      0         0      
       strlen.c.obj                 20      0         0      
       wcslen.c.obj                 18      0         0      
       copy_decompress_none.c.obj   14      0         0      
       errno.c.obj                  8       0         4      
       s_copysign.c.obj             12      0         0      
       _lock.c.obj                  2       0         8      
       pre_init.c.obj               4       0         0      
       div0.asm.obj                 2       0         0      
    +--+----------------------------+-------+---------+---------+
       Total:                       11037   257       944    
                                                             
    /Applications/TI/lib/cc3200sdk_1.5.0/cc3200-sdk/driverlib/ccs/Release/driverlib.a
       prcm.obj                     800     168       0      
       uart.obj                     544     16        0      
       pin.obj                      300     256       0      
       gpio.obj                     448     0         0      
       spi.obj                      354     0         0      
       interrupt.obj                230     24        0      
       systick.obj                  100     0         0      
       cpu.obj                      20      0         0      
       utils.obj                    6       0         0      
    +--+----------------------------+-------+---------+---------+
       Total:                       2802    464       0      
                                                             
       Heap:                        0       0         2048   
       Stack:                       0       0         2048   
       Linker Generated:            0       158       0      
    +--+----------------------------+-------+---------+---------+
       Grand Total:                 21231   3178      5093   


LINKER GENERATED COPY TABLES

__TI_cinit_table @ 20009f68 records: 2, size/record: 8, table size: 16
	.data: load addr=20009ed8, load size=0000007a bytes, run addr=20017800, run size=00000200 bytes, compression=lzss
	.bss: load addr=20009f60, load size=00000008 bytes, run addr=20017a00, run size=000001e8 bytes, compression=zero_init


LINKER GENERATED HANDLER TABLE

__TI_handler_table @ 20009f54 records: 3, size/record: 4, table size: 12
	index: 0, handler: __TI_decompress_lzss
	index: 1, handler: __TI_decompress_none
	index: 2, handler: __TI_zero_init


GLOBAL SYMBOLS: SORTED ALPHABETICALLY BY Name 

address   name                           
-------   ----                           
20006371  Adafruit_Init                  
20009703  C$$EXIT                        
20008ec3  C$$IO$$                        
200095f5  CPUcpsie                       
200067c9  ClearTerm                      
200064e7  Color565                       
200067d3  Error                          
20008ecd  GPIODirModeSet                 
20009609  GPIOIntClear                   
200093fd  GPIOIntDisable                 
20009417  GPIOIntEnable                  
20005a2f  GPIOIntHandler                 
20005a57  GPIOIntInit                    
200092bd  GPIOIntRegister                
200091f9  GPIOIntStatus                  
20008285  GPIOIntTypeSet                 
2000947f  GPIOPinRead                    
2000923d  GPIOPinWrite                   
2000680b  GetCmd                         
20008c45  HOSTclose                      
200085b9  HOSTlseek                      
200087b9  HOSTopen                       
200088d1  HOSTread                       
2000854d  HOSTrename                     
20008c89  HOSTunlink                     
20008929  HOSTwrite                      
20006789  InitTerm                       
20007d55  IntEnable                      
200096d5  IntMasterEnable                
2000925d  IntRegister                    
2000961d  IntVTableBaseSet               
200067a7  Message                        
20017bc0  MessageRx                      
20017bc8  MessageTx                      
20004dab  Outstr                         
20006ff1  PRCMCC3200MCUInit              
20009571  PRCMHIBRegRead                 
20009587  PRCMHIBRegWrite                
200090e9  PRCMPeripheralClkDisable       
20008e59  PRCMPeripheralClkEnable        
20007fd1  PRCMPeripheralClockGet         
20008981  PRCMPeripheralReset            
20009091  PRCMSysResetCauseGet           
200080f1  PinConfigSet                   
20008d99  PinModeSet                     
200074fd  PinMuxConfig                   
20008fa1  PinTypeGPIO                    
20009431  PinTypeSPI                     
2000944b  PinTypeUART                    
20006949  Report                         
200096bb  ResetISR                       
20009497  SPICSDisable                   
200094af  SPICSEnable                    
20007dfd  SPIConfigSetExpClk             
2000927d  SPIDataGet                     
200092db  SPIDataPut                     
200094c7  SPIEnable                      
20009465  SPIFIFOEnable                  
20005905  SPIInit                        
2000921b  SPIReset                       
2000967d  SysTickDisable                 
2000968d  SysTickEnable                  
2000969d  SysTickIntEnable               
20009371  SysTickIntRegister             
200094e1  SysTickPeriodSet               
20005a83  SystickIntHandler              
20005adb  SystickIntInit                 
200068b1  TrimSpace                      
200059ed  UART1IntInit                   
2000959d  UARTCharGet                    
2000938d  UARTCharGetNonBlocking         
200092f9  UARTCharPut                    
200094f9  UARTCharsAvail                 
20008381  UARTConfigSetExpClk            
20008fd1  UARTDisable                    
200091b1  UARTEnable                     
200095b3  UARTFIFODisable                
200095c9  UARTFIFOEnable                 
20009659  UARTIntClear                   
20009511  UARTIntDisable                 
20009529  UARTIntEnable                  
20009317  UARTIntRegister                
20009335  UARTIntStatus                  
200096f1  UtilsDelay                     
20017a00  __CIOBUF_                      
20030000  __STACK_END                    
00000800  __STACK_SIZE                   
00000800  __SYSMEM_SIZE                  
20009f68  __TI_CINIT_Base                
20009f78  __TI_CINIT_Limit               
20009f54  __TI_Handler_Table_Base        
20009f60  __TI_Handler_Table_Limit       
20008d11  __TI_auto_init_nobinit_nopinit 
20008f39  __TI_cleanup                   
200179e0  __TI_cleanup_ptr               
200083f9  __TI_closefile                 
20008621  __TI_decompress_lzss           
200096ad  __TI_decompress_none           
20008ad5  __TI_doflush                   
200179e4  __TI_dtors_ptr                 
200179e8  __TI_enable_exit_profile_output
200179d0  __TI_ft_end                    
20008a2f  __TI_ltoa                      
ffffffff  __TI_pprof_out_hndl            
20004e81  __TI_printfi                   
ffffffff  __TI_prof_data_size            
ffffffff  __TI_prof_data_start           
20008f6d  __TI_readmsg                   
20009ed8  __TI_static_base__             
20017b20  __TI_tmpnams                   
20008e95  __TI_writemsg                  
20008755  __TI_wrt_ok                    
200093a9  __TI_zero_init_nomemset        
20008179  __aeabi_cdcmpeq                
20008179  __aeabi_cdcmple                
200081ff  __aeabi_cdrcmple               
20008bfd  __aeabi_d2iz                   
20006e43  __aeabi_dadd                   
200072a5  __aeabi_ddiv                   
20007831  __aeabi_dmul                   
20006e39  __aeabi_dsub                   
200096e1  __aeabi_errno_addr             
20009061  __aeabi_i2d                    
20006787  __aeabi_idiv0                  
20006787  __aeabi_ldiv0                  
20009353  __aeabi_llsl                   
20008307  __aeabi_memclr                 
20008307  __aeabi_memclr4                
20008307  __aeabi_memclr8                
20007e9d  __aeabi_memcpy                 
20007e9d  __aeabi_memcpy4                
20007e9d  __aeabi_memcpy8                
20008309  __aeabi_memset                 
20008309  __aeabi_memset4                
20008309  __aeabi_memset8                
200179dc  __aeabi_stderr                 
200179d4  __aeabi_stdin                  
200179d8  __aeabi_stdout                 
20007f39  __aeabi_uldivmod               
ffffffff  __binit__                      
ffffffff  __c_args__                     
UNDEFED   __mpu_init                     
2002f800  __stack                        
20017000  __start___llvm_prf_cnts        
20017000  __stop___llvm_prf_cnts         
200091d5  _c_int00_noargs                
20009c03  _ctypes_                       
200178f0  _device                        
20017800  _ftable                        
200179ec  _lock                          
200058cf  _nop                           
20017968  _stream                        
20017000  _sys_memory                    
UNDEFED   _system_post_cinit             
200096ff  _system_pre_init               
200179f0  _unlock                        
20009703  abort                          
20007731  aligned_alloc                  
20008b21  atoi                           
ffffffff  binit                          
20017bd0  bitsequence                    
20008819  close                          
200096c9  copysign                       
200096c9  copysignl                      
200179b8  cursor_x                       
200179bc  cursor_y                       
20004c5f  drawChar                       
20004401  drawCircle                     
20004535  drawCircleHelper               
20006691  drawFastHLine                  
200065f1  drawFastVLine                  
2000477b  drawLine                       
2000672d  drawPixel                      
20004867  drawRect                       
200048b5  drawRoundRect                  
20004a1d  drawTriangle                   
200179fc  errno                          
20008bb5  exit                           
20004653  fillCircle                     
2000468d  fillCircleHelper               
2000653f  fillRect                       
200049a3  fillRoundRect                  
20006529  fillScreen                     
20004a5f  fillTriangle                   
20009031  finddevice                     
20008065  fputc                          
2000761d  fputs                          
2000792d  free                           
20008875  frexp                          
20008875  frexpl                         
200086f1  fseek                          
20004000  g_pfnVectors                   
20008d55  getdevice                      
200064a3  goTo                           
20004e5f  height                         
20017be4  index                          
2000676b  invert                         
20007bd1  ldexp                          
20007bd1  ldexpl                         
20009139  lseek                          
20005bdd  main                           
200096e9  malloc                         
20007731  memalign                       
200093e1  memccpy                        
2000929d  memchr                         
20007e9d  memcpy                         
20009161  memmove                        
2000830f  memset                         
20017bd8  parmbuf                        
20008689  printf                         
20008065  putc                           
20007a11  realloc                        
20005975  receiveMessage                 
200090bd  remove                         
20007bd1  scalbn                         
20007bd1  scalbnl                        
20005937  sendMessage                    
20004df7  setCursor                      
20004e2f  setTextColor                   
20004e0f  setTextSize                    
20004e47  setTextWrap                    
20007af5  setvbuf                        
200095df  strchr                         
20009559  strcmp                         
20009631  strcpy                         
20009645  strlen                         
20008f03  strncpy                        
200179c8  textbgcolor                    
200179c4  textcolor                      
200179c0  textsize                       
200090bd  unlink                         
20008dd9  vsnprintf                      
2000966b  wcslen                         
20004e5b  width                          
200179cc  wrap                           
20009189  write                          
200062dd  writeCommand                   
20006327  writeData                      


GLOBAL SYMBOLS: SORTED BY Symbol Address 

address   name                           
-------   ----                           
00000800  __STACK_SIZE                   
00000800  __SYSMEM_SIZE                  
20004000  g_pfnVectors                   
20004401  drawCircle                     
20004535  drawCircleHelper               
20004653  fillCircle                     
2000468d  fillCircleHelper               
2000477b  drawLine                       
20004867  drawRect                       
200048b5  drawRoundRect                  
200049a3  fillRoundRect                  
20004a1d  drawTriangle                   
20004a5f  fillTriangle                   
20004c5f  drawChar                       
20004dab  Outstr                         
20004df7  setCursor                      
20004e0f  setTextSize                    
20004e2f  setTextColor                   
20004e47  setTextWrap                    
20004e5b  width                          
20004e5f  height                         
20004e81  __TI_printfi                   
200058cf  _nop                           
20005905  SPIInit                        
20005937  sendMessage                    
20005975  receiveMessage                 
200059ed  UART1IntInit                   
20005a2f  GPIOIntHandler                 
20005a57  GPIOIntInit                    
20005a83  SystickIntHandler              
20005adb  SystickIntInit                 
20005bdd  main                           
200062dd  writeCommand                   
20006327  writeData                      
20006371  Adafruit_Init                  
200064a3  goTo                           
200064e7  Color565                       
20006529  fillScreen                     
2000653f  fillRect                       
200065f1  drawFastVLine                  
20006691  drawFastHLine                  
2000672d  drawPixel                      
2000676b  invert                         
20006787  __aeabi_idiv0                  
20006787  __aeabi_ldiv0                  
20006789  InitTerm                       
200067a7  Message                        
200067c9  ClearTerm                      
200067d3  Error                          
2000680b  GetCmd                         
200068b1  TrimSpace                      
20006949  Report                         
20006e39  __aeabi_dsub                   
20006e43  __aeabi_dadd                   
20006ff1  PRCMCC3200MCUInit              
200072a5  __aeabi_ddiv                   
200074fd  PinMuxConfig                   
2000761d  fputs                          
20007731  aligned_alloc                  
20007731  memalign                       
20007831  __aeabi_dmul                   
2000792d  free                           
20007a11  realloc                        
20007af5  setvbuf                        
20007bd1  ldexp                          
20007bd1  ldexpl                         
20007bd1  scalbn                         
20007bd1  scalbnl                        
20007d55  IntEnable                      
20007dfd  SPIConfigSetExpClk             
20007e9d  __aeabi_memcpy                 
20007e9d  __aeabi_memcpy4                
20007e9d  __aeabi_memcpy8                
20007e9d  memcpy                         
20007f39  __aeabi_uldivmod               
20007fd1  PRCMPeripheralClockGet         
20008065  fputc                          
20008065  putc                           
200080f1  PinConfigSet                   
20008179  __aeabi_cdcmpeq                
20008179  __aeabi_cdcmple                
200081ff  __aeabi_cdrcmple               
20008285  GPIOIntTypeSet                 
20008307  __aeabi_memclr                 
20008307  __aeabi_memclr4                
20008307  __aeabi_memclr8                
20008309  __aeabi_memset                 
20008309  __aeabi_memset4                
20008309  __aeabi_memset8                
2000830f  memset                         
20008381  UARTConfigSetExpClk            
200083f9  __TI_closefile                 
2000854d  HOSTrename                     
200085b9  HOSTlseek                      
20008621  __TI_decompress_lzss           
20008689  printf                         
200086f1  fseek                          
20008755  __TI_wrt_ok                    
200087b9  HOSTopen                       
20008819  close                          
20008875  frexp                          
20008875  frexpl                         
200088d1  HOSTread                       
20008929  HOSTwrite                      
20008981  PRCMPeripheralReset            
20008a2f  __TI_ltoa                      
20008ad5  __TI_doflush                   
20008b21  atoi                           
20008bb5  exit                           
20008bfd  __aeabi_d2iz                   
20008c45  HOSTclose                      
20008c89  HOSTunlink                     
20008d11  __TI_auto_init_nobinit_nopinit 
20008d55  getdevice                      
20008d99  PinModeSet                     
20008dd9  vsnprintf                      
20008e59  PRCMPeripheralClkEnable        
20008e95  __TI_writemsg                  
20008ec3  C$$IO$$                        
20008ecd  GPIODirModeSet                 
20008f03  strncpy                        
20008f39  __TI_cleanup                   
20008f6d  __TI_readmsg                   
20008fa1  PinTypeGPIO                    
20008fd1  UARTDisable                    
20009031  finddevice                     
20009061  __aeabi_i2d                    
20009091  PRCMSysResetCauseGet           
200090bd  remove                         
200090bd  unlink                         
200090e9  PRCMPeripheralClkDisable       
20009139  lseek                          
20009161  memmove                        
20009189  write                          
200091b1  UARTEnable                     
200091d5  _c_int00_noargs                
200091f9  GPIOIntStatus                  
2000921b  SPIReset                       
2000923d  GPIOPinWrite                   
2000925d  IntRegister                    
2000927d  SPIDataGet                     
2000929d  memchr                         
200092bd  GPIOIntRegister                
200092db  SPIDataPut                     
200092f9  UARTCharPut                    
20009317  UARTIntRegister                
20009335  UARTIntStatus                  
20009353  __aeabi_llsl                   
20009371  SysTickIntRegister             
2000938d  UARTCharGetNonBlocking         
200093a9  __TI_zero_init_nomemset        
200093e1  memccpy                        
200093fd  GPIOIntDisable                 
20009417  GPIOIntEnable                  
20009431  PinTypeSPI                     
2000944b  PinTypeUART                    
20009465  SPIFIFOEnable                  
2000947f  GPIOPinRead                    
20009497  SPICSDisable                   
200094af  SPICSEnable                    
200094c7  SPIEnable                      
200094e1  SysTickPeriodSet               
200094f9  UARTCharsAvail                 
20009511  UARTIntDisable                 
20009529  UARTIntEnable                  
20009559  strcmp                         
20009571  PRCMHIBRegRead                 
20009587  PRCMHIBRegWrite                
2000959d  UARTCharGet                    
200095b3  UARTFIFODisable                
200095c9  UARTFIFOEnable                 
200095df  strchr                         
200095f5  CPUcpsie                       
20009609  GPIOIntClear                   
2000961d  IntVTableBaseSet               
20009631  strcpy                         
20009645  strlen                         
20009659  UARTIntClear                   
2000966b  wcslen                         
2000967d  SysTickDisable                 
2000968d  SysTickEnable                  
2000969d  SysTickIntEnable               
200096ad  __TI_decompress_none           
200096bb  ResetISR                       
200096c9  copysign                       
200096c9  copysignl                      
200096d5  IntMasterEnable                
200096e1  __aeabi_errno_addr             
200096e9  malloc                         
200096f1  UtilsDelay                     
200096ff  _system_pre_init               
20009703  C$$EXIT                        
20009703  abort                          
20009c03  _ctypes_                       
20009ed8  __TI_static_base__             
20009f54  __TI_Handler_Table_Base        
20009f60  __TI_Handler_Table_Limit       
20009f68  __TI_CINIT_Base                
20009f78  __TI_CINIT_Limit               
20017000  __start___llvm_prf_cnts        
20017000  __stop___llvm_prf_cnts         
20017000  _sys_memory                    
20017800  _ftable                        
200178f0  _device                        
20017968  _stream                        
200179b8  cursor_x                       
200179bc  cursor_y                       
200179c0  textsize                       
200179c4  textcolor                      
200179c8  textbgcolor                    
200179cc  wrap                           
200179d0  __TI_ft_end                    
200179d4  __aeabi_stdin                  
200179d8  __aeabi_stdout                 
200179dc  __aeabi_stderr                 
200179e0  __TI_cleanup_ptr               
200179e4  __TI_dtors_ptr                 
200179e8  __TI_enable_exit_profile_output
200179ec  _lock                          
200179f0  _unlock                        
200179fc  errno                          
20017a00  __CIOBUF_                      
20017b20  __TI_tmpnams                   
20017bc0  MessageRx                      
20017bc8  MessageTx                      
20017bd0  bitsequence                    
20017bd8  parmbuf                        
20017be4  index                          
2002f800  __stack                        
20030000  __STACK_END                    
ffffffff  __TI_pprof_out_hndl            
ffffffff  __TI_prof_data_size            
ffffffff  __TI_prof_data_start           
ffffffff  __binit__                      
ffffffff  __c_args__                     
ffffffff  binit                          
UNDEFED   __mpu_init                     
UNDEFED   _system_post_cinit             

[238 symbols]
