******************************************************************************
                  TI ARM Linker Unix v20.2.7                   
******************************************************************************
>> Linked Thu Jan 29 10:38:59 2026

OUTPUT FILE NAME:   <lab-3.out>
ENTRY POINT SYMBOL: "_c_int00_noargs"  address: 20008255


MEMORY CONFIGURATION

         name            origin    length      used     unused   attr    fill
----------------------  --------  ---------  --------  --------  ----  --------
  SRAM_CODE             20004000   00013000  00004e52  0000e1ae  RW X
  SRAM_DATA             20017000   00019000  00001250  00017db0  RW X


SEGMENT ALLOCATION MAP

run origin  load origin   length   init length attrs members
----------  ----------- ---------- ----------- ----- -------
20004000    20004000    00004e58   00004e58    r-x
  20004000    20004000    00000400   00000400    r-- .intvecs
  20004400    20004400    0000424e   0000424e    r-x .text
  20008650    20008650    000007bc   000007bc    r-- .const
  20008e10    20008e10    00000048   00000048    r-- .cinit
20017000    20017000    00000a50   00000000    rw-
  20017000    20017000    00000800   00000000    rw- .sysmem
  20017800    20017800    00000214   00000000    rw- .bss
  20017a14    20017a14    0000003c   00000000    rw- .data
2002f800    2002f800    00000800   00000000    rw-
  2002f800    2002f800    00000800   00000000    rw- .stack


SECTION ALLOCATION MAP

 output                                  attributes/
section   page    origin      length       input sections
--------  ----  ----------  ----------   ----------------
.intvecs   0    20004000    00000400     
                  20004000    00000400     startup_ccs.obj (.intvecs)

.init_array 
*          0    20004000    00000000     UNINITIALIZED

.text      0    20004400    0000424e     
                  20004400    00000a80     Adafruit_GFX.obj (.text)
                  20004e80    00000a4e     rtsv7M4_T_le_eabi.lib : _printfi.c.obj (.text:__TI_printfi)
                  200058ce    00000002                           : _lock.c.obj (.text:_nop)
                  200058d0    000004aa     Adafruit_OLED.obj (.text)
                  20005d7a    00000002     rtsv7M4_T_le_eabi.lib : div0.asm.obj (.text)
                  20005d7c    00000410     main.obj (.text)
                  2000618c    0000027c     uart_if.obj (.text)
                  20006408    00000268     rtsv7M4_T_le_eabi.lib : _printfi.c.obj (.text:_pconv_a)
                  20006670    000001cc                           : _printfi.c.obj (.text:_pconv_g)
                  2000683c    000001b6                           : fd_add_t2.asm.obj (.text)
                  200069f2    00000002     --HOLE-- [fill = 0]
                  200069f4    00000178     driverlib.a : prcm.obj (.text:PRCMCC3200MCUInit)
                  20006b6c    0000013c     rtsv7M4_T_le_eabi.lib : _printfi.c.obj (.text:_pconv_e)
                  20006ca8    00000136                           : fd_div_t2.asm.obj (.text)
                  20006dde    00000002     --HOLE-- [fill = 0]
                  20006de0    00000120                           : _printfi.c.obj (.text:fcvt)
                  20006f00    00000120     pin_mux_config.obj (.text)
                  20007020    00000100     rtsv7M4_T_le_eabi.lib : memory.c.obj (.text:aligned_alloc)
                  20007120    000000fc                           : fd_mul_t2.asm.obj (.text)
                  2000721c    000000e4                           : memory.c.obj (.text:free)
                  20007300    000000e4                           : memory.c.obj (.text:realloc)
                  200073e4    000000d0                           : s_scalbn.c.obj (.text:scalbn)
                  200074b4    000000b1                           : _printfi.c.obj (.text:_ltostr)
                  20007565    00000003     --HOLE-- [fill = 0]
                  20007568    000000a8     driverlib.a : interrupt.obj (.text:IntEnable)
                  20007610    000000a0                 : spi.obj (.text:SPIConfigSetExpClk)
                  200076b0    0000009c     rtsv7M4_T_le_eabi.lib : memcpy_t2.asm.obj (.text)
                  2000774c    00000096                           : ull_div_t2.asm.obj (.text)
                  200077e2    00000002     --HOLE-- [fill = 0]
                  200077e4    00000094     driverlib.a : prcm.obj (.text:PRCMPeripheralClockGet)
                  20007878    00000088                 : pin.obj (.text:PinConfigSet)
                  20007900    00000086     rtsv7M4_T_le_eabi.lib : fd_cmp_t2.asm.obj (.text:__aeabi_cdcmple)
                  20007986    00000086                           : fd_cmp_t2.asm.obj (.text:__aeabi_cdrcmple)
                  20007a0c    00000082     driverlib.a : gpio.obj (.text:GPIOIntTypeSet)
                  20007a8e    0000007a     rtsv7M4_T_le_eabi.lib : memset_t2.asm.obj (.text)
                  20007b08    00000076     driverlib.a : uart.obj (.text:UARTConfigSetExpClk)
                  20007b7e    00000002     --HOLE-- [fill = 0]
                  20007b80    00000070     rtsv7M4_T_le_eabi.lib : memory.c.obj (.text:split)
                  20007bf0    0000006e                           : _printfi.c.obj (.text:_mcpy)
                  20007c5e    00000068                           : copy_decompress_lzss.c.obj (.text:decompress:lzss:__TI_decompress_lzss)
                  20007cc6    00000002     --HOLE-- [fill = 0]
                  20007cc8    0000005c                           : s_frexp.c.obj (.text:frexp)
                  20007d24    00000058     driverlib.a : prcm.obj (.text:PRCMPeripheralReset)
                  20007d7c    00000056     rtsv7M4_T_le_eabi.lib : _printfi.c.obj (.text:_pconv_f)
                  20007dd2    00000054                           : _ltoa.c.obj (.text:__TI_ltoa)
                  20007e26    00000052                           : _printfi.c.obj (.text:_ecpy)
                  20007e78    0000004c                           : atoi.c.obj (.text:atoi)
                  20007ec4    00000048     driverlib.a : gpio.obj (.text:GPIOGetIntNumber)
                  20007f0c    00000048     rtsv7M4_T_le_eabi.lib : fd_toi_t2.asm.obj (.text)
                  20007f54    00000044                           : autoinit.c.obj (.text:__TI_auto_init_nobinit_nopinit:__TI_auto_init_nobinit_nopinit)
                  20007f98    00000040     driverlib.a : pin.obj (.text:PinModeSet)
                  20007fd8    00000040     rtsv7M4_T_le_eabi.lib : vsnprintf.c.obj (.text:vsnprintf)
                  20008018    0000003e                           : _printfi.c.obj (.text:_fcpy)
                  20008056    00000002     --HOLE-- [fill = 0]
                  20008058    0000003c     driverlib.a : prcm.obj (.text:PRCMPeripheralClkEnable)
                  20008094    00000036                 : gpio.obj (.text:GPIODirModeSet)
                  200080ca    00000030                 : pin.obj (.text:PinTypeGPIO)
                  200080fa    00000002     --HOLE-- [fill = 0]
                  200080fc    00000030                 : uart.obj (.text:UARTDisable)
                  2000812c    00000030     rtsv7M4_T_le_eabi.lib : vsnprintf.c.obj (.text:_outs)
                  2000815c    0000002e                           : i_tofd_t2.asm.obj (.text)
                  2000818a    00000002     --HOLE-- [fill = 0]
                  2000818c    0000002c     driverlib.a : prcm.obj (.text:PRCMSysResetCauseGet)
                  200081b8    00000028                 : prcm.obj (.text:PRCMPeripheralClkDisable)
                  200081e0    00000028     rtsv7M4_T_le_eabi.lib : memory.c.obj (.text:free_list_insert)
                  20008208    00000028                           : memmov.c.obj (.text:memmove)
                  20008230    00000024     driverlib.a : uart.obj (.text:UARTEnable)
                  20008254    00000024     rtsv7M4_T_le_eabi.lib : boot_cortex_m.c.obj (.text:_c_int00_noargs:_c_int00_noargs)
                  20008278    00000022     driverlib.a : gpio.obj (.text:GPIOIntStatus)
                  2000829a    00000022                 : spi.obj (.text:SPIReset)
                  200082bc    00000020                 : gpio.obj (.text:GPIOPinWrite)
                  200082dc    00000020                 : interrupt.obj (.text:IntRegister)
                  200082fc    00000020                 : spi.obj (.text:SPIDataGet)
                  2000831c    0000001e                 : gpio.obj (.text:GPIOIntRegister)
                  2000833a    0000001e                 : spi.obj (.text:SPIDataPut)
                  20008358    0000001e                 : uart.obj (.text:UARTCharPut)
                  20008376    00000002     --HOLE-- [fill = 0]
                  20008378    0000001c                 : systick.obj (.text:SysTickIntRegister)
                  20008394    0000001c                 : uart.obj (.text:UARTCharGetNonBlocking)
                  200083b0    0000001c     rtsv7M4_T_le_eabi.lib : copy_zero_init.c.obj (.text:decompress:ZI:__TI_zero_init_nomemset:__TI_zero_init_nomemset)
                  200083cc    0000001c                           : memory.c.obj (.text:free_list_remove)
                  200083e8    0000001c                           : memccpy.c.obj (.text:memccpy)
                  20008404    0000001a     driverlib.a : gpio.obj (.text:GPIOIntEnable)
                  2000841e    0000001a                 : pin.obj (.text:PinTypeSPI)
                  20008438    0000001a                 : pin.obj (.text:PinTypeUART)
                  20008452    0000001a                 : spi.obj (.text:SPIFIFOEnable)
                  2000846c    00000018                 : spi.obj (.text:SPICSDisable)
                  20008484    00000018                 : spi.obj (.text:SPICSEnable)
                  2000849c    00000018                 : spi.obj (.text:SPIEnable)
                  200084b4    00000018                 : systick.obj (.text:SysTickPeriodSet)
                  200084cc    00000018                 : uart.obj (.text:UARTCharsAvail)
                  200084e4    00000018     rtsv7M4_T_le_eabi.lib : vsnprintf.c.obj (.text:_outc)
                  200084fc    00000018                           : ll_mul_t2.asm.obj (.text)
                  20008514    00000016     driverlib.a : prcm.obj (.text:PRCMHIBRegRead)
                  2000852a    00000016                 : prcm.obj (.text:PRCMHIBRegWrite)
                  20008540    00000016                 : uart.obj (.text:UARTCharGet)
                  20008556    00000016     rtsv7M4_T_le_eabi.lib : strchr.c.obj (.text:strchr)
                  2000856c    00000014     driverlib.a : cpu.obj (.text:CPUcpsie)
                  20008580    00000014                 : gpio.obj (.text:GPIOIntClear)
                  20008594    00000014                 : interrupt.obj (.text:IntVTableBaseSet)
                  200085a8    00000014     rtsv7M4_T_le_eabi.lib : strlen.c.obj (.text:strlen)
                  200085bc    00000012                           : wcslen.c.obj (.text:wcslen)
                  200085ce    00000002     --HOLE-- [fill = 0]
                  200085d0    00000010     driverlib.a : systick.obj (.text:SysTickEnable)
                  200085e0    00000010                 : systick.obj (.text:SysTickIntEnable)
                  200085f0    0000000e     rtsv7M4_T_le_eabi.lib : copy_decompress_none.c.obj (.text:decompress:none:__TI_decompress_none)
                  200085fe    0000000e     startup_ccs.obj (.text)
                  2000860c    0000000c     driverlib.a : systick.obj (.text:SysTickValueGet)
                  20008618    0000000c     rtsv7M4_T_le_eabi.lib : s_copysign.c.obj (.text:copysign)
                  20008624    0000000a     driverlib.a : interrupt.obj (.text:IntMasterEnable)
                  2000862e    00000002     --HOLE-- [fill = 0]
                  20008630    00000008     rtsv7M4_T_le_eabi.lib : errno.c.obj (.text:__aeabi_errno_addr)
                  20008638    00000008                           : memory.c.obj (.text:malloc)
                  20008640    00000006     driverlib.a : utils.obj (.text:UtilsDelay)
                  20008646    00000004     rtsv7M4_T_le_eabi.lib : pre_init.c.obj (.text:_system_pre_init)
                  2000864a    00000004                           : exit.c.obj (.text:abort:abort)

.const     0    20008650    000007bc     
                  20008650    000004fb     Adafruit_GFX.obj (.const:.string:font)
                  20008b4b    00000101     rtsv7M4_T_le_eabi.lib : ctype.c.obj (.const:.string:_ctypes_)
                  20008c4c    00000100     driverlib.a : pin.obj (.const:g_ulPinToPadMap)
                  20008d4c    000000a8                 : prcm.obj (.const:PRCM_PeriphRegsList)
                  20008df4    00000018                 : interrupt.obj (.const:g_pulEnRegs)

.cinit     0    20008e10    00000048     
                  20008e10    00000020     (.cinit..data.load) [load image, compression = lzss]
                  20008e30    0000000c     (__TI_handler_table)
                  20008e3c    00000004     --HOLE-- [fill = 0]
                  20008e40    00000008     (.cinit..bss.load) [load image, compression = zero_init]
                  20008e48    00000010     (__TI_cinit_table)

.sysmem    0    20017000    00000800     UNINITIALIZED
                  20017000    00000010     rtsv7M4_T_le_eabi.lib : memory.c.obj (.sysmem)
                  20017010    000007f0     --HOLE--

.bss       0    20017800    00000214     UNINITIALIZED
                  20017800    00000190     (.common:g_pulseWidths)
                  20017990    00000040     (.common:MessageRx)
                  200179d0    00000040     (.common:MessageTx)
                  20017a10    00000004     uart_if.obj (.bss)

.data      0    20017a14    0000003c     UNINITIALIZED
                  20017a14    00000015     Adafruit_GFX.obj (.data)
                  20017a29    00000003     --HOLE--
                  20017a2c    00000010     main.obj (.data)
                  20017a3c    00000008     rtsv7M4_T_le_eabi.lib : _lock.c.obj (.data:$O1$$)
                  20017a44    00000008                           : memory.c.obj (.data:$O1$$)
                  20017a4c    00000004                           : errno.c.obj (.data)

.stack     0    2002f800    00000800     UNINITIALIZED
                  2002f800    00000004     rtsv7M4_T_le_eabi.lib : boot_cortex_m.c.obj (.stack)
                  2002f804    000007fc     --HOLE--

__llvm_prf_cnts 
*          0    20017000    00000000     UNINITIALIZED

MODULE SUMMARY

       Module                       code    ro data   rw data
       ------                       ----    -------   -------
    ./
       Adafruit_GFX.obj             2688    1275      21     
       main.obj                     1040    0         544    
       Adafruit_OLED.obj            1194    0         0      
       startup_ccs.obj              14      1024      0      
       uart_if.obj                  636     0         4      
       pin_mux_config.obj           288     0         0      
    +--+----------------------------+-------+---------+---------+
       Total:                       5860    2299      569    
                                                             
    /Applications/TI/ccs/tools/compiler/ti-cgt-arm_20.2.7.LTS/lib/rtsv7M4_T_le_eabi.lib
       _printfi.c.obj               4835    0         0      
       memory.c.obj                 900     0         8      
       fd_add_t2.asm.obj            438     0         0      
       fd_div_t2.asm.obj            310     0         0      
       fd_cmp_t2.asm.obj            268     0         0      
       ctype.c.obj                  0       257       0      
       fd_mul_t2.asm.obj            252     0         0      
       s_scalbn.c.obj               208     0         0      
       memcpy_t2.asm.obj            156     0         0      
       ull_div_t2.asm.obj           150     0         0      
       vsnprintf.c.obj              136     0         0      
       memset_t2.asm.obj            122     0         0      
       copy_decompress_lzss.c.obj   104     0         0      
       s_frexp.c.obj                92      0         0      
       _ltoa.c.obj                  84      0         0      
       atoi.c.obj                   76      0         0      
       fd_toi_t2.asm.obj            72      0         0      
       autoinit.c.obj               68      0         0      
       i_tofd_t2.asm.obj            46      0         0      
       memmov.c.obj                 40      0         0      
       boot_cortex_m.c.obj          36      0         0      
       copy_zero_init.c.obj         28      0         0      
       memccpy.c.obj                28      0         0      
       ll_mul_t2.asm.obj            24      0         0      
       strchr.c.obj                 22      0         0      
       strlen.c.obj                 20      0         0      
       wcslen.c.obj                 18      0         0      
       copy_decompress_none.c.obj   14      0         0      
       errno.c.obj                  8       0         4      
       s_copysign.c.obj             12      0         0      
       _lock.c.obj                  2       0         8      
       exit.c.obj                   4       0         0      
       pre_init.c.obj               4       0         0      
       div0.asm.obj                 2       0         0      
    +--+----------------------------+-------+---------+---------+
       Total:                       8579    257       20     
                                                             
    /Applications/TI/lib/cc3200sdk_1.5.0/cc3200-sdk/driverlib/ccs/Release/driverlib.a
       prcm.obj                     800     168       0      
       pin.obj                      300     256       0      
       gpio.obj                     398     0         0      
       spi.obj                      354     0         0      
       uart.obj                     306     0         0      
       interrupt.obj                230     24        0      
       systick.obj                  96      0         0      
       cpu.obj                      20      0         0      
       utils.obj                    6       0         0      
    +--+----------------------------+-------+---------+---------+
       Total:                       2510    448       0      
                                                             
       Heap:                        0       0         2048   
       Stack:                       0       0         2048   
       Linker Generated:            0       68        0      
    +--+----------------------------+-------+---------+---------+
       Grand Total:                 16949   3072      4685   


LINKER GENERATED COPY TABLES

__TI_cinit_table @ 20008e48 records: 2, size/record: 8, table size: 16
	.data: load addr=20008e10, load size=00000020 bytes, run addr=20017a14, run size=0000003c bytes, compression=lzss
	.bss: load addr=20008e40, load size=00000008 bytes, run addr=20017800, run size=00000214 bytes, compression=zero_init


LINKER GENERATED HANDLER TABLE

__TI_handler_table @ 20008e30 records: 3, size/record: 4, table size: 12
	index: 0, handler: __TI_decompress_lzss
	index: 1, handler: __TI_decompress_none
	index: 2, handler: __TI_zero_init


GLOBAL SYMBOLS: SORTED ALPHABETICALLY BY Name 

address   name                          
-------   ----                          
20005965  Adafruit_Init                 
2000864b  C$$EXIT                       
2000856d  CPUcpsie                      
200061cd  ClearTerm                     
20005adb  Color565                      
200061d7  Error                         
20008095  GPIODirModeSet                
20008581  GPIOIntClear                  
20008405  GPIOIntEnable                 
2000831d  GPIOIntRegister               
20008279  GPIOIntStatus                 
20007a0d  GPIOIntTypeSet                
200082bd  GPIOPinWrite                  
2000620f  GetCmd                        
2000618d  InitTerm                      
20007569  IntEnable                     
20008625  IntMasterEnable               
200082dd  IntRegister                   
20008595  IntVTableBaseSet              
200061ab  Message                       
20017990  MessageRx                     
200179d0  MessageTx                     
20017a38  MsgTxIdx                      
20004dab  Outstr                        
200069f5  PRCMCC3200MCUInit             
20008515  PRCMHIBRegRead                
2000852b  PRCMHIBRegWrite               
200081b9  PRCMPeripheralClkDisable      
20008059  PRCMPeripheralClkEnable       
200077e5  PRCMPeripheralClockGet        
20007d25  PRCMPeripheralReset           
2000818d  PRCMSysResetCauseGet          
20007879  PinConfigSet                  
20007f99  PinModeSet                    
20006f01  PinMuxConfig                  
200080cb  PinTypeGPIO                   
2000841f  PinTypeSPI                    
20008439  PinTypeUART                   
2000634d  Report                        
200085ff  ResetISR                      
2000846d  SPICSDisable                  
20008485  SPICSEnable                   
20007611  SPIConfigSetExpClk            
200082fd  SPIDataGet                    
2000833b  SPIDataPut                    
2000849d  SPIEnable                     
20008453  SPIFIFOEnable                 
2000829b  SPIReset                      
200085d1  SysTickEnable                 
200085e1  SysTickIntEnable              
20008379  SysTickIntRegister            
200084b5  SysTickPeriodSet              
2000860d  SysTickValueGet               
200062b5  TrimSpace                     
20008541  UARTCharGet                   
20008395  UARTCharGetNonBlocking        
20008359  UARTCharPut                   
200084cd  UARTCharsAvail                
20007b09  UARTConfigSetExpClk           
200080fd  UARTDisable                   
20008231  UARTEnable                    
20008641  UtilsDelay                    
20030000  __STACK_END                   
00000800  __STACK_SIZE                  
00000800  __SYSMEM_SIZE                 
20008e48  __TI_CINIT_Base               
20008e58  __TI_CINIT_Limit              
20008e30  __TI_Handler_Table_Base       
20008e3c  __TI_Handler_Table_Limit      
20007f55  __TI_auto_init_nobinit_nopinit
20007c5f  __TI_decompress_lzss          
200085f1  __TI_decompress_none          
20007dd3  __TI_ltoa                     
ffffffff  __TI_pprof_out_hndl           
20004e81  __TI_printfi                  
ffffffff  __TI_prof_data_size           
ffffffff  __TI_prof_data_start          
20008e10  __TI_static_base__            
200083b1  __TI_zero_init_nomemset       
20007901  __aeabi_cdcmpeq               
20007901  __aeabi_cdcmple               
20007987  __aeabi_cdrcmple              
20007f0d  __aeabi_d2iz                  
20006847  __aeabi_dadd                  
20006ca9  __aeabi_ddiv                  
20007121  __aeabi_dmul                  
2000683d  __aeabi_dsub                  
20008631  __aeabi_errno_addr            
2000815d  __aeabi_i2d                   
20005d7b  __aeabi_idiv0                 
20005d7b  __aeabi_ldiv0                 
200084fd  __aeabi_lmul                  
20007a8f  __aeabi_memclr                
20007a8f  __aeabi_memclr4               
20007a8f  __aeabi_memclr8               
200076b1  __aeabi_memcpy                
200076b1  __aeabi_memcpy4               
200076b1  __aeabi_memcpy8               
20007a91  __aeabi_memset                
20007a91  __aeabi_memset4               
20007a91  __aeabi_memset8               
2000774d  __aeabi_uldivmod              
ffffffff  __binit__                     
ffffffff  __c_args__                    
UNDEFED   __mpu_init                    
2002f800  __stack                       
20017000  __start___llvm_prf_cnts       
20017000  __stop___llvm_prf_cnts        
20008255  _c_int00_noargs               
20008b4b  _ctypes_                      
20017a3c  _lock                         
200058cf  _nop                          
20017000  _sys_memory                   
UNDEFED   _system_post_cinit            
20008647  _system_pre_init              
20017a40  _unlock                       
2000864b  abort                         
20007021  aligned_alloc                 
20007e79  atoi                          
ffffffff  binit                         
20008619  copysign                      
20008619  copysignl                     
20017a14  cursor_x                      
20017a18  cursor_y                      
20004c5f  drawChar                      
20004401  drawCircle                    
20004535  drawCircleHelper              
20005c85  drawFastHLine                 
20005be5  drawFastVLine                 
2000477b  drawLine                      
20005d21  drawPixel                     
20004867  drawRect                      
200048b5  drawRoundRect                 
20004a1d  drawTriangle                  
20017a4c  errno                         
20004653  fillCircle                    
2000468d  fillCircleHelper              
20005b33  fillRect                      
200049a3  fillRoundRect                 
20005b1d  fillScreen                    
20004a5f  fillTriangle                  
2000721d  free                          
20007cc9  frexp                         
20007cc9  frexpl                        
20004000  g_pfnVectors                  
20017a2c  g_pulseIdx                    
20017a30  g_pulseReady                  
20017800  g_pulseWidths                 
20017a34  g_systickExpired              
20005a97  goTo                          
20004e5f  height                        
20005d5f  invert                        
200073e5  ldexp                         
200073e5  ldexpl                        
20005fbd  main                          
20008639  malloc                        
20007021  memalign                      
200083e9  memccpy                       
200076b1  memcpy                        
20008209  memmove                       
20007a97  memset                        
20007301  realloc                       
200073e5  scalbn                        
200073e5  scalbnl                       
20004df7  setCursor                     
20004e2f  setTextColor                  
20004e0f  setTextSize                   
20004e47  setTextWrap                   
20008557  strchr                        
200085a9  strlen                        
20017a24  textbgcolor                   
20017a20  textcolor                     
20017a1c  textsize                      
20007fd9  vsnprintf                     
200085bd  wcslen                        
20004e5b  width                         
20017a28  wrap                          
200058d1  writeCommand                  
2000591b  writeData                     


GLOBAL SYMBOLS: SORTED BY Symbol Address 

address   name                          
-------   ----                          
00000800  __STACK_SIZE                  
00000800  __SYSMEM_SIZE                 
20004000  g_pfnVectors                  
20004401  drawCircle                    
20004535  drawCircleHelper              
20004653  fillCircle                    
2000468d  fillCircleHelper              
2000477b  drawLine                      
20004867  drawRect                      
200048b5  drawRoundRect                 
200049a3  fillRoundRect                 
20004a1d  drawTriangle                  
20004a5f  fillTriangle                  
20004c5f  drawChar                      
20004dab  Outstr                        
20004df7  setCursor                     
20004e0f  setTextSize                   
20004e2f  setTextColor                  
20004e47  setTextWrap                   
20004e5b  width                         
20004e5f  height                        
20004e81  __TI_printfi                  
200058cf  _nop                          
200058d1  writeCommand                  
2000591b  writeData                     
20005965  Adafruit_Init                 
20005a97  goTo                          
20005adb  Color565                      
20005b1d  fillScreen                    
20005b33  fillRect                      
20005be5  drawFastVLine                 
20005c85  drawFastHLine                 
20005d21  drawPixel                     
20005d5f  invert                        
20005d7b  __aeabi_idiv0                 
20005d7b  __aeabi_ldiv0                 
20005fbd  main                          
2000618d  InitTerm                      
200061ab  Message                       
200061cd  ClearTerm                     
200061d7  Error                         
2000620f  GetCmd                        
200062b5  TrimSpace                     
2000634d  Report                        
2000683d  __aeabi_dsub                  
20006847  __aeabi_dadd                  
200069f5  PRCMCC3200MCUInit             
20006ca9  __aeabi_ddiv                  
20006f01  PinMuxConfig                  
20007021  aligned_alloc                 
20007021  memalign                      
20007121  __aeabi_dmul                  
2000721d  free                          
20007301  realloc                       
200073e5  ldexp                         
200073e5  ldexpl                        
200073e5  scalbn                        
200073e5  scalbnl                       
20007569  IntEnable                     
20007611  SPIConfigSetExpClk            
200076b1  __aeabi_memcpy                
200076b1  __aeabi_memcpy4               
200076b1  __aeabi_memcpy8               
200076b1  memcpy                        
2000774d  __aeabi_uldivmod              
200077e5  PRCMPeripheralClockGet        
20007879  PinConfigSet                  
20007901  __aeabi_cdcmpeq               
20007901  __aeabi_cdcmple               
20007987  __aeabi_cdrcmple              
20007a0d  GPIOIntTypeSet                
20007a8f  __aeabi_memclr                
20007a8f  __aeabi_memclr4               
20007a8f  __aeabi_memclr8               
20007a91  __aeabi_memset                
20007a91  __aeabi_memset4               
20007a91  __aeabi_memset8               
20007a97  memset                        
20007b09  UARTConfigSetExpClk           
20007c5f  __TI_decompress_lzss          
20007cc9  frexp                         
20007cc9  frexpl                        
20007d25  PRCMPeripheralReset           
20007dd3  __TI_ltoa                     
20007e79  atoi                          
20007f0d  __aeabi_d2iz                  
20007f55  __TI_auto_init_nobinit_nopinit
20007f99  PinModeSet                    
20007fd9  vsnprintf                     
20008059  PRCMPeripheralClkEnable       
20008095  GPIODirModeSet                
200080cb  PinTypeGPIO                   
200080fd  UARTDisable                   
2000815d  __aeabi_i2d                   
2000818d  PRCMSysResetCauseGet          
200081b9  PRCMPeripheralClkDisable      
20008209  memmove                       
20008231  UARTEnable                    
20008255  _c_int00_noargs               
20008279  GPIOIntStatus                 
2000829b  SPIReset                      
200082bd  GPIOPinWrite                  
200082dd  IntRegister                   
200082fd  SPIDataGet                    
2000831d  GPIOIntRegister               
2000833b  SPIDataPut                    
20008359  UARTCharPut                   
20008379  SysTickIntRegister            
20008395  UARTCharGetNonBlocking        
200083b1  __TI_zero_init_nomemset       
200083e9  memccpy                       
20008405  GPIOIntEnable                 
2000841f  PinTypeSPI                    
20008439  PinTypeUART                   
20008453  SPIFIFOEnable                 
2000846d  SPICSDisable                  
20008485  SPICSEnable                   
2000849d  SPIEnable                     
200084b5  SysTickPeriodSet              
200084cd  UARTCharsAvail                
200084fd  __aeabi_lmul                  
20008515  PRCMHIBRegRead                
2000852b  PRCMHIBRegWrite               
20008541  UARTCharGet                   
20008557  strchr                        
2000856d  CPUcpsie                      
20008581  GPIOIntClear                  
20008595  IntVTableBaseSet              
200085a9  strlen                        
200085bd  wcslen                        
200085d1  SysTickEnable                 
200085e1  SysTickIntEnable              
200085f1  __TI_decompress_none          
200085ff  ResetISR                      
2000860d  SysTickValueGet               
20008619  copysign                      
20008619  copysignl                     
20008625  IntMasterEnable               
20008631  __aeabi_errno_addr            
20008639  malloc                        
20008641  UtilsDelay                    
20008647  _system_pre_init              
2000864b  C$$EXIT                       
2000864b  abort                         
20008b4b  _ctypes_                      
20008e10  __TI_static_base__            
20008e30  __TI_Handler_Table_Base       
20008e3c  __TI_Handler_Table_Limit      
20008e48  __TI_CINIT_Base               
20008e58  __TI_CINIT_Limit              
20017000  __start___llvm_prf_cnts       
20017000  __stop___llvm_prf_cnts        
20017000  _sys_memory                   
20017800  g_pulseWidths                 
20017990  MessageRx                     
200179d0  MessageTx                     
20017a14  cursor_x                      
20017a18  cursor_y                      
20017a1c  textsize                      
20017a20  textcolor                     
20017a24  textbgcolor                   
20017a28  wrap                          
20017a2c  g_pulseIdx                    
20017a30  g_pulseReady                  
20017a34  g_systickExpired              
20017a38  MsgTxIdx                      
20017a3c  _lock                         
20017a40  _unlock                       
20017a4c  errno                         
2002f800  __stack                       
20030000  __STACK_END                   
ffffffff  __TI_pprof_out_hndl           
ffffffff  __TI_prof_data_size           
ffffffff  __TI_prof_data_start          
ffffffff  __binit__                     
ffffffff  __c_args__                    
ffffffff  binit                         
UNDEFED   __mpu_init                    
UNDEFED   _system_post_cinit            

[179 symbols]
